AI CHESSATHON MATCH LOG
=======================

MATCH
  Round          Rated 28
  Team           Finlay Phillips
  Colour         White
  Opponent       Neural Gambit
  Opening        Petroff Defence
  Start FEN      rnbqk2r/ppp2ppp/3b4/3p4/3Pn3/2PB1N1P/PP3PP1/RNBQK2R b KQkq - 2 8
  You moved      Second
  Machine        w-71e58d
  Finished       2026-09-05 19:06:14 UTC
  Match ID       cae9fa04-525c-409b-9bcf-882b3b360b6f

INIT
  Ready in       44.4 s
  Budget         90.0 s
  Used           49 percent

CLOCK
  Base           120.0 s plus 0.5 s per move
  Moves          61
  Time used      142.5 s
  Slowest        5.2 s on move 40
  Fastest        0.0 s on move 42
  Average        2.3 s
  Left at end    8.0 s

RESULT
  Won by checkmate
  Game lasted 263.4 s

MOVES
    #  move          time     clock left
    1  Qc2           4.8 s      115.7 s
    2  Be3           4.1 s      112.2 s
    3  Nbd2          1.8 s      110.9 s
    4  O-O           3.3 s      108.1 s
    5  a3            4.3 s      104.3 s
    6  Rad1          4.1 s      100.6 s
    7  Nxe4          2.8 s       98.4 s
    8  Bxe4          2.3 s       96.6 s
    9  Nd2           4.5 s       92.6 s
   10  Rfe1          3.4 s       89.7 s
   11  Kf1           2.1 s       88.1 s
   12  gxh3          3.8 s       84.8 s
   13  Bg2           2.5 s       82.8 s
   14  Bxb7          4.8 s       78.5 s
   15  Nc4           2.6 s       76.4 s
   16  Qd3           3.7 s       73.2 s
   17  Bh1           4.8 s       68.9 s
   18  Rc1           4.7 s       64.7 s
   19  Qd1           4.6 s       60.6 s
   20  Ke2           1.7 s       59.4 s
   21  d5            3.9 s       56.0 s
   22  Bxd5          2.0 s       54.5 s
   23  Qd4           1.9 s       53.1 s
   24  fxe3          2.2 s       51.4 s
   25  Bxe6          1.9 s       50.0 s
   26  Rf1           4.8 s       45.7 s
   27  Qd3+          3.5 s       42.7 s
   28  Qd5           2.3 s       40.9 s
   29  Rf7+          2.0 s       39.4 s
   30  Qxf7+         1.9 s       38.0 s
   31  Qf8+          4.6 s       33.9 s
   32  Kd3           1.1 s       33.3 s
   33  Qf6           2.6 s       31.2 s
   34  Qxa6          2.8 s       28.9 s
   35  Qe6           1.8 s       27.5 s
   36  Qe4           3.5 s       24.5 s
   37  a4            1.4 s       23.6 s
   38  Qf4+          1.7 s       22.5 s
   39  Qe5+          3.0 s       19.9 s
   40  Qe4           5.2 s       15.2 s
   41  Qe6           1.5 s       14.2 s
   42  Kd4           0.0 s       14.7 s
   43  Qd5+          1.0 s       14.2 s
   44  Kc5           1.0 s       13.7 s
   45  Kb6           1.3 s       12.8 s
   46  Rd1           1.1 s       12.2 s
   47  a5            1.3 s       11.4 s
   48  a6            0.5 s       11.4 s
   49  a7            1.0 s       10.9 s
   50  Nxe3          1.2 s       10.2 s
   51  Ka6           1.4 s        9.4 s
   52  c4            2.4 s        7.5 s
   53  a8=Q          1.2 s        6.7 s
   54  Kb6           0.5 s        6.7 s
   55  Kc6           1.4 s        5.8 s
   56  Qxe4          0.7 s        5.6 s
   57  Qh8+          0.0 s        6.1 s
   58  Rd3           0.0 s        6.6 s
   59  Qxh1          0.0 s        7.1 s
   60  Rxf3+         0.0 s        7.5 s
   61  Qexf3#        0.0 s        8.0 s

OUTPUT
  2,139 bytes on stderr

  S4 p0 d13 n2845687 s3 t4748 b3360
  S4 p2 d14 n2434627 s4 t4054 b2728
  S4 p4 d14 n1107445 s8 t1807 b2615
  S4 p6 d13 n1881711 s2 t3291 b2609
  S4 p8 d13 n2387414 s1 t4313 b3256
  S4 p10 d13 n2215279 s49 t4120 b3050
  S4 p12 d14 n1599289 s82 t2781 b2495
  S4 p14 d15 n1326226 s79 t2268 b2508
  S4 p16 d13 n2179788 s34 t4486 b2602
  S4 p18 d13 n1667631 s71 t3370 b2425
  S4 p20 d13 n1149832 s187 t2086 b2442
  S4 p22 d14 n1983716 s240 t3786 b4087
  S4 p24 d15 n1349856 s235 t2524 b2629
  S4 p26 d13 n2314257 s259 t4785 b2849
  S4 p28 d12 n1221509 s293 t2575 b2298
  S4 p30 d11 n1658985 s275 t3730 b2747
  S4 p32 d12 n2256944 s219 t4836 b4103
  S4 p34 d12 n2247885 s218 t4673 b6222
  S4 p36 d12 n2111793 s238 t4589 b2430
  S4 p38 d13 n787473 s237 t1686 b2064
  S4 p40 d13 n1985865 s164 t3909 b3945
  S4 p42 d13 n957626 s140 t1946 b1827
  S4 p44 d12 n919350 s152 t1885 b1850
  S4 p46 d12 n1059275 s129 t2230 b3090
  S4 p48 d12 n926016 s155 t1895 b1794
  S4 p50 d12 n2199261 s138 t4796 b2105
  S4 p52 d11 n1595264 s146 t3524 b4945
  S4 p54 d12 n1102012 s163 t2317 b1779
  S4 p56 d12 n1091157 s245 t1968 b1730
  S4 p58 d12 n1017958 s241 t1882 b1776
  S4 p60 d12 n2606689 s237 t4552 b1860
  S4 p62 d11 n674595 s239 t1125 b1652
  S4 p64 d13 n1472594 s265 t2613 b2001
  S4 p66 d12 n1556733 s250 t2801 b1633
  S4 p68 d12 n980515 s262 t1836 b1484
  S4 p70 d13 n1848918 s276 t3513 b2472
  S4 p72 d12 n731893 s263 t1377 b1348
  S4 p74 d12 n858668 s259 t1667 b1240
  S4 p76 d12 n1576593 s230 t3008 b1619
  S4 p78 d13 n2675712 s251 t5228 b1286
  S4 p80 d14 n796959 s193 t1521 b893
  S4 p84 d10 n556281 s255 t1022 b843
  S4 p86 d10 n546825 s293 t991 b989
  S4 p88 d11 n729019 s264 t1332 b1480
  S4 p90 d11 n624885 s340 t1105 b759
  S4 p92 d11 n727888 s384 t1291 b1256
  S4 p94 d10 n285296 s374 t517 b739
  S4 p96 d11 n444938 s474 t972 b712
  S4 p98 d10 n514860 s615 t1177 b1227
  S4 p100 d10 n569060 s623 t1352 b1380
  S4 p102 d10 n1124018 s928 t2407 b2107
  S4 p104 d10 n585298 s923 t1233 b961
  S4 p106 d11 n282862 s923 t539 b531
  S4 p108 d9 n580562 s1672 t1383 b1704
  S4 p110 d8 n283012 s2576 t698 b1021
  S4 p112 d1 n78 s31991 t0 b677
  S4 p114 d1 n183 s31993 t0 b707
  S4 p116 d1 n124 s31995 t0 b717
  S4 p118 d1 n128 s31997 t5 b768
  S4 p120 d1 n73 s31999 t0 b902

Email hello@aichessathon.com with this file if anything here is unclear.
