AI CHESSATHON MATCH LOG
=======================

MATCH
  Round          Rated 29
  Team           Finlay Phillips
  Colour         Black
  Opponent       FuzzyBot
  Opening        Sicilian Dragon
  Start FEN      rn1qkb1r/pp1bpp1p/3p1np1/8/3NP3/2N5/PPP1BPPP/R1BQK2R b KQkq - 3 7
  You moved      First
  Machine        w-ea5cae
  Finished       2026-09-05 20:08:51 UTC
  Match ID       2e053bf5-188b-4547-b7a0-1ee675898ed9

INIT
  Ready in       40.6 s
  Budget         90.0 s
  Used           45 percent

CLOCK
  Base           120.0 s plus 0.5 s per move
  Moves          189
  Time used      212.3 s
  Slowest        8.5 s on move 40
  Fastest        0.0 s on move 189
  Average        1.1 s
  Left at end    2.2 s

RESULT
  Drawn by fifty moves
  Game lasted 400.7 s

MOVES
    #  move          time     clock left
    1  Bg7           3.1 s      117.4 s
    2  O-O           2.2 s      115.7 s
    3  Nc6           2.9 s      113.3 s
    4  Ne5           4.7 s      109.1 s
    5  a5            4.9 s      104.8 s
    6  Neg4          2.4 s      102.9 s
    7  h6            2.3 s      101.1 s
    8  Rc8           2.6 s       98.9 s
    9  Ne5           2.0 s       97.4 s
   10  Nc6           2.7 s       95.2 s
   11  Be6           1.9 s       93.8 s
   12  Nxe4          5.5 s       88.8 s
   13  d5            1.6 s       87.7 s
   14  dxc4          3.2 s       85.0 s
   15  fxe6          2.2 s       83.3 s
   16  Nd4           2.8 s       81.0 s
   17  Nf5           1.9 s       79.5 s
   18  Kf7           2.0 s       78.0 s
   19  Bf6           2.8 s       75.7 s
   20  Qd3           2.3 s       73.9 s
   21  Qxe4          2.5 s       71.9 s
   22  Rb8           7.6 s       64.8 s
   23  Nd6           2.0 s       63.3 s
   24  b6            2.3 s       61.5 s
   25  Rfc8          2.2 s       59.8 s
   26  Rc7           2.8 s       57.5 s
   27  b5            2.7 s       55.3 s
   28  bxa4          3.5 s       52.3 s
   29  Bg7           2.4 s       50.4 s
   30  hxg5          3.8 s       47.1 s
   31  Rxb2          1.9 s       45.7 s
   32  Bxc3          1.9 s       44.3 s
   33  Bxa1          2.4 s       42.4 s
   34  Rc8           2.4 s       40.5 s
   35  c3            3.5 s       37.5 s
   36  c2            1.8 s       36.2 s
   37  Rc4           2.7 s       34.0 s
   38  Rd4           2.1 s       32.4 s
   39  Nf5           3.3 s       29.5 s
   40  Rxh4          8.5 s       21.6 s
   41  Rc4           1.5 s       20.6 s
   42  Rg4           0.9 s       20.2 s
   43  Rd4           1.0 s       19.7 s
   44  Rc4           1.4 s       18.9 s
   45  Rc3           2.1 s       17.3 s
   46  a3            1.6 s       16.2 s
   47  a2            4.5 s       12.2 s
   48  Rc4           0.7 s       11.9 s
   49  Kg8           1.5 s       11.0 s
   50  Rc5           0.9 s       10.5 s
   51  Ng3           0.9 s       10.2 s
   52  Rxg5          0.7 s       10.0 s
   53  Ra5           0.8 s        9.7 s
   54  g5            3.4 s        6.8 s
   55  Ra7           0.6 s        6.7 s
   56  Kf7           0.7 s        6.5 s
   57  Nf5           0.5 s        6.5 s
   58  Kg6           1.0 s        6.0 s
   59  Nd6           1.1 s        5.4 s
   60  Ra6           0.9 s        5.0 s
   61  Ra5           1.1 s        4.4 s
   62  Rf5           1.3 s        3.6 s
   63  Rf2           0.5 s        3.6 s
   64  Nf5           1.5 s        2.6 s
   65  Nh6           1.1 s        2.1 s
   66  Nf5           0.6 s        2.0 s
   67  Ne3           0.6 s        1.9 s
   68  Nd5           0.2 s        2.2 s
   69  Nb4           0.7 s        2.0 s
   70  g4            0.4 s        2.1 s
   71  Re2           0.9 s        1.7 s
   72  g3            0.2 s        1.9 s
   73  Kg5           0.7 s        1.8 s
   74  Kf5           0.4 s        1.9 s
   75  Nd3           0.2 s        2.1 s
   76  e5            0.3 s        2.3 s
   77  Kg5           0.5 s        2.3 s
   78  e4            1.1 s        1.7 s
   79  Nf2           0.2 s        1.9 s
   80  Kf4           0.3 s        2.1 s
   81  Ke3           0.5 s        2.1 s
   82  Kf4           0.5 s        2.1 s
   83  Kf5           0.8 s        1.9 s
   84  Kg5           0.6 s        1.8 s
   85  Kh4           0.5 s        1.8 s
   86  Kg3           0.2 s        2.1 s
   87  Nd3           0.3 s        2.3 s
   88  Kf4           0.8 s        2.0 s
   89  Kxe4          0.9 s        1.7 s
   90  Nc5+          0.3 s        1.9 s
   91  Rc2           0.7 s        1.7 s
   92  Nd3+          0.4 s        1.7 s
   93  Nc1           1.0 s        1.2 s
   94  Nd3           0.6 s        1.1 s
   95  Ke3           0.3 s        1.4 s
   96  Rd2           0.8 s        1.0 s
   97  Kf3           0.6 s        0.9 s
   98  Rg2           0.3 s        1.1 s
   99  Kf4           0.4 s        1.2 s
  100  Ke4           0.3 s        1.4 s
  101  Rc2           0.3 s        1.6 s
  102  Kd5           0.7 s        1.4 s
  103  Re2           0.5 s        1.4 s
  104  Kc4           0.5 s        1.5 s
  105  Rd2           0.5 s        1.4 s
  106  Rg2           0.7 s        1.2 s
  107  Rg6           0.7 s        1.0 s
  108  Kb5           0.5 s        1.1 s
  109  Ra6+          0.3 s        1.3 s
  110  Nc5+          0.2 s        1.6 s
  111  Ra8           0.3 s        1.8 s
  112  Kc4           0.5 s        1.8 s
  113  Kd5           0.2 s        2.0 s
  114  Re8           0.9 s        1.6 s
  115  Re4           0.5 s        1.7 s
  116  Ra4           0.2 s        1.9 s
  117  Rg4           0.3 s        2.1 s
  118  Rg2+          0.3 s        2.3 s
  119  Re2           1.6 s        1.2 s
  120  Kc6           0.3 s        1.4 s
  121  Re4+          0.4 s        1.5 s
  122  Ra4+          0.5 s        1.5 s
  123  Kd5           0.4 s        1.6 s
  124  Kd6           1.2 s        0.9 s
  125  Ne6           0.3 s        1.1 s
  126  Kd5           0.5 s        1.1 s
  127  Nf4           0.3 s        1.2 s
  128  Ne2           0.6 s        1.2 s
  129  Nd4           0.3 s        1.4 s
  130  Ra8           0.4 s        1.5 s
  131  Kc4           0.3 s        1.7 s
  132  Nf5           1.0 s        1.2 s
  133  Kb4           0.8 s        0.9 s
  134  Nd4           0.3 s        1.1 s
  135  Kc4           0.5 s        1.1 s
  136  Rd8           0.2 s        1.4 s
  137  Rh8           0.3 s        1.6 s
  138  Kc5           0.4 s        1.7 s
  139  Kxd4          0.3 s        1.8 s
  140  Kd5           0.1 s        2.2 s
  141  Rb8+          0.5 s        2.2 s
  142  Ra8           0.6 s        2.1 s
  143  Rh8           0.3 s        2.3 s
  144  Rg8           0.3 s        2.5 s
  145  Rg2           0.4 s        2.6 s
  146  Ke6           0.3 s        2.8 s
  147  Kf7           1.1 s        2.2 s
  148  Kg8           0.3 s        2.4 s
  149  Kf8           0.8 s        2.0 s
  150  Ra2           1.0 s        1.5 s
  151  Kg8           0.2 s        1.8 s
  152  Kh7           0.9 s        1.4 s
  153  Kh6           0.6 s        1.3 s
  154  Kg6           0.2 s        1.5 s
  155  Kh7           0.2 s        1.8 s
  156  Kg8           0.7 s        1.6 s
  157  Kf8           0.5 s        1.6 s
  158  Ke8           0.8 s        1.3 s
  159  Kd8           0.7 s        1.2 s
  160  Rg2           0.6 s        1.0 s
  161  Ke8           0.2 s        1.3 s
  162  Kf8           0.2 s        1.6 s
  163  Re2           0.8 s        1.3 s
  164  Kg8           0.2 s        1.6 s
  165  Kh7           0.8 s        1.3 s
  166  Kh6           0.2 s        1.6 s
  167  Kg6           0.2 s        1.9 s
  168  Kh7           1.4 s        1.0 s
  169  Kg8           0.2 s        1.2 s
  170  Kf8           0.2 s        1.5 s
  171  Ke8           0.2 s        1.8 s
  172  Kf7           0.6 s        1.7 s
  173  Ke7           0.3 s        1.9 s
  174  Ke8           1.1 s        1.4 s
  175  Kd8           0.6 s        1.3 s
  176  Rc2           0.2 s        1.5 s
  177  Ke8           0.6 s        1.4 s
  178  Kf8           0.2 s        1.7 s
  179  Kg8           0.5 s        1.7 s
  180  Kh7           0.8 s        1.4 s
  181  Kh6           0.5 s        1.4 s
  182  Kg6           0.2 s        1.7 s
  183  Kh7           0.9 s        1.3 s
  184  Kg8           0.2 s        1.6 s
  185  Kf8           0.7 s        1.4 s
  186  Rc4           0.4 s        1.5 s
  187  Kg8           0.3 s        1.8 s
  188  Kh7           0.5 s        1.7 s
  189  Kg8           0.0 s        2.2 s

OUTPUT
  6,564 bytes on stderr

  S4 p0 d14 n2383140 s-1 t3126 b2724
  S4 p2 d14 n1621031 s1 t2204 b2692
  S4 p4 d14 n2074220 s-5 t2861 b2668
  S4 p6 d13 n3015376 s15 t4668 b7100
  S4 p8 d14 n3270905 s19 t4852 b3206
  S4 p10 d13 n1745953 s17 t2351 b2606
  S4 p12 d12 n1590773 s22 t2332 b2527
  S4 p14 d13 n1846645 s22 t2647 b3923
  S4 p16 d14 n1389431 s19 t1989 b2503
  S4 p18 d15 n1996320 s13 t2728 b2525
  S4 p20 d14 n1267486 s34 t1876 b2514
  S4 p22 d14 n3369092 s28 t5543 b6483
  S4 p24 d15 n1198027 s28 t1611 b2470
  S4 p26 d16 n2000555 s5 t3159 b4102
  S4 p28 d16 n1303306 s-5 t2180 b2465
  S4 p30 d15 n2003375 s69 t2829 b2485
  S4 p32 d14 n1200183 s59 t1938 b2573
  S4 p34 d14 n1289906 s64 t1997 b2442
  S4 p36 d14 n1688486 s81 t2819 b2415
  S4 p38 d15 n1362162 s88 t2292 b2884
  S4 p40 d14 n1896745 s85 t2510 b2549
  S4 p42 d15 n5925975 s75 t7587 b3621
  S4 p44 d15 n1591839 s62 t2030 b2712
  S4 p46 d13 n1823403 s67 t2294 b2698
  S4 p48 d14 n1558599 s79 t2227 b3210
  S4 p50 d15 n2219792 s80 t2759 b2603
  S4 p52 d16 n1965868 s80 t2695 b2609
  S4 p54 d16 n2744003 s105 t3511 b2639
  S4 p56 d16 n1933344 s100 t2370 b2434
  S4 p58 d17 n3186655 s163 t3824 b4418
  S4 p60 d18 n1611842 s192 t1883 b2385
  S4 p62 d19 n1721670 s195 t1920 b2391
  S4 p64 d19 n2119238 s190 t2396 b2364
  S4 p66 d19 n1957332 s201 t2348 b2454
  S4 p68 d19 n2780792 s194 t3527 b2501
  S4 p70 d17 n1295982 s208 t1776 b2301
  S4 p72 d17 n2033161 s208 t2700 b2162
  S4 p74 d16 n1659170 s199 t2138 b2157
  S4 p76 d17 n2366576 s193 t3336 b2189
  S4 p78 d16 n6338891 s163 t8453 b3943
  S4 p80 d13 n1064694 s191 t1455 b1730
  S4 p82 d13 n697680 s194 t922 b1318
  S4 p84 d12 n661032 s187 t951 b1292
  S4 p86 d13 n888213 s262 t1354 b1573
  S4 p88 d14 n1566374 s191 t2097 b2052
  S4 p90 d14 n1105186 s185 t1566 b2312
  S4 p92 d15 n3060739 s129 t4492 b3750
  S4 p94 d14 n548463 s125 t746 b880
  S4 p96 d12 n996313 s127 t1463 b2094
  S4 p98 d12 n581546 s127 t930 b1209
  S4 p100 d14 n585019 s176 t880 b779
  S4 p102 d13 n491149 s175 t666 b753
  S4 p104 d14 n583576 s171 t801 b739
  S4 p106 d12 n2525796 s124 t3379 b2390
  S4 p108 d13 n445342 s3 t638 b602
  S4 p110 d13 n491434 s15 t673 b563
  S4 p112 d12 n349633 s-10 t486 b552
  S4 p114 d12 n658138 s120 t981 b608
  S4 p116 d11 n705555 s154 t1076 b1341
  S4 p118 d11 n552736 s141 t879 b857
  S4 p120 d10 n685472 s135 t1101 b969
  S4 p122 d12 n920015 s33 t1331 b1152
  S4 p124 d11 n381096 s42 t500 b412
  S4 p126 d10 n984980 s87 t1449 b1234
  S4 p128 d11 n748594 s46 t1047 b1091
  S4 p130 d11 n395698 s-75 t596 b419
  S4 p132 d12 n405614 s-18 t558 b533
  S4 p134 d9 n146570 s81 t230 b338
  S4 p136 d11 n521756 s31 t720 b748
  S4 p138 d9 n248165 s3 t388 b385
  S4 p140 d10 n557277 s-59 t908 b967
  S4 p142 d9 n160705 s61 t245 b290
  S4 p144 d9 n358781 s30 t669 b790
  S4 p146 d9 n223199 s2 t388 b428
  S4 p148 d9 n128720 s33 t245 b301
  S4 p150 d9 n146756 s21 t266 b317
  S4 p152 d11 n315728 s29 t529 b432
  S4 p154 d9 n667099 s47 t1131 b1118
  S4 p156 d9 n154984 s71 t230 b297
  S4 p158 d10 n210457 s47 t323 b326
  S4 p160 d11 n376009 s36 t534 b769
  S4 p162 d12 n304486 s0 t451 b310
  S4 p164 d11 n502333 s39 t763 b494
  S4 p166 d10 n388847 s39 t574 b791
  S4 p168 d10 n338672 s39 t491 b358
  S4 p170 d10 n155713 s32 t231 b305
  S4 p172 d10 n175696 s47 t249 b308
  S4 p174 d11 n494399 s7 t752 b763
  S4 p176 d12 n618027 s51 t882 b920
  S4 p178 d9 n177832 s266 t272 b289
  S4 p180 d9 n465297 s86 t715 b847
  S4 p182 d10 n251686 s269 t410 b351
  S4 p184 d11 n673948 s251 t1028 b822
  S4 p186 d9 n388251 s250 t589 b310
  S4 p188 d11 n180818 s260 t264 b304
  S4 p190 d11 n555493 s259 t806 b440
  S4 p192 d9 n417792 s277 t642 b278
  S4 p194 d9 n204573 s283 t294 b341
  S4 p196 d10 n308726 s260 t422 b666
  S4 p198 d10 n213416 s253 t302 b282
  S4 p200 d10 n210990 s245 t300 b289
  S4 p202 d10 n496476 s257 t673 b824
  S4 p204 d9 n300216 s254 t450 b352
  S4 p206 d12 n333271 s253 t459 b285
  S4 p208 d10 n359355 s253 t528 b425
  S4 p210 d11 n516139 s247 t732 b745
  S4 p212 d11 n419871 s254 t669 b340
  S4 p214 d13 n303708 s251 t451 b306
  S4 p216 d10 n209426 s255 t291 b287
  S4 p218 d10 n131656 s259 t189 b281
  S4 p220 d10 n208487 s249 t294 b697
  S4 p222 d10 n297673 s259 t501 b307
  S4 p224 d10 n140320 s256 t242 b324
  S4 p226 d9 n511185 s253 t910 b763
  S4 p228 d10 n327729 s261 t462 b439
  S4 p230 d10 n173244 s261 t238 b291
  S4 p232 d8 n195223 s272 t304 b391
  S4 p234 d8 n192334 s274 t291 b330
  S4 p236 d8 n610304 s262 t1611 b804
  S4 p238 d9 n231659 s260 t342 b346
  S4 p240 d9 n236357 s263 t355 b280
  S4 p242 d11 n369112 s261 t525 b282
  S4 p244 d11 n256275 s261 t372 b278
  S4 p246 d11 n714752 s41 t1184 b863
  S4 p248 d9 n178760 s35 t281 b496
  S4 p250 d9 n340236 s39 t526 b507
  S4 p252 d10 n222450 s44 t332 b278
  S4 p254 d10 n349943 s45 t562 b666
  S4 p256 d10 n194015 s255 t309 b294
  S4 p258 d11 n245215 s275 t346 b340
  S4 p260 d12 n244953 s275 t318 b340
  S4 p262 d10 n622709 s250 t1031 b477
  S4 p264 d10 n484352 s249 t758 b302
  S4 p266 d9 n160214 s244 t264 b496
  S4 p268 d10 n306583 s0 t484 b720
  S4 p270 d11 n153752 s0 t244 b278
  S4 p272 d14 n235418 s0 t322 b278
  S4 p274 d18 n304826 s0 t399 b305
  S4 p276 d22 n311948 s0 t345 b288
  S4 p278 d64 n162277 s0 t100 b324
  S4 p280 d14 n527499 s235 t542 b401
  S4 p282 d15 n508201 s232 t555 b406
  S4 p284 d7 n286440 s200 t279 b328
  S4 p286 d7 n321336 s200 t331 b356
  S4 p288 d7 n383681 s200 t425 b387
  S4 p290 d7 n304336 s200 t294 b418
  S4 p292 d8 n998239 s200 t1083 b486
  S4 p294 d7 n305006 s200 t323 b427
  S4 p296 d8 n730161 s200 t825 b558
  S4 p298 d8 n886071 s200 t1004 b621
  S4 p300 d7 n173740 s200 t192 b289
  S4 p302 d8 n742600 s200 t922 b488
  S4 p304 d8 n506933 s200 t623 b278
  S4 p306 d7 n182750 s200 t233 b278
  S4 p308 d7 n216358 s200 t225 b298
  S4 p310 d8 n617133 s200 t684 b476
  S4 p312 d8 n426547 s200 t466 b352
  S4 p314 d8 n760474 s200 t827 b373
  S4 p316 d8 n650101 s200 t651 b278
  S4 p318 d8 n681130 s200 t632 b278
  S4 p320 d7 n198712 s200 t180 b278
  S4 p322 d7 n234051 s200 t217 b278
  S4 p324 d8 n857198 s200 t804 b356
  S4 p326 d7 n234399 s200 t209 b278
  S4 p328 d8 n877576 s200 t814 b343
  S4 p330 d7 n212807 s200 t190 b278
  S4 p332 d7 n274645 s200 t233 b336
  S4 p334 d8 n1526755 s200 t1389 b509
  S4 p336 d7 n231091 s200 t210 b278
  S4 p338 d7 n219076 s200 t205 b278
  S4 p340 d7 n243327 s200 t217 b303
  S4 p342 d8 n643803 s200 t593 b486
  S4 p344 d7 n306876 s200 t302 b423
  S4 p346 d8 n1009887 s200 t1047 b550
  S4 p348 d8 n673964 s200 t607 b278
  S4 p350 d7 n240917 s200 t221 b278
  S4 p352 d8 n616821 s200 t582 b297
  S4 p354 d7 n236930 s200 t203 b278
  S4 p356 d8 n592142 s200 t545 b433
  S4 p358 d8 n858248 s200 t783 b402
  S4 p360 d8 n523010 s200 t503 b278
  S4 p362 d7 n242139 s200 t220 b278
  S4 p364 d8 n960099 s200 t900 b391
  S4 p366 d7 n206031 s200 t209 b278
  S4 p368 d8 n431837 s200 t650 b314
  S4 p370 d7 n190526 s0 t375 b786
  S4 p372 d11 n159507 s0 t254 b293
  S4 p374 d14 n449950 s0 t524 b452
  S4 p376 d64 n1088 s0 t4 b435

Email hello@aichessathon.com with this file if anything here is unclear.
