AI CHESSATHON MATCH LOG
=======================

MATCH
  Round          Rated 26
  Team           Finlay Phillips
  Colour         Black
  Opponent       ChessML
  Opening        Sicilian Closed
  Start FEN      r1bqk1nr/pp3pbp/2np2p1/2p1p3/4P3/P1NP2PP/1PP2PB1/R1BQK1NR b KQkq - 0 7
  You moved      First
  Machine        w-682c3a
  Finished       2026-09-05 17:10:40 UTC
  Match ID       14829bd9-8d80-4489-a45a-f3d2bb287c7b

INIT
  Ready in       41.2 s
  Budget         90.0 s
  Used           46 percent

CLOCK
  Base           120.0 s plus 0.5 s per move
  Moves          92
  Time used      153.4 s
  Slowest        7.4 s on move 37
  Fastest        0.0 s on move 31
  Average        1.7 s
  Left at end    12.6 s

RESULT
  Won by checkmate
  Game lasted 303.4 s

MOVES
    #  move          time     clock left
    1  Nf6           3.2 s      117.3 s
    2  O-O           6.6 s      111.2 s
    3  Be6           4.2 s      107.5 s
    4  Nd4           2.3 s      105.7 s
    5  Rc8           3.6 s      102.6 s
    6  Qd7           2.1 s      101.0 s
    7  exf4          3.9 s       97.6 s
    8  h6            2.1 s       96.0 s
    9  Rfe8          5.4 s       91.1 s
   10  Nxe6          2.7 s       88.9 s
   11  Nd4           3.2 s       86.2 s
   12  g5            2.0 s       84.7 s
   13  Qd8           3.3 s       81.9 s
   14  Re5           1.7 s       80.6 s
   15  Nc6           5.5 s       75.7 s
   16  Re6           2.9 s       73.3 s
   17  Ne5           2.3 s       71.5 s
   18  Nfxg4         1.9 s       70.0 s
   19  Nxe3          2.3 s       68.3 s
   20  Rg6           2.2 s       66.5 s
   21  Rb8           5.6 s       61.5 s
   22  hxg5          1.7 s       60.3 s
   23  a6            3.8 s       56.9 s
   24  Kf8           1.9 s       55.5 s
   25  Nxg6          1.6 s       54.4 s
   26  Kg8           2.4 s       52.4 s
   27  Qh4+          2.5 s       50.5 s
   28  Qf4           1.6 s       49.4 s
   29  Nxf4          3.3 s       46.5 s
   30  Rd8           2.2 s       44.9 s
   31  Kh8           0.0 s       45.3 s
   32  Bc3           3.2 s       42.7 s
   33  Kg8           3.0 s       40.2 s
   34  Ne6           3.1 s       37.6 s
   35  Kh8           2.4 s       35.7 s
   36  Bxa5          2.3 s       34.0 s
   37  Nc7           7.4 s       27.1 s
   38  Kg8           5.5 s       22.1 s
   39  Kg7           6.9 s       15.6 s
   40  f6            1.5 s       14.6 s
   41  Rh8           1.7 s       13.4 s
   42  Bc3           0.7 s       13.2 s
   43  Kf7           1.1 s       12.6 s
   44  Ne6           1.0 s       12.1 s
   45  Kxe6          2.1 s       10.5 s
   46  b5            0.9 s       10.1 s
   47  a5            0.6 s       10.0 s
   48  a4            0.8 s        9.8 s
   49  bxa4          1.2 s        9.1 s
   50  Be5           0.6 s        8.9 s
   51  Bxc3          0.8 s        8.7 s
   52  Be5           0.9 s        8.3 s
   53  c4            1.1 s        7.6 s
   54  Bd4           2.0 s        6.1 s
   55  Rxh7+         0.7 s        5.9 s
   56  Rh4           1.2 s        5.2 s
   57  Rxe4          0.8 s        5.0 s
   58  Rg4+          0.4 s        5.1 s
   59  Rg5+          0.4 s        5.2 s
   60  dxc5          0.6 s        5.1 s
   61  Ke5           0.6 s        5.0 s
   62  Kd5           0.4 s        5.1 s
   63  c4            0.4 s        5.2 s
   64  c3            1.1 s        4.7 s
   65  Ke4           0.7 s        4.5 s
   66  Rc5           0.4 s        4.6 s
   67  c2            0.4 s        4.7 s
   68  Kd3           1.0 s        4.2 s
   69  Rg5+          0.9 s        3.7 s
   70  Rg1           2.1 s        2.2 s
   71  Bxg1          0.1 s        2.6 s
   72  Bd4+          0.0 s        3.1 s
   73  c1=Q          0.0 s        3.6 s
   74  Qc5+          0.0 s        4.1 s
   75  Qc6+          0.0 s        4.6 s
   76  Qd7+          0.0 s        5.1 s
   77  Qd6+          0.0 s        5.6 s
   78  Qc5+          0.0 s        6.1 s
   79  Qc7           0.0 s        6.5 s
   80  Qc8+          0.0 s        7.0 s
   81  Be3+          0.0 s        7.5 s
   82  Qd7           0.0 s        7.9 s
   83  Qe8           0.0 s        8.4 s
   84  Qf7+          0.0 s        8.8 s
   85  Qe6+          0.0 s        9.3 s
   86  Qc6           0.1 s        9.7 s
   87  Bf2           0.1 s       10.2 s
   88  Qh1+          0.0 s       10.7 s
   89  Qc6           0.0 s       11.1 s
   90  Qf3+          0.0 s       11.6 s
   91  Qg3+          0.0 s       12.1 s
   92  Qg1#          0.0 s       12.6 s

OUTPUT
  3,171 bytes on stderr

  S4 p0 d13 n2342474 s6 t3178 b2775
  S4 p2 d14 n4766477 s8 t6616 b7093
  S4 p4 d14 n2893725 s5 t4181 b4024
  S4 p6 d12 n1471958 s35 t2311 b2528
  S4 p8 d12 n2461183 s55 t3553 b4630
  S4 p10 d12 n1359339 s56 t2094 b2472
  S4 p12 d13 n2863207 s9 t3924 b2608
  S4 p14 d12 n1329045 s9 t2104 b2931
  S4 p16 d13 n3608593 s-6 t5401 b3646
  S4 p18 d13 n1862387 s-12 t2662 b3667
  S4 p20 d13 n2179467 s-9 t3236 b2364
  S4 p22 d12 n1319798 s-6 t1996 b2367
  S4 p24 d12 n2094647 s-11 t3329 b4203
  S4 p26 d13 n1219429 s-25 t1721 b2424
  S4 p28 d15 n3710321 s-19 t5481 b2780
  S4 p30 d15 n1741172 s-65 t2849 b3748
  S4 p32 d12 n1535518 s-40 t2339 b2631
  S4 p34 d12 n1031316 s-69 t1917 b2112
  S4 p36 d12 n1385214 s-24 t2277 b2172
  S4 p38 d12 n1355611 s-22 t2230 b2204
  S4 p40 d14 n3491371 s-22 t5548 b6312
  S4 p42 d13 n1044273 s0 t1692 b2064
  S4 p44 d13 n2277779 s-13 t3825 b4986
  S4 p46 d13 n1085170 s-8 t1938 b2473
  S4 p48 d14 n956159 s-16 t1627 b2082
  S4 p50 d15 n1674509 s-16 t2429 b2130
  S4 p52 d15 n1592933 s-18 t2461 b2069
  S4 p54 d17 n1219323 s-13 t1583 b2031
  S4 p56 d17 n2627008 s-19 t3345 b2326
  S4 p58 d18 n1908499 s-2 t2191 b2551
  S4 p62 d17 n2580629 s45 t3195 b2568
  S4 p64 d19 n2556033 s25 t2954 b2602
  S4 p66 d17 n2706895 s25 t3095 b2282
  S4 p68 d19 n2034812 s19 t2360 b2406
  S4 p70 d16 n1838371 s63 t2276 b2092
  S4 p72 d17 n5420425 s77 t7394 b2027
  S4 p74 d18 n3992362 s76 t5501 b1762
  S4 p76 d19 n5206680 s65 t6934 b1604
  S4 p78 d16 n1254749 s102 t1523 b1022
  S4 p80 d12 n1057626 s136 t1652 b1479
  S4 p82 d12 n455383 s143 t717 b909
  S4 p84 d13 n812559 s161 t1093 b896
  S4 p86 d14 n799869 s160 t988 b875
  S4 p88 d17 n1768701 s230 t2139 b1992
  S4 p90 d17 n740079 s227 t899 b800
  S4 p92 d16 n487235 s226 t558 b772
  S4 p94 d15 n649180 s259 t754 b788
  S4 p96 d16 n1055735 s268 t1185 b758
  S4 p98 d15 n512708 s272 t631 b717
  S4 p100 d14 n677621 s349 t761 b712
  S4 p102 d16 n776960 s403 t894 b857
  S4 p104 d17 n824329 s435 t1128 b672
  S4 p106 d17 n1744372 s458 t1991 b661
  S4 p108 d16 n635472 s458 t697 b543
  S4 p110 d16 n1114723 s483 t1204 b1091
  S4 p112 d16 n718593 s488 t759 b507
  S4 p114 d11 n303171 s524 t370 b502
  S4 p116 d13 n328223 s532 t378 b516
  S4 p118 d14 n504105 s541 t563 b510
  S4 p120 d15 n544824 s560 t623 b560
  S4 p122 d13 n358392 s630 t420 b495
  S4 p124 d13 n255865 s645 t351 b510
  S4 p126 d17 n811427 s914 t1069 b522
  S4 p128 d18 n491956 s939 t651 b484
  S4 p130 d17 n298753 s939 t378 b459
  S4 p132 d15 n388949 s981 t437 b480
  S4 p134 d17 n920536 s1062 t1028 b1045
  S4 p136 d15 n844404 s1440 t908 b995
  S4 p138 d14 n1606656 s1440 t2048 b413
  S4 p140 d10 n45980 s31971 t56 b743
  S4 p142 d8 n19413 s31979 t26 b890
  S4 p144 d1 n46 s31981 t0 b611
  S4 p146 d3 n1841 s31979 t2 b1221
  S4 p148 d1 n66 s31981 t0 b662
  S4 p150 d2 n765 s31977 t0 b1273
  S4 p152 d1 n93 s31979 t0 b753
  S4 p154 d1 n104 s31979 t0 b798
  S4 p156 d3 n1209 s31981 t1 b1665
  S4 p158 d1 n86 s31983 t0 b882
  S4 p160 d1 n71 s31985 t0 b924
  S4 p162 d1 n89 s31987 t0 b966
  S4 p164 d1 n60 s31989 t0 b1009
  S4 p166 d4 n10258 s31977 t11 b2525
  S4 p168 d1 n91 s31979 t0 b1093
  S4 p170 d4 n9249 s31981 t9 b2529
  S4 p172 d4 n11911 s31979 t11 b2409
  S4 p174 d1 n88 s31981 t0 b1217
  S4 p176 d1 n67 s31983 t0 b1259
  S4 p178 d3 n909 s31995 t1 b1628
  S4 p180 d1 n37 s31997 t0 b1346
  S4 p182 d1 n33 s31999 t0 b1391

Email hello@aichessathon.com with this file if anything here is unclear.
