AI CHESSATHON MATCH LOG
=======================

MATCH
  Round          Rated 17
  Team           Finlay Phillips
  Colour         Black
  Opponent       ChessNotCheckers
  Opening        English Symmetrical
  Start FEN      r1bq1rk1/pp1pppbp/2n2np1/2p5/2PP4/2N1PNP1/PP3PBP/R1BQK2R b KQ - 0 7
  You moved      First
  Machine        w-97a7fd
  Finished       2026-09-05 08:11:07 UTC
  Match ID       9a64f1d5-8473-459f-8d36-299ed627c5ee

INIT
  Ready in       38.4 s
  Budget         90.0 s
  Used           43 percent

CLOCK
  Base           120.0 s plus 0.5 s per move
  Moves          82
  Time used      158.3 s
  Slowest        7.2 s on move 26
  Fastest        0.0 s on move 62
  Average        1.9 s
  Left at end    2.7 s

RESULT
  Lost by checkmate
  Game lasted 312.2 s

MOVES
    #  move          time     clock left
    1  d6            2.9 s      117.6 s
    2  Ne5           2.3 s      115.8 s
    3  dxe5          2.5 s      113.8 s
    4  Bd7           1.8 s      112.5 s
    5  Qc7           2.5 s      110.5 s
    6  Rad8          3.0 s      108.0 s
    7  Qc8           3.4 s      105.1 s
    8  Ne8           7.1 s       98.5 s
    9  Nd6           3.0 s       96.0 s
   10  f5            2.3 s       94.2 s
   11  Nxf5          2.1 s       92.7 s
   12  b6            3.6 s       89.6 s
   13  Rfe8          2.6 s       87.5 s
   14  axb6          3.1 s       84.9 s
   15  Nxe3          5.6 s       79.9 s
   16  Bf5           1.7 s       78.6 s
   17  Bxe4          2.2 s       77.0 s
   18  Qb8           2.3 s       75.1 s
   19  Qd6           3.0 s       72.6 s
   20  Rb8           2.5 s       70.6 s
   21  Rf8           1.7 s       69.4 s
   22  Qf6           1.9 s       68.0 s
   23  Qd6           2.5 s       66.0 s
   24  Kh8           1.6 s       64.9 s
   25  Qf6           2.1 s       63.3 s
   26  Kg8           7.2 s       56.5 s
   27  Rfd8          3.1 s       54.0 s
   28  Bf8           4.5 s       49.9 s
   29  Rd6           4.7 s       45.7 s
   30  cxb4          2.3 s       44.0 s
   31  Rdd8          6.3 s       38.2 s
   32  e6            5.1 s       33.6 s
   33  h6            1.8 s       32.2 s
   34  Rbc8          1.2 s       31.6 s
   35  Rxc8          1.6 s       30.5 s
   36  Rd8           1.4 s       29.5 s
   37  Bc5+          1.5 s       28.5 s
   38  Kg7           1.1 s       27.8 s
   39  Qf8           1.1 s       27.2 s
   40  Kf7           2.1 s       25.6 s
   41  Qxd8          0.9 s       25.2 s
   42  Kg7           2.3 s       23.4 s
   43  Kf6           1.9 s       22.0 s
   44  gxh5          1.4 s       21.1 s
   45  Bd6           1.8 s       19.8 s
   46  Qf8           2.9 s       17.4 s
   47  Kg7           1.1 s       16.7 s
   48  Qf6           1.6 s       15.7 s
   49  Qd8           2.0 s       14.1 s
   50  Be7           0.8 s       13.8 s
   51  Kf6           0.6 s       13.7 s
   52  Kf7           1.3 s       12.9 s
   53  Bf8           1.7 s       11.7 s
   54  Qg5           0.9 s       11.3 s
   55  Qd8           0.5 s       11.3 s
   56  Be7           0.7 s       11.1 s
   57  Bc5           1.2 s       10.4 s
   58  Be7           0.7 s       10.2 s
   59  bxc5          0.6 s       10.2 s
   60  Kg7           1.7 s        9.0 s
   61  e4            0.6 s        8.9 s
   62  Kh8           0.0 s        9.4 s
   63  Kg7           1.5 s        8.4 s
   64  Qxd7+         1.1 s        7.9 s
   65  Kxg8          3.2 s        5.2 s
   66  exf3          2.5 s        3.1 s
   67  Kf7           1.0 s        2.7 s
   68  Ke7           0.6 s        2.6 s
   69  Kd6           0.6 s        2.5 s
   70  f2            0.8 s        2.3 s
   71  f1=Q          0.5 s        2.3 s
   72  Kd5           0.8 s        2.0 s
   73  Kc5           0.4 s        2.1 s
   74  Kc6           1.6 s        1.0 s
   75  Kc5           0.6 s        0.9 s
   76  Kc4           0.5 s        0.9 s
   77  Kb4           0.4 s        1.0 s
   78  Kc5           0.3 s        1.2 s
   79  Kc6           0.3 s        1.4 s
   80  Kc7           0.2 s        1.7 s
   81  Kb7           0.0 s        2.2 s
   82  Kc6           0.0 s        2.7 s

OUTPUT
  3,004 bytes on stderr

  S4 p0 d14 n2334251 s-4 t2878 b2792
  S4 p2 d15 n1893074 s-21 t2321 b2835
  S4 p4 d15 n2041355 s-19 t2447 b2723
  S4 p6 d14 n1507657 s-19 t1819 b2749
  S4 p8 d13 n2043618 s-23 t2495 b3455
  S4 p10 d14 n2555390 s-27 t2975 b2816
  S4 p12 d14 n2699119 s-30 t3415 b2753
  S4 p14 d15 n5461945 s-39 t7137 b7756
  S4 p16 d14 n2297150 s-23 t2995 b2639
  S4 p18 d14 n1580589 s-28 t2250 b2678
  S4 p20 d14 n1490021 s-33 t2054 b2537
  S4 p22 d14 n2370802 s-23 t3579 b3024
  S4 p24 d14 n1753335 s-23 t2601 b2432
  S4 p26 d15 n2088311 s-43 t3075 b2603
  S4 p28 d15 n3739377 s-55 t5550 b2547
  S4 p30 d16 n1348061 s-56 t1718 b2377
  S4 p32 d17 n1691282 s-59 t2170 b2417
  S4 p34 d18 n1863699 s-60 t2329 b2453
  S4 p36 d15 n2173232 s-72 t3021 b2486
  S4 p38 d16 n1697465 s-74 t2464 b2472
  S4 p40 d15 n1195455 s-62 t1721 b2426
  S4 p42 d15 n1352048 s-76 t1914 b2556
  S4 p44 d15 n1762848 s-81 t2485 b2412
  S4 p46 d14 n1096302 s-88 t1603 b2411
  S4 p48 d14 n1457067 s-88 t2143 b2307
  S4 p50 d16 n5237424 s-88 t7221 b4359
  S4 p52 d16 n2124305 s-114 t3078 b2591
  S4 p54 d16 n2936191 s-112 t4529 b2079
  S4 p56 d14 n3036872 s-112 t4693 b3080
  S4 p58 d15 n1478905 s-131 t2251 b1967
  S4 p60 d15 n3868112 s-151 t6287 b2448
  S4 p62 d15 n2907785 s-175 t5097 b1816
  S4 p64 d13 n1119369 s-118 t1841 b1748
  S4 p66 d15 n788019 s-118 t1158 b1368
  S4 p68 d17 n1181376 s-123 t1624 b1448
  S4 p70 d17 n1033472 s-126 t1438 b1453
  S4 p72 d15 n1067929 s-126 t1534 b1415
  S4 p74 d16 n864044 s-130 t1133 b1450
  S4 p76 d16 n837237 s-142 t1114 b1456
  S4 p78 d15 n1489988 s-159 t2114 b1644
  S4 p80 d16 n670276 s-156 t892 b1332
  S4 p82 d16 n1622690 s-159 t2290 b1402
  S4 p84 d14 n1427770 s-151 t1910 b1607
  S4 p86 d14 n1031007 s-138 t1384 b1275
  S4 p88 d14 n1211679 s-142 t1803 b1236
  S4 p90 d16 n2099810 s-130 t2919 b2819
  S4 p92 d15 n828135 s-131 t1141 b1038
  S4 p94 d14 n1151340 s-130 t1578 b1274
  S4 p96 d15 n1470763 s-114 t2037 b1069
  S4 p98 d15 n592394 s-117 t800 b877
  S4 p100 d14 n435063 s-100 t615 b899
  S4 p102 d13 n931096 s-91 t1255 b867
  S4 p104 d14 n1230454 s-91 t1743 b821
  S4 p106 d15 n678182 s-87 t896 b769
  S4 p108 d14 n336169 s-87 t530 b743
  S4 p110 d12 n490720 s-75 t693 b931
  S4 p112 d13 n826544 s-140 t1168 b732
  S4 p114 d15 n467896 s-198 t667 b722
  S4 p116 d14 n399703 s-189 t570 b708
  S4 p118 d13 n1131874 s-247 t1651 b1693
  S4 p120 d12 n442743 s-247 t609 b846
  S4 p124 d15 n997221 s-995 t1459 b1537
  S4 p126 d15 n919221 s-1052 t1066 b1353
  S4 p128 d14 n3423232 s-1052 t3176 b641
  S4 p130 d13 n2748416 s-1096 t2536 b624
  S4 p132 d11 n1104349 s-1118 t967 b641
  S4 p134 d12 n593154 s-1118 t550 b395
  S4 p136 d12 n660204 s-1127 t601 b426
  S4 p138 d12 n770647 s-1127 t755 b417
  S4 p140 d12 n543748 s-1139 t449 b328
  S4 p142 d11 n993740 s-1940 t761 b928
  S4 p144 d13 n493075 s-1930 t430 b591
  S4 p146 d11 n1374208 s-1930 t1570 b316
  S4 p148 d14 n530432 s-1930 t629 b278
  S4 p150 d12 n433152 s-1885 t498 b467
  S4 p152 d13 n381260 s-31988 t434 b278
  S4 p154 d16 n257731 s-31990 t275 b278
  S4 p156 d26 n263835 s-31992 t284 b278
  S4 p158 d64 n141469 s-31994 t158 b278
  S4 p160 d64 n6045 s-31996 t9 b314
  S4 p162 d64 n486 s-31998 t3 b341

Email hello@aichessathon.com with this file if anything here is unclear.
