AI CHESSATHON MATCH LOG
=======================

MATCH
  Round          Rated 18
  Team           Finlay Phillips
  Colour         White
  Opponent       French Carlsen
  Opening        Caro-Kann Advance
  Start FEN      rn1qkbnr/pp3ppp/2p1p3/3pPb2/3P4/2P2N2/PP3PPP/RNBQKB1R b KQkq - 0 5
  You moved      Second
  Machine        w-5e928e
  Finished       2026-09-05 09:11:50 UTC
  Match ID       75fb60de-6030-4d5f-beb6-c270f2033d7a

INIT
  Ready in       45.1 s
  Budget         90.0 s
  Used           50 percent

CLOCK
  Base           120.0 s plus 0.5 s per move
  Moves          70
  Time used      146.5 s
  Slowest        6.3 s on move 4
  Fastest        0.0 s on move 70
  Average        2.1 s
  Left at end    8.5 s

RESULT
  Lost by checkmate
  Game lasted 293.7 s

MOVES
    #  move          time     clock left
    1  Be2           5.8 s      114.7 s
    2  a3            4.5 s      110.7 s
    3  cxd4          3.1 s      108.1 s
    4  O-O           6.3 s      102.3 s
    5  Nbd2          4.0 s       98.9 s
    6  h3            1.9 s       97.5 s
    7  Nb3           3.7 s       94.3 s
    8  Nc5           2.8 s       92.0 s
    9  Bg5           1.8 s       90.7 s
   10  Rc1           2.0 s       89.3 s
   11  Rxc5          1.6 s       88.2 s
   12  Bf4           3.6 s       85.1 s
   13  Bb5           3.2 s       82.4 s
   14  Bxc6          1.5 s       81.4 s
   15  Qc1           4.5 s       77.4 s
   16  Qd1           4.3 s       73.7 s
   17  Rxa5          1.7 s       72.4 s
   18  Rc5           3.0 s       70.0 s
   19  Rxc6          2.0 s       68.5 s
   20  Bc1           1.8 s       67.2 s
   21  Bd2           2.2 s       65.5 s
   22  Rc1           2.6 s       63.3 s
   23  Re1           2.8 s       61.0 s
   24  Bc3           1.4 s       60.1 s
   25  Qd2           3.5 s       57.1 s
   26  gxf3          2.2 s       55.4 s
   27  Rc2           4.7 s       51.2 s
   28  Rec1          1.4 s       50.3 s
   29  f4            4.5 s       46.3 s
   30  Ra2           3.2 s       43.6 s
   31  Rac2          2.1 s       42.0 s
   32  Qe3           2.5 s       40.0 s
   33  Qe2           4.5 s       36.0 s
   34  Qg4           1.2 s       35.3 s
   35  Kh2           4.1 s       31.7 s
   36  Qf3           2.9 s       29.3 s
   37  Qd3           1.7 s       28.0 s
   38  Rb2           1.0 s       27.6 s
   39  Kg2           1.0 s       27.0 s
   40  Qb1           1.9 s       25.6 s
   41  Qa2           3.3 s       22.8 s
   42  Rxa2          2.3 s       21.0 s
   43  Re2           1.3 s       20.3 s
   44  Ree1          2.2 s       18.5 s
   45  Re2           1.6 s       17.5 s
   46  Re3           1.3 s       16.6 s
   47  Re4           1.2 s       16.0 s
   48  Ree1          1.2 s       15.2 s
   49  Rxc1          1.2 s       14.5 s
   50  Ra1           2.4 s       12.6 s
   51  Rxc1          1.3 s       11.8 s
   52  f5            0.8 s       11.5 s
   53  Kf3           2.7 s        9.2 s
   54  Kf4           0.9 s        8.8 s
   55  Ke3           2.3 s        7.0 s
   56  f3            0.5 s        6.9 s
   57  h4            0.7 s        6.7 s
   58  e6            1.7 s        5.5 s
   59  f4            1.3 s        4.6 s
   60  Kf2           0.0 s        5.1 s
   61  Ke3           1.0 s        4.6 s
   62  Kf2           0.0 s        5.1 s
   63  Kg3           0.6 s        5.0 s
   64  Kh3           0.0 s        5.5 s
   65  Kg3           0.0 s        6.0 s
   66  Kh3           0.0 s        6.5 s
   67  Kg3           0.0 s        7.0 s
   68  Kh3           0.0 s        7.5 s
   69  Kg3           0.0 s        8.0 s
   70  Kh3           0.0 s        8.5 s

OUTPUT
  2,266 bytes on stderr

  S4 p0 d12 n3611935 s42 t5776 b2843
  S4 p2 d13 n2803459 s37 t4530 b4000
  S4 p4 d13 n1884203 s29 t3082 b2724
  S4 p6 d14 n3813091 s24 t6251 b3887
  S4 p8 d14 n2436396 s9 t3955 b3852
  S4 p10 d12 n1151081 s38 t1867 b2548
  S4 p12 d14 n2295550 s40 t3689 b2914
  S4 p14 d13 n1647670 s44 t2807 b2842
  S4 p16 d14 n1249774 s41 t1773 b2308
  S4 p18 d13 n1332217 s38 t1953 b2297
  S4 p20 d13 n946752 s40 t1588 b2328
  S4 p22 d15 n2384341 s41 t3578 b3728
  S4 p24 d14 n2057870 s25 t3177 b2849
  S4 p26 d14 n1094237 s20 t1509 b2310
  S4 p28 d15 n3022155 s14 t4459 b2419
  S4 p30 d15 n2945779 s0 t4261 b6087
  S4 p32 d15 n1115813 s-2 t1724 b2252
  S4 p34 d16 n2039608 s-4 t2954 b2724
  S4 p36 d14 n1313137 s-10 t2009 b2244
  S4 p38 d15 n1160009 s-14 t1784 b2685
  S4 p40 d16 n1490960 s-24 t2222 b2152
  S4 p42 d15 n1638468 s-26 t2609 b3286
  S4 p44 d14 n1696359 s-19 t2796 b2571
  S4 p46 d14 n926910 s-21 t1434 b2079
  S4 p48 d15 n2197110 s-48 t3535 b2194
  S4 p50 d15 n1491048 s-81 t2210 b2200
  S4 p52 d16 n2862359 s-107 t4692 b3375
  S4 p54 d15 n812570 s-113 t1385 b2022
  S4 p56 d14 n2762692 s-69 t4483 b4305
  S4 p58 d15 n1976713 s-133 t3180 b3415
  S4 p60 d18 n1427057 s-148 t2123 b1893
  S4 p62 d17 n1529173 s-164 t2450 b1885
  S4 p64 d13 n2982349 s-256 t4531 b5715
  S4 p66 d16 n1024113 s-272 t1158 b1510
  S4 p68 d18 n2575192 s-275 t4111 b2258
  S4 p70 d16 n1817534 s-302 t2942 b2186
  S4 p72 d15 n1127966 s-409 t1735 b1272
  S4 p74 d16 n685961 s-428 t961 b1371
  S4 p76 d15 n659776 s-422 t1007 b1220
  S4 p78 d13 n1052623 s-501 t1908 b1302
  S4 p80 d13 n1805961 s-573 t3319 b3315
  S4 p82 d15 n1538319 s-658 t2259 b2863
  S4 p84 d14 n884847 s-664 t1268 b1292
  S4 p86 d15 n1518459 s-707 t2218 b2052
  S4 p88 d15 n1096670 s-675 t1571 b1122
  S4 p90 d16 n1006662 s-837 t1340 b1082
  S4 p92 d15 n842462 s-843 t1160 b1027
  S4 p94 d16 n897160 s-907 t1241 b994
  S4 p96 d18 n1056278 s-980 t1229 b1125
  S4 p98 d17 n2079746 s-1002 t2358 b2239
  S4 p100 d16 n1159739 s-1055 t1342 b1998
  S4 p102 d13 n699029 s-1003 t799 b1190
  S4 p104 d15 n2369872 s-1067 t2737 b1044
  S4 p106 d14 n731308 s-1067 t932 b862
  S4 p108 d14 n2177320 s-1073 t2333 b1341
  S4 p110 d12 n487059 s-1071 t545 b645
  S4 p112 d12 n598788 s-1076 t722 b670
  S4 p114 d14 n1459937 s-1192 t1724 b1154
  S4 p116 d13 n1197040 s-1213 t1313 b1858
  S4 p120 d14 n866037 s-31986 t1038 b1476
  S4 p124 d18 n403679 s-31990 t550 b520

Email hello@aichessathon.com with this file if anything here is unclear.
