AI CHESSATHON MATCH LOG
=======================

MATCH
  Round          Rated 16
  Team           Finlay Phillips
  Colour         White
  Opponent       MeshPotato
  Opening        Sicilian Closed
  Start FEN      r1bq1rk1/pp2ppbp/2np1np1/2p5/4P2P/2NP2P1/PPP1NPB1/R1BQK2R w KQ - 3 8
  You moved      First
  Machine        w-c53946
  Finished       2026-09-05 07:14:35 UTC
  Match ID       023f730c-0b0d-4ae8-b62c-99251d69372b

INIT
  Ready in       37.7 s
  Budget         90.0 s
  Used           42 percent

CLOCK
  Base           120.0 s plus 0.5 s per move
  Moves          54
  Time used      126.6 s
  Slowest        5.6 s on move 46
  Fastest        0.0 s on move 45
  Average        2.3 s
  Left at end    20.4 s

RESULT
  Won by checkmate
  Game lasted 245.9 s

MOVES
    #  move          time     clock left
    1  O-O           2.8 s      117.7 s
    2  Be3           2.6 s      115.6 s
    3  Rc1           3.2 s      113.0 s
    4  Bg5           3.5 s      110.0 s
    5  Nd5           2.6 s      107.9 s
    6  c3            1.7 s      106.7 s
    7  Bd2           2.6 s      104.6 s
    8  Ne3           2.3 s      102.8 s
    9  Bxe3          2.5 s      100.8 s
   10  bxc3          3.7 s       97.7 s
   11  Bf4           4.2 s       93.9 s
   12  Qd2           2.6 s       91.8 s
   13  Bh6           2.8 s       89.5 s
   14  Bxg7+         2.9 s       87.1 s
   15  Nf4           3.1 s       84.5 s
   16  Rfe1          1.9 s       83.2 s
   17  Qe2           2.0 s       81.7 s
   18  f3            4.6 s       77.5 s
   19  Qd2           4.0 s       74.0 s
   20  Re2           4.3 s       70.2 s
   21  Qe1           2.4 s       68.4 s
   22  Re3           4.9 s       64.0 s
   23  Qd1           1.9 s       62.6 s
   24  a4            3.2 s       59.8 s
   25  Re2           1.8 s       58.5 s
   26  Qxb3          4.6 s       54.5 s
   27  Qb8+          3.7 s       51.2 s
   28  Qxa7          2.2 s       49.5 s
   29  Nxe6+         2.4 s       47.6 s
   30  Qb8+          3.4 s       44.6 s
   31  Qxd6          2.0 s       43.1 s
   32  Qxe5          1.5 s       42.1 s
   33  Ra1           3.1 s       39.5 s
   34  Bf1           1.7 s       38.3 s
   35  Bxd3          1.2 s       37.6 s
   36  Qd4           3.6 s       34.5 s
   37  f4            2.0 s       33.0 s
   38  c4            1.9 s       31.6 s
   39  fxe5          2.3 s       29.8 s
   40  Kh2           3.9 s       26.4 s
   41  hxg5          1.0 s       25.9 s
   42  c5            2.1 s       24.3 s
   43  Qxd2          2.6 s       22.2 s
   44  Rxa6          1.0 s       21.8 s
   45  Kh1           0.0 s       22.3 s
   46  Qg2           5.6 s       17.1 s
   47  g6+           0.7 s       16.9 s
   48  Ra8+          0.0 s       17.4 s
   49  Qa2+          0.0 s       17.9 s
   50  Rxf8          0.0 s       18.4 s
   51  g7            0.0 s       18.9 s
   52  Qe6+          0.0 s       19.4 s
   53  Rf7+          0.0 s       19.9 s
   54  Qe8#          0.0 s       20.4 s

OUTPUT
  1,880 bytes on stderr

  S4 p0 d13 n1992881 s-25 t2787 b2735
  S4 p2 d13 n1880148 s5 t2570 b2686
  S4 p4 d13 n2278406 s2 t3161 b2674
  S4 p6 d13 n2620921 s18 t3503 b4071
  S4 p8 d15 n1916448 s5 t2549 b2615
  S4 p10 d14 n1356827 s15 t1735 b2644
  S4 p12 d14 n1889241 s11 t2578 b2675
  S4 p14 d14 n1736174 s19 t2290 b2596
  S4 p16 d14 n1900906 s35 t2469 b2674
  S4 p18 d15 n2765799 s13 t3670 b3274
  S4 p20 d15 n3092117 s10 t4222 b3294
  S4 p22 d13 n1853497 s1 t2607 b3157
  S4 p24 d14 n2090834 s13 t2846 b3127
  S4 p26 d15 n2068671 s6 t2851 b2462
  S4 p28 d16 n2197548 s17 t3073 b2588
  S4 p30 d13 n1284797 s17 t1878 b2487
  S4 p32 d13 n1310512 s26 t1998 b2526
  S4 p34 d12 n2952296 s23 t4646 b5882
  S4 p36 d13 n2709188 s17 t3969 b4382
  S4 p38 d15 n2704659 s-23 t4306 b3599
  S4 p40 d15 n1634112 s-2 t2369 b2238
  S4 p42 d15 n3317907 s-20 t4872 b2817
  S4 p44 d14 n1278691 s-35 t1922 b2312
  S4 p46 d13 n2058393 s-76 t3242 b4820
  S4 p48 d14 n1154277 s-53 t1763 b2069
  S4 p50 d17 n2927165 s0 t4572 b4737
  S4 p52 d13 n2250014 s67 t3740 b4648
  S4 p54 d14 n1372284 s67 t2217 b2057
  S4 p56 d13 n1416297 s130 t2420 b2104
  S4 p58 d14 n2155664 s195 t3426 b3988
  S4 p60 d14 n1292277 s175 t2001 b2150
  S4 p62 d14 n1030231 s175 t1545 b1909
  S4 p64 d15 n2079418 s211 t3132 b3809
  S4 p66 d16 n1232288 s243 t1674 b1921
  S4 p68 d15 n866849 s245 t1214 b1780
  S4 p70 d15 n2564490 s257 t3591 b1967
  S4 p72 d16 n1471121 s300 t1973 b1783
  S4 p74 d16 n1411419 s290 t1901 b1711
  S4 p76 d16 n1679738 s413 t2259 b1657
  S4 p78 d14 n2679362 s494 t3877 b5131
  S4 p80 d11 n656245 s545 t998 b1413
  S4 p82 d12 n1325064 s602 t2110 b1404
  S4 p84 d14 n1638366 s706 t2581 b1346
  S4 p86 d12 n661895 s768 t961 b1249
  S4 p90 d15 n3420655 s1695 t5646 b3329
  S4 p92 d10 n326158 s31987 t685 b2486
  S4 p94 d1 n58 s31989 t0 b1540
  S4 p96 d1 n67 s31989 t0 b1576
  S4 p98 d1 n66 s31991 t0 b1612
  S4 p100 d1 n90 s31993 t0 b1896
  S4 p102 d1 n93 s31995 t0 b1939
  S4 p104 d2 n234 s31997 t0 b2478
  S4 p106 d1 n63 s31999 t0 b2026

Email hello@aichessathon.com with this file if anything here is unclear.
