AI CHESSATHON MATCH LOG
=======================

MATCH
  Round          Rated 30
  Team           Finlay Phillips
  Colour         White
  Opponent       Team1
  Opening        London System
  Start FEN      r1bq1rk1/pp3ppp/2nbpn2/1Bpp4/3P1B2/2P1P2N/PP1N1PPP/R2QK2R w KQ - 4 8
  You moved      First
  Machine        w-c60954
  Finished       2026-09-05 21:05:55 UTC
  Match ID       09d4aaa9-b110-4c55-bdee-2e0e14736f44

INIT
  Ready in       38.9 s
  Budget         90.0 s
  Used           43 percent

CLOCK
  Base           120.0 s plus 0.5 s per move
  Moves          63
  Time used      148.5 s
  Slowest        8.8 s on move 16
  Fastest        0.0 s on move 41
  Average        2.4 s
  Left at end    3.0 s

RESULT
  Lost by checkmate
  Game lasted 286.9 s

MOVES
    #  move          time     clock left
    1  Nf3           4.1 s      116.4 s
    2  Nxf4          2.1 s      114.8 s
    3  Qe2           6.6 s      108.7 s
    4  O-O           3.6 s      105.5 s
    5  Bd3           2.3 s      103.7 s
    6  Bc2           2.0 s      102.2 s
    7  dxe5          2.5 s      100.2 s
    8  Nxe5          2.2 s       98.5 s
    9  Rad1          2.7 s       96.3 s
   10  Nd3           2.5 s       94.2 s
   11  Rfe1          3.6 s       91.1 s
   12  f4            2.9 s       88.7 s
   13  a4            2.2 s       87.0 s
   14  Qxd3          2.7 s       84.9 s
   15  Qe2           4.2 s       81.2 s
   16  Qf3           8.8 s       72.9 s
   17  f5            2.7 s       70.7 s
   18  Qg3           3.1 s       68.1 s
   19  hxg3          1.7 s       66.9 s
   20  fxg6          4.4 s       63.0 s
   21  axb5          3.6 s       59.9 s
   22  Kf2           1.8 s       58.6 s
   23  Kf3           2.8 s       56.3 s
   24  Ra1           3.0 s       53.9 s
   25  Bd3           4.2 s       50.2 s
   26  Bc2           2.4 s       48.3 s
   27  Re2           2.3 s       46.4 s
   28  Rae1          1.8 s       45.1 s
   29  Bb1           2.2 s       43.4 s
   30  cxb4          6.1 s       37.8 s
   31  Bc2           1.4 s       36.9 s
   32  Rb1           2.3 s       35.1 s
   33  Rd1           1.3 s       34.3 s
   34  Red2          3.2 s       31.5 s
   35  Re2           5.3 s       26.7 s
   36  Rb1           1.4 s       25.8 s
   37  Bxb1          2.5 s       23.9 s
   38  Re1           4.3 s       20.1 s
   39  Ke2           2.4 s       18.2 s
   40  Kf1           1.4 s       17.3 s
   41  Kxe1          0.0 s       17.8 s
   42  Kd2           2.5 s       15.8 s
   43  Ke2           1.9 s       14.4 s
   44  Kd2           1.9 s       13.0 s
   45  Ke2           1.4 s       12.1 s
   46  Kd2           2.2 s       10.4 s
   47  gxf4+         1.6 s        9.3 s
   48  Bg6           2.3 s        7.5 s
   49  Ke2           1.8 s        6.2 s
   50  Ke1           1.6 s        5.0 s
   51  Be8           2.6 s        2.9 s
   52  Ba4           0.4 s        3.0 s
   53  Ke2           0.0 s        3.5 s
   54  Kf2           2.1 s        1.9 s
   55  Bxc2          0.3 s        2.1 s
   56  Ke2           0.3 s        2.3 s
   57  Kxd2          0.3 s        2.5 s
   58  Kxc2          1.8 s        1.2 s
   59  Kb2           0.3 s        1.4 s
   60  Ka2           0.3 s        1.6 s
   61  Ka3           0.1 s        2.0 s
   62  Ka2           0.0 s        2.5 s
   63  Ka3           0.0 s        3.0 s

OUTPUT
  2,223 bytes on stderr

  S4 p0 d14 n3382651 s-34 t4138 b4128
  S4 p2 d14 n1720003 s-28 t2093 b2736
  S4 p4 d15 n4801694 s-16 t6572 b4179
  S4 p6 d13 n2718302 s-17 t3635 b2717
  S4 p8 d13 n1784163 s-11 t2345 b2689
  S4 p10 d13 n1496071 s-11 t1961 b2577
  S4 p12 d15 n1885664 s-15 t2544 b2586
  S4 p14 d14 n1541772 s-15 t2195 b2550
  S4 p16 d14 n1882870 s-16 t2708 b2635
  S4 p18 d14 n1749191 s-5 t2531 b2636
  S4 p20 d14 n2515289 s-2 t3621 b4015
  S4 p22 d16 n2093033 s0 t2886 b2539
  S4 p24 d15 n1586577 s0 t2209 b2555
  S4 p26 d15 n1826277 s-18 t2646 b2672
  S4 p28 d15 n2897541 s5 t4171 b3177
  S4 p30 d17 n6057641 s-6 t8791 b3911
  S4 p32 d14 n1854304 s2 t2698 b2401
  S4 p34 d14 n2106180 s0 t3064 b2295
  S4 p36 d16 n1490066 s3 t1697 b2452
  S4 p38 d15 n3741348 s1 t4396 b4215
  S4 p40 d16 n3100286 s-8 t3645 b4059
  S4 p42 d15 n1432965 s-11 t1764 b2601
  S4 p44 d16 n2286567 s-20 t2767 b2925
  S4 p46 d14 n2203204 s0 t2979 b2566
  S4 p48 d13 n3283043 s-36 t4196 b5943
  S4 p50 d16 n1984415 s-31 t2404 b2443
  S4 p52 d18 n2010726 s-36 t2340 b2301
  S4 p54 d19 n1585717 s-51 t1791 b2449
  S4 p56 d21 n1979277 s-51 t2189 b2252
  S4 p58 d15 n4508333 s-95 t6119 b6240
  S4 p60 d16 n1089687 s-105 t1417 b2000
  S4 p62 d15 n1729979 s-149 t2253 b4548
  S4 p64 d15 n1036845 s-147 t1340 b1878
  S4 p66 d15 n2525498 s-180 t3238 b3179
  S4 p68 d15 n4063721 s-239 t5336 b3862
  S4 p70 d15 n1122192 s-269 t1384 b1473
  S4 p72 d17 n2016399 s-370 t2464 b1672
  S4 p74 d16 n3675403 s-493 t4253 b5447
  S4 p76 d18 n1895172 s-538 t2375 b1633
  S4 p78 d18 n1009316 s-550 t1389 b1430
  S4 p82 d19 n2400603 s-486 t2525 b2536
  S4 p84 d19 n1836351 s-514 t1922 b2716
  S4 p86 d18 n1749801 s-546 t1856 b3658
  S4 p88 d20 n1330394 s-617 t1379 b1157
  S4 p90 d19 n2056063 s-646 t2216 b2476
  S4 p92 d17 n1444503 s-768 t1610 b2261
  S4 p94 d17 n2115122 s-756 t2305 b2567
  S4 p96 d18 n1642447 s-1012 t1834 b2588
  S4 p98 d15 n1155237 s-1265 t1622 b1434
  S4 p100 d14 n1717248 s-1306 t2634 b577
  S4 p102 d14 n205608 s-31988 t384 b387
  S4 p106 d12 n1392640 s-1351 t2092 b459
  S4 p108 d16 n207107 s-31988 t311 b308
  S4 p110 d14 n277567 s-31988 t341 b324
  S4 p112 d15 n244526 s-31990 t287 b324
  S4 p114 d10 n2612224 s-1074 t1802 b363
  S4 p116 d22 n336564 s-31992 t288 b278
  S4 p118 d27 n255677 s-31992 t284 b278
  S4 p120 d64 n51329 s-31994 t53 b284
  S4 p124 d64 n259 s-31998 t2 b343

Email hello@aichessathon.com with this file if anything here is unclear.
