AI CHESSATHON MATCH LOG
=======================

MATCH
  Round          Rated 23
  Team           Finlay Phillips
  Colour         White
  Opponent       OMI
  Opening        Nimzo-Indian Defence
  Start FEN      rnbq1rk1/p1p2ppp/1p3n2/3p4/1b1P4/2NBPN2/PP3PPP/R1BQ1RK1 b - - 1 8
  You moved      Second
  Machine        w-cc2f4f
  Finished       2026-09-05 14:10:41 UTC
  Match ID       aabc0080-32d7-4d2f-b09f-1c59d0eb113c

INIT
  Ready in       45.7 s
  Budget         90.0 s
  Used           51 percent

CLOCK
  Base           120.0 s plus 0.5 s per move
  Moves          65
  Time used      150.1 s
  Slowest        9.0 s on move 20
  Fastest        0.0 s on move 65
  Average        2.3 s
  Left at end    2.4 s

RESULT
  Lost by checkmate
  Game lasted 294.7 s

MOVES
    #  move          time     clock left
    1  Bd2           6.4 s      114.1 s
    2  Bxa6          2.1 s      112.6 s
    3  a3            2.2 s      110.9 s
    4  Bxc3          2.3 s      109.1 s
    5  Qd3           3.4 s      106.3 s
    6  Rfd1          6.0 s      100.8 s
    7  Rac1          5.4 s       95.8 s
    8  Be1           2.6 s       93.8 s
    9  Qb3           4.3 s       90.0 s
   10  Nd2           2.5 s       88.0 s
   11  Qd3           3.5 s       85.0 s
   12  h3            3.0 s       82.5 s
   13  Nf1           3.2 s       79.8 s
   14  Ng3           2.0 s       78.3 s
   15  Qc2           2.2 s       76.7 s
   16  Ne2           3.9 s       73.2 s
   17  Qb3           4.1 s       69.6 s
   18  Qc2           1.6 s       68.5 s
   19  Ng3           1.6 s       67.4 s
   20  Qe2           9.0 s       58.9 s
   21  fxg3          1.9 s       57.5 s
   22  h4            2.8 s       55.2 s
   23  hxg5          1.6 s       54.1 s
   24  Bf2           2.6 s       52.0 s
   25  Rc2           3.4 s       49.1 s
   26  Qf3           2.9 s       46.7 s
   27  Qe2           2.0 s       45.1 s
   28  Qd3           3.1 s       42.5 s
   29  Kf1           1.7 s       41.3 s
   30  Ke2           2.6 s       39.2 s
   31  Rf1           1.3 s       38.4 s
   32  Ke1           7.3 s       31.7 s
   33  Bh4           1.2 s       31.0 s
   34  Qxf1          1.1 s       30.3 s
   35  Re2           1.4 s       29.4 s
   36  Kf2           0.0 s       29.9 s
   37  Kxf1          3.2 s       27.3 s
   38  Kg1           2.9 s       24.9 s
   39  Rc2           1.5 s       23.9 s
   40  Re2           1.4 s       23.0 s
   41  Re5           2.2 s       21.3 s
   42  Kf2           2.9 s       18.9 s
   43  Kg3           2.3 s       17.2 s
   44  Kxg4          1.2 s       16.5 s
   45  Rg5+          1.6 s       15.4 s
   46  Kf4           1.0 s       14.9 s
   47  Ke5           1.5 s       14.0 s
   48  Kd6           1.5 s       13.0 s
   49  Kd7           4.1 s        9.4 s
   50  Re5           1.0 s        8.9 s
   51  Re8+          3.5 s        5.9 s
   52  Re1           0.8 s        5.6 s
   53  Rg1+          0.5 s        5.6 s
   54  Rb1           2.5 s        3.5 s
   55  Re1           1.8 s        2.2 s
   56  Kc7           1.6 s        1.1 s
   57  Rd1           0.7 s        0.9 s
   58  Kb6           0.5 s        0.9 s
   59  Kc7           0.3 s        1.1 s
   60  Ra1           0.7 s        0.9 s
   61  Rg1           0.4 s        1.1 s
   62  Kd7           0.4 s        1.2 s
   63  Kc7           0.3 s        1.4 s
   64  Kd8           0.0 s        1.9 s
   65  Kc8           0.0 s        2.4 s

OUTPUT
  2,324 bytes on stderr

  S4 p0 d13 n3805992 s43 t6348 b5000
  S4 p2 d13 n1289442 s49 t2064 b2661
  S4 p4 d13 n1362065 s47 t2161 b2744
  S4 p6 d14 n1404447 s41 t2283 b2800
  S4 p8 d13 n2052319 s43 t3348 b2822
  S4 p10 d14 n3506655 s41 t5984 b3354
  S4 p12 d14 n3170624 s30 t5437 b6547
  S4 p14 d12 n1447010 s47 t2557 b3236
  S4 p16 d13 n2460305 s48 t4291 b6388
  S4 p18 d14 n1509414 s44 t2499 b2455
  S4 p20 d15 n1994886 s41 t3490 b2585
  S4 p22 d16 n1904816 s45 t2959 b2908
  S4 p24 d13 n1939329 s49 t3241 b3044
  S4 p26 d13 n1263449 s62 t1972 b2320
  S4 p28 d13 n1408621 s75 t2150 b2294
  S4 p30 d14 n2495943 s72 t3941 b2362
  S4 p32 d13 n2548863 s78 t4131 b2748
  S4 p34 d14 n996457 s81 t1582 b2192
  S4 p36 d14 n1073180 s79 t1569 b2135
  S4 p38 d15 n5544096 s57 t8966 b6089
  S4 p40 d14 n1155137 s37 t1899 b1964
  S4 p42 d13 n1715768 s25 t2786 b2137
  S4 p44 d12 n1043973 s27 t1642 b1968
  S4 p46 d12 n1637110 s10 t2629 b3041
  S4 p48 d13 n2025900 s-2 t3370 b1952
  S4 p50 d13 n1768308 s-14 t2908 b2381
  S4 p52 d17 n1326541 s-195 t2033 b1790
  S4 p54 d15 n1887201 s-736 t3105 b2962
  S4 p56 d17 n963393 s-818 t1694 b1861
  S4 p58 d19 n1594611 s-795 t2582 b3017
  S4 p60 d17 n771287 s-795 t1341 b1617
  S4 p62 d18 n4140086 s-824 t7246 b3740
  S4 p64 d16 n618093 s-824 t1173 b1420
  S4 p66 d15 n714599 s-806 t1146 b1516
  S4 p68 d16 n888274 s-815 t1378 b1548
  S4 p72 d17 n2532659 s-850 t3148 b2962
  S4 p74 d16 n2311468 s-860 t2879 b1859
  S4 p76 d14 n1181955 s-844 t1481 b1630
  S4 p78 d14 n1154228 s-864 t1385 b1947
  S4 p80 d15 n1690354 s-930 t2188 b2455
  S4 p82 d17 n2303077 s-936 t2925 b2322
  S4 p84 d15 n1741816 s-965 t2255 b3220
  S4 p86 d14 n934047 s-971 t1167 b1215
  S4 p88 d13 n1232678 s-986 t1563 b2840
  S4 p90 d12 n767219 s-984 t982 b1333
  S4 p92 d13 n1153393 s-995 t1471 b1227
  S4 p94 d13 n1153937 s-1031 t1505 b2913
  S4 p96 d15 n3111323 s-1070 t4080 b2378
  S4 p98 d16 n770775 s-1170 t988 b777
  S4 p100 d15 n2696192 s-1157 t3466 b1299
  S4 p102 d15 n636629 s-1201 t787 b1161
  S4 p104 d15 n386146 s-1267 t546 b1301
  S4 p106 d15 n1840128 s-1312 t2531 b1192
  S4 p108 d16 n1302712 s-1527 t1793 b1173
  S4 p110 d14 n1159168 s-1527 t1589 b391
  S4 p112 d11 n523264 s-1323 t745 b642
  S4 p114 d9 n331564 s-1309 t477 b497
  S4 p116 d9 n205086 s-1473 t317 b517
  S4 p118 d10 n409419 s-2326 t659 b697
  S4 p120 d9 n192996 s-3050 t355 b533
  S4 p122 d9 n200281 s-31990 t382 b467
  S4 p124 d49 n211025 s-31994 t282 b278
  S4 p126 d64 n7131 s-31996 t11 b301

Email hello@aichessathon.com with this file if anything here is unclear.
