AI CHESSATHON MATCH LOG
=======================

MATCH
  Round          Rated 20
  Team           Finlay Phillips
  Colour         Black
  Opponent       SaucyBeans
  Opening        Sicilian Classical
  Start FEN      r1bqkb1r/pp2pppp/2np1n2/1B6/3NP3/2N5/PPP2PPP/R1BQK2R b KQkq - 4 6
  You moved      First
  Machine        w-6ad781
  Finished       2026-09-05 11:09:43 UTC
  Match ID       df6b6f9b-225d-4667-8f69-cca8a8556dbf

INIT
  Ready in       37.8 s
  Budget         90.0 s
  Used           42 percent

CLOCK
  Base           120.0 s plus 0.5 s per move
  Moves          47
  Time used      114.3 s
  Slowest        8.9 s on move 36
  Fastest        0.0 s on move 43
  Average        2.4 s
  Left at end    29.2 s

RESULT
  Won by checkmate
  Game lasted 212.8 s

MOVES
    #  move          time     clock left
    1  Bd7           2.3 s      118.2 s
    2  bxc6          2.3 s      116.4 s
    3  e6            3.3 s      113.5 s
    4  Be7           2.0 s      112.0 s
    5  Qc7           4.8 s      107.7 s
    6  O-O           2.4 s      105.8 s
    7  Rac8          3.2 s      103.1 s
    8  e5            2.9 s      100.6 s
    9  Bg4           7.4 s       93.8 s
   10  Bh5           1.7 s       92.5 s
   11  Nd7           2.7 s       90.4 s
   12  Rfe8          3.0 s       87.9 s
   13  Nc5           2.7 s       85.7 s
   14  dxc5          1.9 s       84.2 s
   15  h6            4.0 s       80.7 s
   16  Bg6           2.4 s       78.9 s
   17  Kh7           1.6 s       77.7 s
   18  Rcd8          4.1 s       74.1 s
   19  Qa5           2.6 s       72.0 s
   20  c4            2.1 s       70.5 s
   21  Kg8           2.5 s       68.5 s
   22  h5            3.1 s       65.9 s
   23  Bd6           2.1 s       64.3 s
   24  Qc7           2.0 s       62.9 s
   25  f6            2.2 s       61.1 s
   26  Bf7           1.8 s       59.9 s
   27  Be7           1.5 s       58.9 s
   28  c5            2.1 s       57.2 s
   29  Bd6           4.2 s       53.5 s
   30  Qc6           1.8 s       52.2 s
   31  Bxd5          1.7 s       51.0 s
   32  Qd7           2.1 s       49.4 s
   33  f5            2.8 s       47.1 s
   34  e4            1.9 s       45.7 s
   35  Re5           3.0 s       43.2 s
   36  fxe4          8.9 s       34.8 s
   37  Qe8           1.6 s       33.7 s
   38  e3            1.8 s       32.4 s
   39  e2            4.8 s       28.1 s
   40  Re3           2.1 s       26.5 s
   41  Rxg3+         0.5 s       26.5 s
   42  Qe3           0.3 s       26.7 s
   43  Kxh7          0.0 s       27.2 s
   44  Qxd3          0.0 s       27.7 s
   45  Qxd5+         0.0 s       28.2 s
   46  Qxe4+         0.0 s       28.7 s
   47  Qxh4#         0.0 s       29.2 s

OUTPUT
  1,668 bytes on stderr

  S4 p0 d14 n1661361 s-18 t2300 b2758
  S4 p2 d15 n1815267 s-8 t2324 b2789
  S4 p4 d14 n2393961 s-6 t3347 b2790
  S4 p6 d14 n1473482 s0 t2036 b2762
  S4 p8 d14 n3504363 s-2 t4782 b4190
  S4 p10 d13 n1807795 s-2 t2407 b2667
  S4 p12 d14 n2367088 s7 t3207 b2657
  S4 p14 d17 n2269764 s10 t2938 b2616
  S4 p16 d17 n5194158 s19 t7360 b2594
  S4 p18 d16 n1311015 s19 t1733 b2453
  S4 p20 d14 n1931111 s22 t2666 b3735
  S4 p22 d12 n2186933 s29 t2989 b3779
  S4 p24 d14 n1985349 s31 t2700 b2420
  S4 p26 d14 n1559948 s46 t1930 b2457
  S4 p28 d14 n3074717 s39 t4007 b5858
  S4 p30 d15 n1832340 s37 t2355 b2385
  S4 p32 d14 n1199734 s41 t1623 b2388
  S4 p34 d15 n3157429 s36 t4117 b3736
  S4 p36 d15 n1923062 s52 t2595 b2308
  S4 p38 d14 n1486134 s58 t2064 b2261
  S4 p40 d14 n1770534 s64 t2448 b2765
  S4 p42 d15 n2272372 s65 t3087 b2223
  S4 p44 d14 n1563939 s62 t2073 b2763
  S4 p46 d13 n1509677 s62 t1981 b2179
  S4 p48 d14 n1757320 s58 t2205 b2256
  S4 p50 d14 n1391666 s58 t1773 b2139
  S4 p52 d14 n1196197 s60 t1471 b2107
  S4 p54 d16 n1825020 s65 t2145 b2100
  S4 p56 d19 n3660343 s65 t4207 b4927
  S4 p58 d18 n1586647 s65 t1786 b1985
  S4 p60 d15 n1308969 s117 t1737 b2030
  S4 p62 d16 n1523066 s115 t2097 b2143
  S4 p64 d15 n2144097 s141 t2838 b2098
  S4 p66 d16 n1329728 s132 t1853 b1946
  S4 p68 d17 n1945918 s156 t2995 b2313
  S4 p70 d16 n5983232 s163 t8947 b1837
  S4 p72 d16 n1096979 s264 t1575 b1496
  S4 p74 d15 n1068843 s279 t1751 b2858
  S4 p76 d13 n2879134 s582 t4790 b3010
  S4 p78 d14 n1149707 s801 t2100 b2579
  S4 p80 d9 n170901 s31989 t510 b2731
  S4 p82 d8 n92298 s31991 t276 b3731
  S4 p84 d1 n15 s31993 t0 b1979
  S4 p86 d2 n99 s31993 t0 b2576
  S4 p88 d1 n124 s31995 t0 b2172
  S4 p90 d1 n139 s31997 t0 b2205
  S4 p92 d1 n111 s31999 t0 b2311

Email hello@aichessathon.com with this file if anything here is unclear.
