AI CHESSATHON MATCH LOG
=======================

MATCH
  Round          Rated 3
  Team           Finlay Phillips
  Colour         Black
  Opponent       Fork 72
  Opening        Italian Game
  Start FEN      r1bqk2r/ppp2pp1/2np1n1p/2b1p3/4P3/1BPP1N2/PP3PPP/RNBQ1RK1 b kq - 1 7
  You moved      First
  Machine        w-d5eece
  Finished       2026-09-04 09:18:27 UTC
  Match ID       b4c72f0d-4254-4012-84f9-767e03a82292

INIT
  Ready in       NA
  Budget         90.0 s
  Used           NA

CLOCK
  Base           120.0 s plus 0.5 s per move
  Moves          40
  Time used      92.1 s
  Slowest        4.0 s on move 10
  Fastest        0.0 s on move 40
  Average        2.3 s
  Left at end    47.9 s

RESULT
  Won by checkmate
  Game lasted 197.8 s

MOVES
    #  move          time     clock left
    1  Bg4           3.2 s      117.3 s
    2  Bxf3          3.0 s      114.7 s
    3  O-O           3.3 s      111.9 s
    4  Rc8           3.2 s      109.3 s
    5  Re8           3.8 s      106.0 s
    6  g5            3.5 s      103.0 s
    7  b5            3.3 s      100.2 s
    8  Rb8           2.6 s       98.2 s
    9  b4            2.9 s       95.8 s
   10  Rxb4          4.0 s       92.3 s
   11  Bd4           3.8 s       89.0 s
   12  Bxb2          2.8 s       86.8 s
   13  Bxa3          2.5 s       84.7 s
   14  Nh7           2.5 s       82.7 s
   15  Rb1           3.0 s       80.1 s
   16  Rxf1+         2.3 s       78.3 s
   17  Kg7           2.0 s       76.8 s
   18  Re7           2.5 s       74.9 s
   19  Nxg5          2.3 s       73.1 s
   20  Qa8           2.5 s       71.1 s
   21  Bb2           2.1 s       69.6 s
   22  c5            1.9 s       68.2 s
   23  Qxa6          1.8 s       66.9 s
   24  Qa1+          2.0 s       65.4 s
   25  Qxb2          3.4 s       62.5 s
   26  Ra7           2.2 s       60.8 s
   27  exf4          2.2 s       59.1 s
   28  Ra1           2.0 s       57.6 s
   29  Qf6           2.0 s       56.1 s
   30  Qd4           1.9 s       54.7 s
   31  Nh3           1.7 s       53.5 s
   32  Ra2+          2.3 s       51.7 s
   33  Ng1+          1.6 s       50.5 s
   34  Qxd3+         1.4 s       49.6 s
   35  Rxd2          1.6 s       48.5 s
   36  Rb2           1.5 s       47.5 s
   37  Qc2           1.4 s       46.5 s
   38  Qxe2          0.1 s       46.9 s
   39  Qf2+          0.0 s       47.4 s
   40  Qh2#          0.0 s       47.9 s

OUTPUT
  NA. This game was played before agent logs were kept, so the output
  and the init time were never recorded. Everything above comes from
  the clocks in the game itself.

Email hello@aichessathon.com with this file if anything here is unclear.
