AI CHESSATHON MATCH LOG
=======================

MATCH
  Round          Rated 13
  Team           Finlay Phillips
  Colour         Black
  Opponent       Desai
  Opening        Sicilian Closed
  Start FEN      r1bqk1nr/pp3pbp/2npp1p1/2p5/4PP2/2NP2P1/PPP3BP/R1BQK1NR w KQkq - 0 7
  You moved      Second
  Machine        w-75c226
  Finished       2026-09-04 19:16:57 UTC
  Match ID       d270638e-93bb-4331-bbe4-2c1d9956afaa

INIT
  Ready in       28.7 s
  Budget         90.0 s
  Used           32 percent

CLOCK
  Base           120.0 s plus 0.5 s per move
  Moves          77
  Time used      134.8 s
  Slowest        3.8 s on move 8
  Fastest        0.0 s on move 77
  Average        1.8 s
  Left at end    23.7 s

RESULT
  Won by checkmate
  Game lasted 289.0 s

MOVES
    #  move          time     clock left
    1  Nf6           3.1 s      117.4 s
    2  dxe5          3.8 s      114.2 s
    3  bxc6          3.3 s      111.3 s
    4  Nd7           3.8 s      108.0 s
    5  Bxe5          3.0 s      105.5 s
    6  Bxg3+         2.6 s      103.4 s
    7  O-O           3.2 s      100.7 s
    8  Qc7           3.8 s       97.4 s
    9  Bb7           2.5 s       95.3 s
   10  Nf6           2.7 s       93.2 s
   11  hxg6          2.5 s       91.2 s
   12  Rae8          3.8 s       87.9 s
   13  Ba6           2.9 s       85.5 s
   14  Nh5           3.1 s       83.0 s
   15  gxh5          2.5 s       81.0 s
   16  Bxe5          2.5 s       79.0 s
   17  Kh8           2.2 s       77.3 s
   18  Bxc7          3.0 s       74.8 s
   19  Re6           3.2 s       72.2 s
   20  Rxe1+         2.7 s       70.0 s
   21  Re8+          3.1 s       67.4 s
   22  Re6           2.0 s       65.9 s
   23  Kg7           2.0 s       64.4 s
   24  Rf6+          1.7 s       63.1 s
   25  Kg8           1.9 s       61.7 s
   26  Kg7           2.0 s       60.2 s
   27  Bxa5          1.8 s       58.9 s
   28  Kf8           2.1 s       57.3 s
   29  Ke7           1.1 s       56.7 s
   30  Rf5           1.9 s       55.3 s
   31  Bb6           1.7 s       54.1 s
   32  f6            1.5 s       53.1 s
   33  Rf4           1.8 s       51.8 s
   34  Rf5           1.8 s       50.5 s
   35  Rf1           1.6 s       49.4 s
   36  Rf2           1.6 s       48.4 s
   37  Rf1           1.6 s       47.3 s
   38  Rf4           1.4 s       46.4 s
   39  Rg4+          1.5 s       45.3 s
   40  Rf4           1.6 s       44.2 s
   41  cxd4          1.3 s       43.4 s
   42  Rg4+          1.4 s       42.5 s
   43  Rg1           1.6 s       41.5 s
   44  Kd7           1.4 s       40.5 s
   45  Ke8           1.4 s       39.6 s
   46  Re1+          1.3 s       38.9 s
   47  Bd8           1.3 s       38.0 s
   48  Kxf8          1.2 s       37.4 s
   49  Bxc4          1.3 s       36.6 s
   50  Bxb3          1.1 s       36.0 s
   51  d3            1.4 s       35.1 s
   52  Bc2           1.1 s       34.5 s
   53  Kg7           1.1 s       33.9 s
   54  Re6           1.1 s       33.3 s
   55  Kf6           1.0 s       32.9 s
   56  Re2           1.0 s       32.4 s
   57  Kf5           1.1 s       31.7 s
   58  a5            1.0 s       31.3 s
   59  a4            1.0 s       30.8 s
   60  Kf4           0.9 s       30.3 s
   61  Ke5           1.5 s       29.4 s
   62  Kd4           1.0 s       28.9 s
   63  Kc4           1.0 s       28.4 s
   64  Kb3           1.2 s       27.7 s
   65  Ka2           1.4 s       26.8 s
   66  Kb1           0.8 s       26.5 s
   67  Bb3           0.9 s       26.1 s
   68  d2            1.0 s       25.6 s
   69  Ka1           1.0 s       25.0 s
   70  Ka2           1.6 s       23.9 s
   71  d1=Q          1.0 s       23.4 s
   72  Qd8+          0.9 s       23.0 s
   73  Bd5+          0.9 s       22.6 s
   74  Qc7+          0.8 s       22.3 s
   75  Re6+          0.1 s       22.7 s
   76  Qc6+          0.0 s       23.2 s
   77  Qa6#          0.0 s       23.7 s

OUTPUT
  Nothing written to stderr

Email hello@aichessathon.com with this file if anything here is unclear.
