AI CHESSATHON MATCH LOG
=======================

MATCH
  Round          Rated 6
  Team           Finlay Phillips
  Colour         White
  Opponent       Stonkfish
  Opening        Sicilian Sveshnikov
  Start FEN      r1bqkb1r/pp3ppp/2np1n2/4p3/4P3/N1N5/PPP2PPP/R1BQKB1R b KQkq - 1 7
  You moved      Second
  Machine        w-2b4afc
  Finished       2026-09-04 12:19:03 UTC
  Match ID       cae41e81-274c-45a7-a6c7-554fc46f8459

INIT
  Ready in       NA
  Budget         90.0 s
  Used           NA

CLOCK
  Base           120.0 s plus 0.5 s per move
  Moves          59
  Time used      117.9 s
  Slowest        4.0 s on move 3
  Fastest        0.0 s on move 59
  Average        2.0 s
  Left at end    31.6 s

RESULT
  Lost by checkmate
  Game lasted 227.1 s

MOVES
    #  move          time     clock left
    1  h3            3.4 s      117.1 s
    2  Bc4           3.5 s      114.0 s
    3  Bxe6          4.0 s      110.5 s
    4  Bxf7+         2.9 s      108.1 s
    5  bxc3          3.2 s      105.4 s
    6  Rb1           3.1 s      102.8 s
    7  Bb2           2.8 s      100.5 s
    8  Qg4           2.8 s       98.2 s
    9  Qxd7          3.1 s       95.6 s
   10  Rc1           2.8 s       93.3 s
   11  O-O           2.9 s       90.9 s
   12  Nb1           2.8 s       88.6 s
   13  Ba3           2.5 s       86.7 s
   14  Rxf2          2.3 s       84.9 s
   15  Bxf8          2.9 s       82.5 s
   16  Nd2           2.8 s       80.2 s
   17  Nf1           3.1 s       77.6 s
   18  Ne3           2.2 s       75.9 s
   19  Rd1           2.5 s       73.9 s
   20  h4            2.4 s       72.0 s
   21  Rb1           2.3 s       70.2 s
   22  h5            2.1 s       68.6 s
   23  Rb3           2.3 s       66.8 s
   24  Kf2           1.8 s       65.6 s
   25  Kxe3          2.0 s       64.0 s
   26  Ra3           2.9 s       61.7 s
   27  Kd2           1.7 s       60.4 s
   28  Rb3           1.7 s       59.2 s
   29  Rb1           1.7 s       58.1 s
   30  Ke2           1.7 s       56.8 s
   31  Rb5           1.8 s       55.5 s
   32  c4            1.6 s       54.4 s
   33  Rxd5          2.0 s       52.9 s
   34  Kd1           2.2 s       51.2 s
   35  Rd7           1.8 s       49.9 s
   36  Rf7+          1.8 s       48.6 s
   37  Rd7           1.8 s       47.3 s
   38  a4            2.1 s       45.6 s
   39  Rb7           1.3 s       44.9 s
   40  Rd7           1.8 s       43.6 s
   41  Rf7+          1.2 s       42.9 s
   42  Rd7           1.4 s       42.0 s
   43  Rd6           1.7 s       40.9 s
   44  Rxd2          1.3 s       40.0 s
   45  Kxd2          1.3 s       39.2 s
   46  Ke1           1.2 s       38.5 s
   47  Ke2           1.7 s       37.3 s
   48  Kd3           1.5 s       36.3 s
   49  c5            1.1 s       35.7 s
   50  Kc4           1.4 s       34.8 s
   51  Kb5           1.4 s       33.9 s
   52  Kxa5          1.2 s       33.2 s
   53  Ka6           1.4 s       32.2 s
   54  c3            1.1 s       31.7 s
   55  a5            1.2 s       30.9 s
   56  c4            1.2 s       30.2 s
   57  Ka7           0.1 s       30.6 s
   58  Ka8           0.0 s       31.1 s
   59  Ka7           0.0 s       31.6 s

OUTPUT
  NA. This game was played before agent logs were kept, so the output
  and the init time were never recorded. Everything above comes from
  the clocks in the game itself.

Email hello@aichessathon.com with this file if anything here is unclear.
