AI CHESSATHON MATCH LOG
=======================

MATCH
  Round          Rated 14
  Team           Finlay Phillips
  Colour         White
  Opponent       Sillycats
  Opening        French Tarrasch
  Start FEN      rnbqkbnr/pp3ppp/8/2pp4/3P4/7P/PPPN1PP1/R1BQKBNR b KQkq - 0 5
  You moved      Second
  Machine        w-909a54
  Finished       2026-09-04 20:15:28 UTC
  Match ID       ffc1d6f4-627e-49ad-996f-ee9c6ad20d24

INIT
  Ready in       34.5 s
  Budget         90.0 s
  Used           38 percent

CLOCK
  Base           120.0 s plus 0.5 s per move
  Moves          61
  Time used      122.0 s
  Slowest        4.9 s on move 35
  Fastest        0.0 s on move 61
  Average        2.0 s
  Left at end    28.5 s

RESULT
  Won by checkmate
  Game lasted 245.0 s

MOVES
    #  move          time     clock left
    1  Nb3           3.1 s      117.4 s
    2  Nxd4          3.0 s      114.9 s
    3  Bb5+          3.0 s      112.3 s
    4  Bxd7+         3.6 s      109.2 s
    5  Ngf3          2.9 s      106.7 s
    6  O-O           3.3 s      104.0 s
    7  Be3           3.9 s      100.5 s
    8  Nxc6          3.0 s       98.0 s
    9  Bxc5          2.8 s       95.8 s
   10  Qd4           2.8 s       93.5 s
   11  Rac1          2.9 s       91.1 s
   12  Qxc5          2.5 s       89.1 s
   13  Nd4           3.5 s       86.2 s
   14  Rfe1          3.2 s       83.5 s
   15  f3            2.5 s       81.5 s
   16  Rxe8+         2.1 s       79.8 s
   17  b3            2.8 s       77.6 s
   18  Kf2           2.1 s       76.0 s
   19  Ne2           2.1 s       74.4 s
   20  Rd1           2.2 s       72.7 s
   21  Rd3           2.4 s       70.8 s
   22  b4            2.3 s       69.0 s
   23  h4            2.4 s       67.1 s
   24  g4            2.4 s       65.2 s
   25  Kf1           1.8 s       63.8 s
   26  g5            2.7 s       61.7 s
   27  Nc3           1.8 s       60.3 s
   28  Rxc3          1.8 s       59.0 s
   29  Rxa3          2.2 s       57.3 s
   30  b5            2.0 s       55.8 s
   31  Ra6           1.7 s       54.6 s
   32  hxg5          1.6 s       53.5 s
   33  Ke2           2.2 s       51.8 s
   34  Kd2           1.8 s       50.5 s
   35  Rxb6          4.9 s       46.1 s
   36  Rd6           2.2 s       44.4 s
   37  b6            1.4 s       43.6 s
   38  c3            1.2 s       42.8 s
   39  Kc2           1.3 s       42.0 s
   40  Rxd4          1.8 s       40.7 s
   41  a4            1.6 s       39.6 s
   42  a5            1.2 s       38.9 s
   43  Rd6           1.2 s       38.2 s
   44  a6            1.5 s       37.3 s
   45  Kd3           1.2 s       36.5 s
   46  a7            1.2 s       35.9 s
   47  Kc4           1.1 s       35.3 s
   48  a8=Q          1.3 s       34.5 s
   49  Qf8+          1.3 s       33.7 s
   50  Qc5+          1.3 s       32.9 s
   51  Qxb6          1.0 s       32.4 s
   52  Kd5           1.0 s       31.8 s
   53  Ke5           1.2 s       31.1 s
   54  Qxg6+         1.0 s       30.6 s
   55  Qxf5+         2.9 s       28.3 s
   56  Qc2           1.0 s       27.7 s
   57  Qe4+          0.9 s       27.3 s
   58  Kf4           0.8 s       27.0 s
   59  Kf3           0.1 s       27.5 s
   60  Kg3+          0.0 s       28.0 s
   61  Qg2#          0.0 s       28.5 s

OUTPUT
  Nothing written to stderr

Email hello@aichessathon.com with this file if anything here is unclear.
