AI CHESSATHON MATCH LOG
=======================

MATCH
  Round          Rated 12
  Team           Finlay Phillips
  Colour         White
  Opponent       Keresight
  Opening        King's Indian Classical
  Start FEN      r1b1qrk1/ppp2pbp/n2p2p1/4p1B1/2PPP1n1/2NQ1N2/PP2BPPP/R3K2R w KQ - 6 10
  You moved      First
  Machine        w-aac959
  Finished       2026-09-04 18:14:17 UTC
  Match ID       6e27a145-8951-4d22-9d5c-5e16a32c58a1

INIT
  Ready in       28.7 s
  Budget         90.0 s
  Used           32 percent

CLOCK
  Base           120.0 s plus 0.5 s per move
  Moves          75
  Time used      134.5 s
  Slowest        3.8 s on move 13
  Fastest        0.0 s on move 74
  Average        1.8 s
  Left at end    23.0 s

RESULT
  Lost by checkmate
  Game lasted 284.7 s

MOVES
    #  move          time     clock left
    1  d5            3.7 s      116.8 s
    2  h3            3.1 s      114.2 s
    3  Qc2           3.7 s      111.0 s
    4  hxg4          3.4 s      108.1 s
    5  gxf3          3.0 s      105.6 s
    6  Nxe4          2.6 s      103.5 s
    7  Nxd6          3.3 s      100.6 s
    8  fxg4          2.7 s       98.4 s
    9  Rb1           2.9 s       96.0 s
   10  Qxe4          2.9 s       93.6 s
   11  Kd1           2.8 s       91.3 s
   12  Be3           3.1 s       88.7 s
   13  Bxf2          3.8 s       85.4 s
   14  Rxb7          2.8 s       83.1 s
   15  Rh3           3.2 s       80.5 s
   16  Rb8+          2.6 s       78.3 s
   17  Rxc3          2.0 s       76.8 s
   18  Rb7+          2.5 s       74.8 s
   19  Rh3+          2.2 s       73.0 s
   20  Ke1           2.5 s       71.0 s
   21  Rb1           2.8 s       68.7 s
   22  Rf3           1.9 s       67.4 s
   23  Rf6           1.8 s       66.0 s
   24  Re6           1.9 s       64.7 s
   25  Kd1           1.7 s       63.5 s
   26  Ke1           2.5 s       61.5 s
   27  Kd1           1.9 s       60.1 s
   28  Re1           2.4 s       58.2 s
   29  Kc1           1.0 s       57.8 s
   30  Rb7           2.5 s       55.8 s
   31  Kb1           1.5 s       54.7 s
   32  Rd7           1.6 s       53.6 s
   33  Re8           1.7 s       52.3 s
   34  Kc1           2.2 s       50.6 s
   35  Kb1           2.3 s       48.9 s
   36  Red8          1.4 s       48.0 s
   37  Kc1           1.6 s       46.9 s
   38  Ra7           1.9 s       45.4 s
   39  Kb1           1.6 s       44.3 s
   40  Rda8          1.7 s       43.1 s
   41  Kc1           1.6 s       42.1 s
   42  Rh8           1.7 s       40.9 s
   43  Rg7           1.4 s       40.0 s
   44  Re8+          1.4 s       39.1 s
   45  Rf7           1.5 s       38.1 s
   46  Rc8           1.2 s       37.4 s
   47  Rf1           1.2 s       36.7 s
   48  Rd1+          1.3 s       35.9 s
   49  Kb1           1.5 s       34.9 s
   50  Kc1           1.5 s       34.0 s
   51  Kb1           1.7 s       32.8 s
   52  Kc1           1.4 s       31.9 s
   53  Re8+          0.9 s       31.4 s
   54  Rg8           1.5 s       30.4 s
   55  Kb1           1.0 s       30.0 s
   56  Rh1           1.0 s       29.5 s
   57  Ka1           1.1 s       28.9 s
   58  Rg6+          1.1 s       28.3 s
   59  Rxa6          1.1 s       27.7 s
   60  Rg1           1.1 s       27.2 s
   61  Ra3           1.1 s       26.6 s
   62  Ka2           1.1 s       26.1 s
   63  Rc3+          1.1 s       25.5 s
   64  Ra3           0.9 s       25.1 s
   65  Ra8           1.1 s       24.6 s
   66  Rd8+          0.9 s       24.2 s
   67  Ra8           0.9 s       23.7 s
   68  Ra5           0.8 s       23.5 s
   69  Re1           1.2 s       22.8 s
   70  Rxe4          1.2 s       22.1 s
   71  Ra3           0.8 s       21.8 s
   72  Rb3           0.7 s       21.6 s
   73  Kb2           0.1 s       22.0 s
   74  Kc1           0.0 s       22.5 s
   75  Kd1           0.0 s       23.0 s

OUTPUT
  Nothing written to stderr

Email hello@aichessathon.com with this file if anything here is unclear.
