AI CHESSATHON MATCH LOG
=======================

MATCH
  Round          Rated 5
  Team           Finlay Phillips
  Colour         Black
  Opponent       Baryon
  Opening        Italian Game
  Start FEN      r1bqk2r/ppp2ppp/1bnp1n2/4p3/PPB1P3/2PP1N2/5PPP/RNBQK2R b KQkq - 0 7
  You moved      First
  Machine        w-2b4afc
  Finished       2026-09-04 11:26:00 UTC
  Match ID       95ba8111-4884-4474-aba5-43a723ea9f03

INIT
  Ready in       NA
  Budget         90.0 s
  Used           NA

CLOCK
  Base           120.0 s plus 0.5 s per move
  Moves          55
  Time used      116.6 s
  Slowest        5.0 s on move 2
  Fastest        0.0 s on move 55
  Average        2.1 s
  Left at end    30.9 s

RESULT
  Won by checkmate
  Game lasted 219.8 s

MOVES
    #  move          time     clock left
    1  a5            3.0 s      117.5 s
    2  Ne7           5.0 s      113.0 s
    3  Ng6           3.4 s      110.1 s
    4  O-O           2.8 s      107.8 s
    5  c6            3.1 s      105.2 s
    6  bxc6          3.3 s      102.4 s
    7  d5            3.5 s       99.4 s
    8  e4            3.1 s       96.7 s
    9  exf3          3.2 s       94.0 s
   10  Qc7           3.6 s       90.9 s
   11  Bf5           2.6 s       88.8 s
   12  Rad8          3.6 s       85.7 s
   13  Bc5           2.5 s       83.7 s
   14  gxf6          2.7 s       81.5 s
   15  Be4           2.5 s       79.5 s
   16  Rfe8          2.1 s       78.0 s
   17  Ba3           2.0 s       76.4 s
   18  Bb4           2.2 s       74.8 s
   19  Nf4           2.5 s       72.8 s
   20  f5            2.0 s       71.2 s
   21  h6            2.0 s       69.7 s
   22  Nd3           1.7 s       68.5 s
   23  Nc5           2.1 s       66.9 s
   24  Kh7           1.8 s       65.6 s
   25  f4            2.5 s       63.6 s
   26  Bg6           3.9 s       60.2 s
   27  Ne4           1.5 s       59.2 s
   28  Ng5           2.9 s       56.8 s
   29  Re4           1.5 s       55.7 s
   30  Re1+          1.7 s       54.5 s
   31  Bxe1          1.8 s       53.2 s
   32  Qd6           1.9 s       51.8 s
   33  Qe5           1.7 s       50.6 s
   34  Be4           1.7 s       49.4 s
   35  f5            1.9 s       48.0 s
   36  hxg5          1.6 s       46.9 s
   37  Rg8           1.4 s       45.9 s
   38  Bc2           1.3 s       45.1 s
   39  g4            1.4 s       44.2 s
   40  fxg4          2.0 s       42.7 s
   41  Rxc8          1.4 s       41.8 s
   42  g3            1.6 s       40.7 s
   43  Bf5           1.5 s       39.7 s
   44  Kg7           1.7 s       38.5 s
   45  gxf2+         1.3 s       37.7 s
   46  Qe1+          1.1 s       37.0 s
   47  Qe3+          3.0 s       34.6 s
   48  Qxg5          3.6 s       31.4 s
   49  Be4           1.0 s       31.0 s
   50  Bxf3          1.1 s       30.4 s
   51  Rh8           1.0 s       29.9 s
   52  Rh2+          0.9 s       29.5 s
   53  Rd2+          0.1 s       29.9 s
   54  Re2+          0.0 s       30.4 s
   55  Qe3#          0.0 s       30.9 s

OUTPUT
  NA. This game was played before agent logs were kept, so the output
  and the init time were never recorded. Everything above comes from
  the clocks in the game itself.

Email hello@aichessathon.com with this file if anything here is unclear.
