AI CHESSATHON MATCH LOG
=======================

MATCH
  Round          Rated 4
  Team           Finlay Phillips
  Colour         Black
  Opponent       TheROOK
  Opening        English Symmetrical
  Start FEN      r1bqk2r/pp1pppbp/2n2np1/2p5/Q1P5/2N2NP1/PP1PPPBP/R1B1K2R b KQkq - 5 6
  You moved      First
  Machine        w-aed3b9
  Finished       2026-09-04 10:20:43 UTC
  Match ID       110482de-a861-48b8-94f6-dd029e900b2b

INIT
  Ready in       NA
  Budget         90.0 s
  Used           NA

CLOCK
  Base           120.0 s plus 0.5 s per move
  Moves          73
  Time used      131.6 s
  Slowest        4.3 s on move 2
  Fastest        0.0 s on move 60
  Average        1.8 s
  Left at end    24.9 s

RESULT
  Lost by checkmate
  Game lasted 279.2 s

MOVES
    #  move          time     clock left
    1  O-O           3.4 s      117.1 s
    2  d6            4.3 s      113.3 s
    3  Nd4           4.0 s      109.8 s
    4  cxd4          2.6 s      107.7 s
    5  Bd7           3.6 s      104.6 s
    6  a6            3.0 s      102.1 s
    7  Qxa8          2.5 s      100.1 s
    8  Qd8           2.9 s       97.8 s
    9  Ne8           2.7 s       95.5 s
   10  Bg4           4.0 s       92.0 s
   11  Bf5           2.8 s       89.7 s
   12  Nxc7          2.5 s       87.7 s
   13  Qd7           2.4 s       85.9 s
   14  Be6           3.1 s       83.3 s
   15  Be5           2.2 s       81.6 s
   16  Ra8           2.7 s       79.3 s
   17  f6            2.2 s       77.6 s
   18  f5            2.9 s       75.3 s
   19  Bg7           2.0 s       73.7 s
   20  Qd8           2.0 s       72.3 s
   21  Rb8           1.8 s       70.9 s
   22  Qc8           1.9 s       69.5 s
   23  Bf7           2.3 s       67.7 s
   24  Rb7           2.2 s       66.0 s
   25  Ne6           2.9 s       63.7 s
   26  Nc5           2.4 s       61.7 s
   27  Na6           1.7 s       60.6 s
   28  Qa8           1.9 s       59.2 s
   29  h6            1.9 s       57.8 s
   30  hxg5          2.0 s       56.3 s
   31  Be6           2.2 s       54.6 s
   32  Kf8           1.7 s       53.4 s
   33  Qb8           1.6 s       52.3 s
   34  Bd7           1.5 s       51.2 s
   35  Bxb5          1.7 s       50.0 s
   36  Nc5           1.7 s       48.8 s
   37  Kf7           1.6 s       47.7 s
   38  e6            1.4 s       46.8 s
   39  Kg8           1.3 s       46.1 s
   40  Kf7           1.8 s       44.7 s
   41  Kg8           1.5 s       43.7 s
   42  Kf8           1.6 s       42.6 s
   43  dxc5          1.5 s       41.6 s
   44  Kf7           1.3 s       40.9 s
   45  Qd8           1.2 s       40.1 s
   46  Qb8           1.6 s       39.0 s
   47  Ke7           1.3 s       38.2 s
   48  Kf7           1.8 s       36.8 s
   49  Re7           1.4 s       35.9 s
   50  Rxa7          1.1 s       35.3 s
   51  Qxa7          1.1 s       34.7 s
   52  Qe7           1.6 s       33.6 s
   53  Kg8           1.0 s       33.1 s
   54  Kxh7          1.4 s       32.2 s
   55  Qxe8          1.2 s       31.5 s
   56  Bh8           1.1 s       30.9 s
   57  Kg7           1.1 s       30.3 s
   58  Kg8           1.8 s       29.0 s
   59  Kg7           1.3 s       28.2 s
   60  Kg8           0.0 s       28.7 s
   61  Bg7           0.9 s       28.4 s
   62  Bf8           1.0 s       27.9 s
   63  Kh7           1.2 s       27.2 s
   64  Kg8           0.8 s       26.8 s
   65  Kh8           1.0 s       26.4 s
   66  Bg7           1.2 s       25.6 s
   67  Kh7           0.8 s       25.3 s
   68  Kh8           0.9 s       24.9 s
   69  Kg8           1.0 s       24.5 s
   70  Kh8           0.8 s       24.2 s
   71  Bf8           0.8 s       23.9 s
   72  Bg7           0.0 s       24.4 s
   73  Kh7           0.0 s       24.9 s

OUTPUT
  NA. This game was played before agent logs were kept, so the output
  and the init time were never recorded. Everything above comes from
  the clocks in the game itself.

Email hello@aichessathon.com with this file if anything here is unclear.
