AI CHESSATHON MATCH LOG
=======================

MATCH
  Round          Rated 8
  Team           Finlay Phillips
  Colour         White
  Opponent       lefischer
  Opening        London System
  Start FEN      r1bqkb1r/pp3ppp/2n1pn2/2pp4/3P1B2/2PBP3/PP1N1PPP/R2QK1NR b KQkq - 1 6
  You moved      Second
  Machine        w-909a54
  Finished       2026-09-04 14:23:58 UTC
  Match ID       42dc8999-e3b1-4812-81a0-49fadeaa29ef

INIT
  Ready in       NA
  Budget         90.0 s
  Used           NA

CLOCK
  Base           120.0 s plus 0.5 s per move
  Moves          60
  Time used      120.5 s
  Slowest        3.9 s on move 11
  Fastest        0.0 s on move 60
  Average        2.0 s
  Left at end    29.5 s

RESULT
  Won by checkmate
  Game lasted 251.9 s

MOVES
    #  move          time     clock left
    1  cxd4          3.3 s      117.2 s
    2  Be2           3.7 s      113.9 s
    3  Ngf3          3.8 s      110.6 s
    4  exf4          3.0 s      108.1 s
    5  O-O           2.7 s      105.9 s
    6  Ne5           3.1 s      103.2 s
    7  Rc1           3.4 s      100.3 s
    8  Nb3           2.8 s       98.0 s
    9  Bf3           3.4 s       95.1 s
   10  Nc5           3.2 s       92.4 s
   11  Re1           3.9 s       88.9 s
   12  Qd2           2.6 s       86.8 s
   13  h3            2.8 s       84.5 s
   14  Ncxd7         2.4 s       82.6 s
   15  f5            2.6 s       80.5 s
   16  fxe6          3.1 s       78.0 s
   17  Qc2           2.8 s       75.7 s
   18  bxa3          2.5 s       73.7 s
   19  Nxc6          1.9 s       72.3 s
   20  Qxc6          2.0 s       70.8 s
   21  Rcd1          2.1 s       69.2 s
   22  Bxd5          2.2 s       67.4 s
   23  Bxe6          2.6 s       65.3 s
   24  Qc2+          2.2 s       63.6 s
   25  Rxe6          1.7 s       62.4 s
   26  Qxf5          2.3 s       60.6 s
   27  Kh2           1.8 s       59.3 s
   28  Rf6           2.0 s       57.8 s
   29  Rxf5          2.1 s       56.2 s
   30  a4            1.8 s       54.9 s
   31  g4            1.6 s       53.8 s
   32  a5            1.9 s       52.3 s
   33  Kg3           1.4 s       51.4 s
   34  f3            1.5 s       50.4 s
   35  hxg4          1.8 s       49.2 s
   36  Rc5           2.6 s       47.0 s
   37  f4            1.7 s       45.9 s
   38  g5            1.4 s       44.9 s
   39  Rc7+          2.0 s       43.4 s
   40  Rc6+          1.5 s       42.4 s
   41  Rf6           1.5 s       41.4 s
   42  Rxf7+         1.2 s       40.7 s
   43  g6            1.3 s       39.9 s
   44  f5+           1.5 s       39.0 s
   45  g7            1.3 s       38.2 s
   46  Kh2           1.5 s       37.2 s
   47  Rf8           1.1 s       36.7 s
   48  Kh3           1.5 s       35.6 s
   49  Kg4           1.4 s       34.8 s
   50  Re8+          1.3 s       34.0 s
   51  g8=Q          0.9 s       33.5 s
   52  Kf4           1.2 s       32.8 s
   53  Rxg8          0.9 s       32.4 s
   54  Rg3           2.4 s       30.5 s
   55  Re3           1.1 s       30.0 s
   56  Kg5           0.9 s       29.6 s
   57  f6            2.0 s       28.1 s
   58  Kg6           0.1 s       28.5 s
   59  Re1           0.0 s       29.0 s
   60  Re8#          0.0 s       29.5 s

OUTPUT
  NA. This game was played before agent logs were kept, so the output
  and the init time were never recorded. Everything above comes from
  the clocks in the game itself.

Email hello@aichessathon.com with this file if anything here is unclear.
