AI CHESSATHON MATCH LOG
=======================

MATCH
  Round          Rated 2
  Team           Finlay Phillips
  Colour         White
  Opponent       omega3 fish
  Opening        Caro-Kann Exchange
  Start FEN      r2qkb1r/pp2pppp/2n2n2/3p4/3P1Bb1/1QPB4/PP3PPP/RN2K1NR b KQkq - 4 7
  You moved      Second
  Machine        w-ce5f0d
  Finished       2026-09-04 08:05:57 UTC
  Match ID       9269bc52-0658-4de8-a981-8dbe5a663e4b

INIT
  Ready in       NA
  Budget         90.0 s
  Used           NA

CLOCK
  Base           120.0 s plus 0.5 s per move
  Moves          66
  Time used      126.3 s
  Slowest        3.9 s on move 13
  Fastest        0.0 s on move 66
  Average        1.9 s
  Left at end    26.7 s

RESULT
  Lost by checkmate
  Game lasted 274.2 s

MOVES
    #  move          time     clock left
    1  Qc2           3.1 s      117.4 s
    2  Nd2           2.8 s      115.2 s
    3  Bxd6          3.0 s      112.6 s
    4  Ngf3          3.6 s      109.5 s
    5  b4            3.0 s      107.0 s
    6  a3            3.7 s      103.8 s
    7  b5            3.7 s      100.6 s
    8  O-O           3.3 s       97.8 s
    9  Ne5           2.7 s       95.6 s
   10  Bxf5          2.5 s       93.6 s
   11  Qb3           3.1 s       91.0 s
   12  Qa4           3.5 s       88.0 s
   13  g4            3.9 s       84.6 s
   14  Rab1          2.7 s       82.5 s
   15  Nxe4          2.6 s       80.4 s
   16  Rb4           2.7 s       78.2 s
   17  Qc2           2.2 s       76.5 s
   18  Nd3           2.3 s       74.7 s
   19  Qb2           2.7 s       72.5 s
   20  Ra4           2.4 s       70.5 s
   21  Rxc4          1.9 s       69.1 s
   22  Nb4           2.1 s       67.5 s
   23  Rd1           2.5 s       65.5 s
   24  Qe2           2.8 s       63.3 s
   25  Na2           2.1 s       61.7 s
   26  Rf1           2.0 s       60.1 s
   27  Kg2           2.2 s       58.5 s
   28  Kxh3          1.8 s       57.2 s
   29  Kg3           1.8 s       55.9 s
   30  Rf3           1.5 s       54.9 s
   31  Rf2           1.7 s       53.7 s
   32  Rxe2          1.5 s       52.7 s
   33  h3            1.9 s       51.4 s
   34  Kg2           1.8 s       50.0 s
   35  Rf2           1.6 s       49.0 s
   36  a4            1.4 s       48.1 s
   37  Kh2           1.7 s       46.9 s
   38  Nc1           1.4 s       46.0 s
   39  Ne2           1.6 s       44.9 s
   40  Rg2           1.4 s       44.0 s
   41  Rg3           1.6 s       42.9 s
   42  Kg2           1.3 s       42.1 s
   43  Kf3           1.3 s       41.4 s
   44  h4            2.0 s       39.8 s
   45  Rg1           1.4 s       39.0 s
   46  b6            1.3 s       38.2 s
   47  Rxd1          1.2 s       37.4 s
   48  Kxe3          1.4 s       36.5 s
   49  Kf2           1.8 s       35.2 s
   50  Kf3           1.3 s       34.3 s
   51  Kf2           1.1 s       33.8 s
   52  h5            1.2 s       33.1 s
   53  Ke3           1.5 s       32.0 s
   54  Kf2           1.0 s       31.5 s
   55  Ke3           0.9 s       31.1 s
   56  Kd3           1.0 s       30.6 s
   57  Nc3           1.4 s       29.7 s
   58  Kc4           1.1 s       29.1 s
   59  Kd4           1.2 s       28.4 s
   60  Nb1           1.1 s       27.8 s
   61  Kc5           1.8 s       26.5 s
   62  Kd6           1.0 s       26.1 s
   63  Kd7           0.8 s       25.7 s
   64  Kc8           0.6 s       25.7 s
   65  Kb8           0.0 s       26.2 s
   66  Ka7           0.0 s       26.7 s

OUTPUT
  NA. This game was played before agent logs were kept, so the output
  and the init time were never recorded. Everything above comes from
  the clocks in the game itself.

Email hello@aichessathon.com with this file if anything here is unclear.
