AI CHESSATHON MATCH LOG
=======================

MATCH
  Round          Rated 11
  Team           Finlay Phillips
  Colour         Black
  Opponent       TriggerFish
  Opening        Grunfeld Defence
  Start FEN      rn1qk2r/pp2ppbp/6p1/2p5/3PP1b1/2P1BN2/P4PPP/2RQKB1R b Kkq - 3 9
  You moved      First
  Machine        w-4c9a83
  Finished       2026-09-04 17:15:13 UTC
  Match ID       beeb03d7-38b2-436d-aff1-c3e369e7fee9

INIT
  Ready in       29.4 s
  Budget         90.0 s
  Used           33 percent

CLOCK
  Base           120.0 s plus 0.5 s per move
  Moves          65
  Time used      125.8 s
  Slowest        4.2 s on move 1
  Fastest        0.0 s on move 65
  Average        1.9 s
  Left at end    26.7 s

RESULT
  Won by checkmate
  Game lasted 263.3 s

MOVES
    #  move          time     clock left
    1  cxd4          4.2 s      116.3 s
    2  Bxf3          3.4 s      113.4 s
    3  O-O           3.1 s      110.8 s
    4  e6            2.9 s      108.3 s
    5  Nc6           3.3 s      105.6 s
    6  Ne7           3.7 s      102.3 s
    7  h6            3.0 s       99.9 s
    8  Qd7           2.8 s       97.6 s
    9  Qxe7          2.5 s       95.6 s
   10  Rfd8          2.9 s       93.2 s
   11  Rd7           3.2 s       90.5 s
   12  Rad8          2.4 s       88.5 s
   13  h5            3.4 s       85.6 s
   14  Bh6           2.4 s       83.7 s
   15  Rxd4          2.3 s       81.9 s
   16  Rxd4          2.5 s       79.9 s
   17  Qd8           2.0 s       78.4 s
   18  Rd1+          2.6 s       76.3 s
   19  Qxd1+         2.7 s       74.1 s
   20  Qg4+          2.6 s       72.0 s
   21  Bxf4          2.8 s       69.7 s
   22  hxg4          2.0 s       68.2 s
   23  Bxe5          2.3 s       66.4 s
   24  gxh3+         2.9 s       63.9 s
   25  f5            2.1 s       62.4 s
   26  g5            1.8 s       61.1 s
   27  a5            1.6 s       60.0 s
   28  g4+           1.7 s       58.8 s
   29  Bd4           1.9 s       57.4 s
   30  Kf7           1.6 s       56.4 s
   31  Kf6           1.6 s       55.3 s
   32  Bc3           1.8 s       54.0 s
   33  e5            2.1 s       52.4 s
   34  Bb4           1.5 s       51.4 s
   35  Be1           1.4 s       50.5 s
   36  e4            1.4 s       49.6 s
   37  Ke5           1.7 s       48.4 s
   38  f4            1.4 s       47.5 s
   39  g3            1.6 s       46.4 s
   40  Bxg3          1.7 s       45.2 s
   41  Be1           1.4 s       44.3 s
   42  f3            3.4 s       41.4 s
   43  f2            1.7 s       40.3 s
   44  Kd4           1.1 s       39.6 s
   45  Bb4           1.3 s       38.8 s
   46  Bd6+          1.3 s       37.9 s
   47  e3            1.4 s       37.0 s
   48  Kc3           1.5 s       36.1 s
   49  Kd2           1.2 s       35.3 s
   50  Bf8           1.5 s       34.4 s
   51  Be7           1.0 s       33.9 s
   52  Bb4           1.5 s       32.9 s
   53  Bc5           1.8 s       31.6 s
   54  Ke1           1.1 s       31.0 s
   55  f1=Q+         1.0 s       30.5 s
   56  Kxf1          2.2 s       28.8 s
   57  e2            1.9 s       27.4 s
   58  Bg1           1.2 s       26.7 s
   59  e1=Q+         1.1 s       26.1 s
   60  Qe5           0.6 s       26.0 s
   61  Qe6+          0.9 s       25.6 s
   62  Be3+          0.8 s       25.3 s
   63  Kg2           0.1 s       25.7 s
   64  Qh6+          0.0 s       26.2 s
   65  Qg5#          0.0 s       26.7 s

OUTPUT
  Nothing written to stderr

Email hello@aichessathon.com with this file if anything here is unclear.
