AI CHESSATHON MATCH LOG
=======================

MATCH
  Round          Rated 38
  Team           Finlay Phillips
  Colour         Black
  Opponent       RMFE
  Opening        Sicilian Closed
  Start FEN      r1bqk2r/pp2npbp/2npp1p1/2p5/4P3/2NPB1P1/PPPQNPBP/R3K2R b KQkq - 3 8
  You moved      First
  Machine        w-d07f0a
  Finished       2026-09-06 14:07:14 UTC
  Match ID       95121ad4-1940-4d5c-be22-0a4b2b8497a3

INIT
  Ready in       47.0 s
  Budget         90.0 s
  Used           52 percent

CLOCK
  Base           120.0 s plus 0.5 s per move
  Moves          96
  Time used      164.3 s
  Slowest        14.0 s on move 19
  Fastest        0.0 s on move 17
  Average        1.7 s
  Left at end    3.7 s

RESULT
  Drawn by fifty moves
  Game lasted 324.4 s

MOVES
    #  move          time     clock left
    1  h6            4.1 s      116.4 s
    2  cxd4          2.2 s      114.8 s
    3  Ne5           2.2 s      113.0 s
    4  d5            5.1 s      108.4 s
    5  Nc4           2.4 s      106.5 s
    6  Nxe3          2.7 s      104.3 s
    7  a6            2.5 s      102.4 s
    8  axb5          2.0 s      100.9 s
    9  Qa5           2.1 s       99.2 s
   10  Kxf7          3.8 s       95.9 s
   11  Re8           8.4 s       88.0 s
   12  Kf8           5.8 s       82.8 s
   13  Bf5           5.7 s       77.6 s
   14  Bxc3         11.7 s       66.4 s
   15  Qxc3          2.5 s       64.4 s
   16  Qg7           0.0 s       64.8 s
   17  Kxg7          0.0 s       65.3 s
   18  b4            2.5 s       63.4 s
   19  Kf8          14.0 s       49.9 s
   20  Nc6           2.9 s       47.5 s
   21  Rxe8          4.2 s       43.8 s
   22  Kxe8          2.0 s       42.3 s
   23  bxc3+         4.3 s       38.5 s
   24  Ke7          10.4 s       28.5 s
   25  Kd6           2.7 s       26.3 s
   26  Be4           3.0 s       23.9 s
   27  Ke5           4.0 s       20.4 s
   28  Kf5           2.0 s       18.9 s
   29  gxh5          1.9 s       17.5 s
   30  Bg2           3.2 s       14.8 s
   31  Ne7           1.3 s       14.1 s
   32  Ke4           1.2 s       13.4 s
   33  Nd5           2.8 s       11.0 s
   34  Ne3           0.7 s       10.9 s
   35  Kf3           1.8 s        9.6 s
   36  Kxg3          1.5 s        8.6 s
   37  Ng4           0.7 s        8.4 s
   38  Bc6           0.8 s        8.2 s
   39  Ba4           1.2 s        7.5 s
   40  Ne5           1.3 s        6.7 s
   41  Kf4           1.0 s        6.2 s
   42  Be8           0.8 s        5.9 s
   43  Kf5           1.3 s        5.2 s
   44  Kxf6          0.5 s        5.1 s
   45  Nc6+          0.4 s        5.2 s
   46  Nxa5          0.6 s        5.1 s
   47  Nb3+          0.6 s        5.0 s
   48  Nd4           0.5 s        5.0 s
   49  Bc6           0.7 s        4.8 s
   50  Ke5           0.5 s        4.7 s
   51  Ba8           0.4 s        4.9 s
   52  Bd5           0.6 s        4.8 s
   53  Kd6           0.7 s        4.6 s
   54  Nc6+          0.6 s        4.5 s
   55  Ne7           0.6 s        4.4 s
   56  Kc5           0.4 s        4.5 s
   57  Nf5           0.6 s        4.4 s
   58  Be4           0.4 s        4.4 s
   59  Nd4           0.6 s        4.3 s
   60  Bd5           0.8 s        4.1 s
   61  Kb4           1.1 s        3.4 s
   62  Bf3           0.4 s        3.6 s
   63  Be4           0.6 s        3.5 s
   64  Nb3           0.3 s        3.7 s
   65  Nc5           0.4 s        3.8 s
   66  Kc3           0.4 s        3.9 s
   67  Kd3           0.4 s        4.0 s
   68  Ke3           0.5 s        4.0 s
   69  Kd2           0.4 s        4.2 s
   70  Kd3           0.4 s        4.2 s
   71  Kd4           0.6 s        4.2 s
   72  Bf3           0.4 s        4.2 s
   73  Bd5           1.2 s        3.5 s
   74  Nd3           0.5 s        3.6 s
   75  Ne5           0.4 s        3.6 s
   76  Bc4           0.4 s        3.7 s
   77  Bd3+          0.5 s        3.7 s
   78  Be4           0.5 s        3.7 s
   79  Bf3           0.6 s        3.7 s
   80  Be2           0.4 s        3.8 s
   81  Kc5           0.5 s        3.7 s
   82  Nc6           0.8 s        3.4 s
   83  Nd4           0.4 s        3.4 s
   84  Bb5+          0.4 s        3.5 s
   85  Bc6           0.4 s        3.6 s
   86  Bf3           0.4 s        3.7 s
   87  Bd5           0.6 s        3.6 s
   88  Kb4           0.3 s        3.8 s
   89  Bc6           0.4 s        3.9 s
   90  Bg2           1.2 s        3.1 s
   91  Bf3           0.8 s        2.9 s
   92  Be4           0.4 s        3.0 s
   93  Bb7           0.4 s        3.1 s
   94  Be4           0.4 s        3.1 s
   95  Kc4           0.4 s        3.2 s
   96  Ba8           0.0 s        3.7 s

OUTPUT
  3,340 bytes on stderr

  S4 p15 d14 n3861986 s-25 t4055 b3571
  S4 p17 d13 n1999662 s-57 t2176 b2971
  S4 p19 d13 n2008579 s-36 t2244 b2976
  S4 p21 d16 n4450103 s-11 t5103 b4527
  S4 p23 d15 n2116235 s5 t2368 b2872
  S4 p25 d15 n2282944 s2 t2687 b2805
  S4 p27 d15 n2176837 s73 t2454 b2897
  S4 p29 d15 n1656462 s87 t2023 b2859
  S4 p31 d15 n1760354 s78 t2112 b2877
  S4 p33 d16 n3081879 s101 t3828 b3099
  S4 p35 d15 n6815675 s133 t8396 b5708
  S4 p37 d17 n4657709 s50 t5754 b5016
  S4 p39 d15 n4263236 s148 t5667 b5567
  S4 p41 d14 n8933576 s101 t11718 b8014
  S4 p43 d16 n2145148 s105 t2512 b2289
  S4 p49 d16 n2397948 s103 t2454 b2856
  S4 p51 d16 n14584832 s135 t14018 b6815
  S4 p53 d19 n3330815 s144 t2852 b2320
  S4 p55 d20 n5106732 s150 t4187 b2628
  S4 p57 d20 n2526323 s148 t2022 b2964
  S4 p59 d20 n5412069 s145 t4332 b2977
  S4 p61 d20 n12795877 s137 t10426 b2904
  S4 p63 d18 n3262264 s141 t2690 b2136
  S4 p65 d15 n3587230 s144 t2961 b3507
  S4 p67 d16 n4837718 s144 t3980 b2284
  S4 p69 d17 n2379180 s151 t1948 b1673
  S4 p71 d19 n2258108 s166 t1911 b1461
  S4 p73 d19 n3902802 s167 t3179 b3211
  S4 p75 d17 n1522756 s167 t1251 b1176
  S4 p77 d15 n1437933 s223 t1223 b1140
  S4 p79 d17 n3442183 s185 t2817 b1847
  S4 p81 d16 n786493 s185 t660 b921
  S4 p83 d18 n2288730 s207 t1827 b910
  S4 p85 d16 n1811109 s192 t1461 b1798
  S4 p87 d16 n826689 s194 t676 b759
  S4 p89 d15 n948590 s210 t760 b743
  S4 p91 d15 n1486873 s158 t1190 b1538
  S4 p93 d16 n1610968 s121 t1256 b1456
  S4 p95 d14 n1248750 s96 t973 b1401
  S4 p97 d15 n975521 s77 t799 b1073
  S4 p99 d15 n1575460 s21 t1260 b1860
  S4 p101 d15 n671649 s0 t534 b577
  S4 p103 d15 n497003 s0 t412 b522
  S4 p105 d22 n787800 s0 t624 b527
  S4 p107 d15 n690242 s293 t569 b527
  S4 p109 d19 n695689 s371 t539 b514
  S4 p111 d17 n892844 s374 t674 b518
  S4 p113 d17 n727136 s371 t545 b503
  S4 p115 d16 n459337 s371 t383 b496
  S4 p117 d18 n738473 s378 t589 b504
  S4 p119 d17 n830865 s379 t648 b503
  S4 p121 d16 n824044 s380 t633 b490
  S4 p123 d16 n733383 s393 t576 b502
  S4 p125 d16 n523679 s397 t410 b485
  S4 p127 d15 n798053 s397 t611 b482
  S4 p129 d15 n563501 s410 t432 b474
  S4 p131 d14 n753701 s403 t589 b491
  S4 p133 d16 n974212 s399 t782 b576
  S4 p135 d20 n1469217 s398 t1121 b454
  S4 p137 d14 n461040 s398 t360 b426
  S4 p139 d17 n754773 s398 t579 b420
  S4 p141 d16 n337293 s403 t273 b413
  S4 p143 d15 n516596 s420 t402 b428
  S4 p145 d15 n491352 s418 t392 b444
  S4 p147 d15 n493652 s417 t382 b441
  S4 p149 d14 n676840 s410 t521 b451
  S4 p151 d14 n441642 s406 t348 b450
  S4 p153 d13 n518171 s399 t415 b463
  S4 p155 d17 n696712 s397 t548 b502
  S4 p157 d18 n581249 s400 t446 b459
  S4 p159 d19 n1493076 s393 t1188 b483
  S4 p161 d14 n588513 s393 t476 b421
  S4 p163 d17 n507848 s397 t416 b417
  S4 p165 d15 n495946 s397 t421 b423
  S4 p167 d14 n597284 s396 t488 b431
  S4 p169 d15 n625148 s388 t487 b450
  S4 p171 d15 n744784 s386 t581 b435
  S4 p173 d16 n510441 s388 t399 b426
  S4 p175 d17 n702842 s397 t547 b433
  S4 p177 d16 n1071551 s396 t842 b1013
  S4 p179 d19 n547149 s398 t428 b404
  S4 p181 d18 n523937 s398 t422 b408
  S4 p183 d19 n465896 s398 t387 b413
  S4 p185 d18 n494215 s398 t404 b421
  S4 p187 d18 n679458 s398 t575 b427
  S4 p189 d19 n390168 s398 t344 b422
  S4 p191 d14 n464161 s396 t413 b437
  S4 p193 d15 n1254848 s375 t1227 b922
  S4 p195 d14 n725825 s0 t758 b1097
  S4 p197 d18 n421634 s0 t400 b371
  S4 p199 d17 n453564 s0 t386 b378
  S4 p201 d21 n585229 s0 t444 b385
  S4 p203 d40 n536745 s0 t402 b389
  S4 p205 d64 n1536 s0 t3 b395

Email hello@aichessathon.com with this file if anything here is unclear.
