AI CHESSATHON MATCH LOG
=======================

MATCH
  Round          Rated 34
  Team           Finlay Phillips
  Colour         White
  Opponent       adashima
  Opening        King's Indian Classical
  Start FEN      r1bq1rk1/ppp2pbp/2np1np1/3Pp3/2P1P3/P1N2N2/1P2BPPP/R1BQK2R b KQ - 0 8
  You moved      Second
  Machine        w-0755a4
  Finished       2026-09-06 10:06:34 UTC
  Match ID       2f5963df-5dd4-46fe-acac-805671e734a5

INIT
  Ready in       58.8 s
  Budget         90.0 s
  Used           65 percent

CLOCK
  Base           120.0 s plus 0.5 s per move
  Moves          39
  Time used      131.2 s
  Slowest        9.4 s on move 25
  Fastest        0.0 s on move 39
  Average        3.4 s
  Left at end    8.3 s

RESULT
  Lost by checkmate
  Game lasted 233.5 s

MOVES
    #  move          time     clock left
    1  O-O           3.5 s      117.0 s
    2  h3            1.9 s      115.5 s
    3  Be3           2.1 s      113.9 s
    4  Qc2           3.0 s      111.4 s
    5  Ng5           2.9 s      109.0 s
    6  Bxc5          3.6 s      105.9 s
    7  Ne6           4.0 s      102.3 s
    8  dxe6          3.3 s       99.5 s
    9  Rad1          6.5 s       93.5 s
   10  Rxd4          1.9 s       92.0 s
   11  Nd5           3.9 s       88.7 s
   12  exf5          1.9 s       87.2 s
   13  e7            2.7 s       85.1 s
   14  Bf3           5.9 s       79.7 s
   15  Bxd5+         2.3 s       77.9 s
   16  Bxa8          3.4 s       75.0 s
   17  fxg6          4.7 s       70.8 s
   18  Qd2           3.7 s       67.7 s
   19  gxh7          5.8 s       62.4 s
   20  Qf4           5.9 s       57.0 s
   21  b4            4.8 s       52.6 s
   22  axb4          2.5 s       50.6 s
   23  Qg4           6.3 s       44.8 s
   24  g3            5.2 s       40.2 s
   25  Qxg7+         9.4 s       31.2 s
   26  c5            5.3 s       26.4 s
   27  Kg2           5.0 s       21.9 s
   28  cxd6          3.2 s       19.2 s
   29  d7            6.3 s       13.4 s
   30  Kxf1          1.8 s       12.1 s
   31  d8=Q          3.3 s        9.3 s
   32  h8=Q+         2.4 s        7.4 s
   33  Kxf2          0.7 s        7.2 s
   34  Kf3           0.5 s        7.1 s
   35  Kf4           0.5 s        7.2 s
   36  Kf3           0.7 s        7.0 s
   37  Kg2           0.1 s        7.3 s
   38  Kg1           0.0 s        7.8 s
   39  Kh1           0.0 s        8.3 s

OUTPUT
  1,447 bytes on stderr

  S4 p16 d14 n2458140 s59 t3546 b3571
  S4 p18 d12 n1280512 s73 t1923 b2933
  S4 p20 d13 n1371154 s80 t2098 b3014
  S4 p22 d13 n2067019 s87 t3021 b2881
  S4 p24 d13 n1830903 s102 t2924 b2860
  S4 p26 d13 n2301384 s91 t3612 b2911
  S4 p28 d13 n2578048 s65 t4018 b3662
  S4 p30 d13 n2239533 s31 t3320 b6351
  S4 p32 d14 n4251061 s29 t6524 b4497
  S4 p34 d15 n1223412 s0 t1943 b2792
  S4 p36 d17 n2529574 s-17 t3861 b2988
  S4 p38 d15 n1325185 s-17 t1937 b2928
  S4 p40 d16 n1942267 s-34 t2655 b2925
  S4 p42 d16 n3920362 s-113 t5863 b3298
  S4 p44 d15 n1680061 s-113 t2346 b2843
  S4 p46 d16 n2301493 s-115 t3363 b2882
  S4 p48 d16 n3221235 s-148 t4665 b6561
  S4 p50 d15 n2421153 s-141 t3652 b4521
  S4 p52 d14 n3640259 s-157 t5765 b2986
  S4 p54 d14 n3519627 s-184 t5915 b7369
  S4 p56 d14 n2884720 s-217 t4829 b4342
  S4 p58 d16 n1596883 s-220 t2502 b2401
  S4 p60 d12 n3573137 s-237 t6308 b8047
  S4 p62 d14 n2869302 s-304 t5170 b3814
  S4 p64 d14 n5910528 s-242 t9443 b3777
  S4 p66 d16 n3817840 s-406 t5317 b6155
  S4 p68 d14 n3161858 s-510 t4986 b7011
  S4 p70 d14 n1962804 s-569 t3202 b3727
  S4 p72 d14 n3996339 s-998 t6280 b3989
  S4 p74 d15 n1143428 s-1325 t1774 b2971
  S4 p76 d14 n2078621 s-1670 t3343 b2804
  S4 p78 d13 n1451986 s-31984 t2407 b2264
  S4 p80 d13 n466244 s-31986 t730 b822
  S4 p82 d11 n369912 s-31988 t542 b683
  S4 p84 d11 n325692 s-31990 t454 b646
  S4 p86 d23 n499829 s-31992 t656 b649
  S4 p88 d64 n106864 s-31994 t143 b639
  S4 p90 d64 n5344 s-31996 t9 b661
  S4 p92 d64 n269 s-31998 t2 b691

Email hello@aichessathon.com with this file if anything here is unclear.
