AI CHESSATHON MATCH LOG
=======================

MATCH
  Round          Rated 36
  Team           Finlay Phillips
  Colour         Black
  Opponent       Dogwarts
  Opening        Sicilian Sveshnikov
  Start FEN      r2qkb1r/1p3ppp/p1npbn2/4p3/4P3/N1N2P2/PPP3PP/R1BQKB1R w KQkq - 2 9
  You moved      Second
  Machine        w-5d6f85
  Finished       2026-09-06 12:05:51 UTC
  Match ID       76177652-1d7d-4b8a-b228-e1523231c98f

INIT
  Ready in       47.4 s
  Budget         90.0 s
  Used           53 percent

CLOCK
  Base           120.0 s plus 0.5 s per move
  Moves          45
  Time used      136.9 s
  Slowest        10.2 s on move 16
  Fastest        0.0 s on move 43
  Average        3.0 s
  Left at end    5.6 s

RESULT
  Won by checkmate
  Game lasted 246.0 s

MOVES
    #  move          time     clock left
    1  Nd4           3.0 s      117.5 s
    2  g6            6.0 s      112.0 s
    3  Rc8           3.9 s      108.7 s
    4  Bh6           3.2 s      105.9 s
    5  O-O           2.4 s      104.1 s
    6  Bxd5          4.0 s      100.6 s
    7  Bxc1          2.3 s       98.8 s
    8  Ne6           2.1 s       97.2 s
    9  Nxd5          3.4 s       94.3 s
   10  Qg5           2.4 s       92.4 s
   11  Nf4           2.8 s       90.0 s
   12  h5            3.0 s       87.5 s
   13  h4            6.6 s       81.5 s
   14  Rxc8          2.8 s       79.2 s
   15  Rxc2          3.6 s       76.1 s
   16  Qd8          10.2 s       66.4 s
   17  Nh5           2.6 s       64.3 s
   18  Qc7           2.9 s       61.9 s
   19  Qc1           3.2 s       59.2 s
   20  Qd1           6.2 s       53.5 s
   21  h3+           5.7 s       48.3 s
   22  Nxg3          2.5 s       46.4 s
   23  Nh5           4.7 s       42.2 s
   24  Nf4           3.8 s       38.9 s
   25  Qd2+          4.1 s       35.3 s
   26  Kg7           1.7 s       34.1 s
   27  Qe1           2.0 s       32.6 s
   28  Qxb4          8.7 s       24.4 s
   29  Qe1           2.6 s       22.4 s
   30  Qxa5          1.1 s       21.7 s
   31  Qc5+          1.4 s       20.9 s
   32  Qf2           1.7 s       19.6 s
   33  a5            5.6 s       14.5 s
   34  a4            4.4 s       10.5 s
   35  Nh5           1.3 s        9.7 s
   36  Ng3+          1.1 s        9.1 s
   37  Ne2           3.2 s        6.4 s
   38  Qg3+          1.0 s        6.0 s
   39  Qxh4+         0.7 s        5.8 s
   40  Ng3+          2.4 s        3.9 s
   41  Nxf1          0.8 s        3.7 s
   42  Ne3           0.0 s        4.2 s
   43  Qg3+          0.0 s        4.6 s
   44  Nxf1          0.0 s        5.1 s
   45  Qh2#          0.0 s        5.6 s

OUTPUT
  1,617 bytes on stderr

  S4 p17 d13 n2574528 s78 t2971 b2943
  S4 p19 d13 n5153374 s71 t5981 b4587
  S4 p21 d13 n3478201 s47 t3885 b4776
  S4 p23 d14 n2942615 s39 t3221 b2913
  S4 p25 d12 n2121665 s46 t2364 b2945
  S4 p27 d15 n3696703 s32 t3961 b2725
  S4 p29 d16 n2281946 s36 t2324 b2799
  S4 p31 d14 n1958749 s29 t2075 b3189
  S4 p33 d17 n3272576 s47 t3412 b2876
  S4 p35 d18 n2421966 s32 t2389 b3130
  S4 p37 d18 n2845117 s32 t2834 b2948
  S4 p39 d17 n2977134 s32 t3010 b2918
  S4 p41 d19 n6486411 s0 t6549 b3207
  S4 p43 d21 n2920713 s17 t2787 b2880
  S4 p45 d20 n3683587 s17 t3596 b3008
  S4 p47 d19 n10529813 s16 t10213 b3357
  S4 p49 d16 n2580805 s50 t2572 b2995
  S4 p51 d17 n2913530 s62 t2912 b2965
  S4 p53 d16 n3260564 s61 t3180 b2937
  S4 p55 d16 n6074964 s77 t6167 b5372
  S4 p57 d15 n5665421 s100 t5694 b5443
  S4 p59 d15 n2572381 s99 t2479 b2488
  S4 p61 d15 n4507243 s161 t4662 b2435
  S4 p63 d16 n3600935 s187 t3777 b4384
  S4 p65 d16 n3884731 s206 t4079 b4051
  S4 p67 d17 n1686786 s206 t1698 b1882
  S4 p69 d17 n2009378 s334 t1980 b1894
  S4 p71 d16 n9178112 s334 t8697 b1755
  S4 p73 d18 n2575618 s394 t2569 b2400
  S4 p75 d18 n1146423 s407 t1114 b1268
  S4 p77 d19 n1462887 s574 t1385 b1245
  S4 p79 d20 n1748481 s598 t1737 b1268
  S4 p81 d17 n5944320 s595 t5638 b1137
  S4 p83 d16 n4770816 s638 t4430 b894
  S4 p85 d19 n1431373 s1669 t1304 b1618
  S4 p87 d18 n1229777 s1714 t1127 b1390
  S4 p89 d17 n2503680 s1714 t3168 b639
  S4 p91 d17 n1017021 s2189 t948 b1250
  S4 p93 d17 n755383 s2238 t677 b1028
  S4 p95 d17 n2684928 s2292 t2392 b1019
  S4 p97 d17 n800451 s2470 t751 b659
  S4 p99 d6 n3259 s31993 t3 b979
  S4 p101 d1 n73 s31995 t0 b655
  S4 p103 d1 n54 s31997 t0 b698
  S4 p105 d1 n60 s31999 t0 b758

Email hello@aichessathon.com with this file if anything here is unclear.
