AI CHESSATHON MATCH LOG
=======================

MATCH
  Round          Rated 31
  Team           Finlay Phillips
  Colour         Black
  Opponent       xx
  Opening        King's Indian Classical
  Start FEN      r1bq1rk1/ppp2pbp/n2p1np1/4p3/2PPP3/2NQ1N2/PP2BPPP/R1B1K2R w KQ - 2 8
  You moved      Second
  Machine        w-b3a6a9
  Finished       2026-09-06 07:08:03 UTC
  Match ID       c4995eb6-ad38-4155-99bb-5ba34494de0c

INIT
  Ready in       46.0 s
  Budget         90.0 s
  Used           51 percent

CLOCK
  Base           120.0 s plus 0.5 s per move
  Moves          103
  Time used      167.5 s
  Slowest        7.0 s on move 8
  Fastest        0.0 s on move 99
  Average        1.6 s
  Left at end    4.0 s

RESULT
  Won by checkmate
  Game lasted 320.1 s

MOVES
    #  move          time     clock left
    1  Nb4           3.2 s      117.3 s
    2  dxe5          2.3 s      115.5 s
    3  Qxd1          2.9 s      113.1 s
    4  Bg4           6.4 s      107.2 s
    5  Bxf3          4.6 s      103.1 s
    6  Nc2           2.3 s      101.3 s
    7  Nd4           6.7 s       95.1 s
    8  Rfd8          7.0 s       88.6 s
    9  Rd7           4.9 s       84.2 s
   10  c5            2.8 s       81.9 s
   11  b6            3.4 s       79.0 s
   12  Rad8          6.1 s       73.4 s
   13  Nf5           2.5 s       71.4 s
   14  Nxe3+         2.4 s       69.6 s
   15  Rxd7          2.3 s       67.8 s
   16  Bh6           3.1 s       65.2 s
   17  Rd8           2.7 s       63.0 s
   18  Bg5           2.7 s       60.7 s
   19  Kf8           4.2 s       57.1 s
   20  Kg7           3.5 s       54.1 s
   21  a5            3.6 s       51.0 s
   22  Nh5           4.0 s       47.5 s
   23  Rd6           2.6 s       45.4 s
   24  Ng3+          3.8 s       42.1 s
   25  Bh4           1.8 s       40.8 s
   26  h6            2.6 s       38.7 s
   27  Ne2           6.8 s       32.4 s
   28  Nc1           3.4 s       29.5 s
   29  Na2           1.4 s       28.6 s
   30  Nb4           1.2 s       27.8 s
   31  Bf6           2.5 s       25.9 s
   32  Kf8           3.8 s       22.6 s
   33  Ke7           2.9 s       20.2 s
   34  g5            2.6 s       18.1 s
   35  Kf8           2.2 s       16.4 s
   36  Kg7           1.1 s       15.8 s
   37  Nc6           1.1 s       15.2 s
   38  Nd8           1.4 s       14.3 s
   39  Kg6           0.7 s       14.1 s
   40  Bh8           1.1 s       13.5 s
   41  Ne6           0.7 s       13.2 s
   42  Rxe6          1.0 s       12.7 s
   43  Bf6           0.9 s       12.3 s
   44  Re8           0.9 s       11.9 s
   45  Re6           1.2 s       11.2 s
   46  Bd8           0.8 s       10.9 s
   47  Bf6           0.9 s       10.5 s
   48  Re8           0.7 s       10.3 s
   49  Re6           1.1 s        9.8 s
   50  fxe6          1.0 s        9.3 s
   51  h5            0.9 s        8.8 s
   52  Bd8           0.6 s        8.8 s
   53  h4            0.8 s        8.5 s
   54  Kf7           0.7 s        8.2 s
   55  Ke8           0.9 s        7.8 s
   56  Kd7           0.5 s        7.8 s
   57  Be7           0.8 s        7.5 s
   58  Kc6           0.7 s        7.3 s
   59  Bf6           1.1 s        6.6 s
   60  Kd7           0.6 s        6.6 s
   61  Ke8           0.7 s        6.4 s
   62  Kf7           0.7 s        6.1 s
   63  Kg7           0.6 s        6.1 s
   64  Kg6           0.7 s        5.8 s
   65  Bd8           0.6 s        5.7 s
   66  Be7           0.5 s        5.7 s
   67  Bf8           0.7 s        5.5 s
   68  Bd6           0.6 s        5.4 s
   69  Kf6           0.7 s        5.2 s
   70  Be7           0.6 s        5.1 s
   71  Bf8           0.5 s        5.1 s
   72  Bg7           0.6 s        5.0 s
   73  Kg6           0.5 s        5.0 s
   74  Bf6           0.6 s        4.9 s
   75  Kg7           0.5 s        4.9 s
   76  Bd8           0.6 s        4.7 s
   77  Kf6           0.6 s        4.6 s
   78  Bc7           0.5 s        4.6 s
   79  Kg6           0.7 s        4.4 s
   80  Bb8           0.3 s        4.6 s
   81  Kh6           0.5 s        4.5 s
   82  Bc7           1.1 s        3.9 s
   83  Bd6           0.5 s        4.0 s
   84  Kg6           0.5 s        4.0 s
   85  Kf6           0.5 s        4.0 s
   86  Be7           0.7 s        3.8 s
   87  Bd8           0.7 s        3.7 s
   88  Bc7           0.4 s        3.8 s
   89  Kxe5          0.9 s        3.4 s
   90  Bd6           0.9 s        3.0 s
   91  Kxe4          0.7 s        2.7 s
   92  Kf3           0.6 s        2.6 s
   93  Kg2           1.3 s        1.8 s
   94  Kg3           0.7 s        1.6 s
   95  Bf4           0.3 s        1.8 s
   96  Kxh3          1.4 s        0.9 s
   97  Kg3           0.4 s        1.0 s
   98  h3            0.0 s        1.5 s
   99  h2            0.0 s        2.0 s
  100  h1=Q+         0.0 s        2.5 s
  101  Qf3+          0.0 s        3.0 s
  102  Qf2+          0.0 s        3.5 s
  103  Qd2#          0.0 s        4.0 s

OUTPUT
  3,578 bytes on stderr

  S4 p15 d14 n1798984 s-6 t3244 b3553
  S4 p17 d14 n1256869 s-16 t2275 b2889
  S4 p19 d14 n1671865 s-16 t2903 b2871
  S4 p21 d14 n3787061 s-27 t6373 b4237
  S4 p23 d17 n2841948 s-11 t4588 b3245
  S4 p25 d16 n1521417 s-11 t2280 b3308
  S4 p27 d16 n4214254 s-17 t6663 b3362
  S4 p29 d14 n4282300 s8 t7033 b5717
  S4 p31 d14 n2859896 s-1 t4894 b4687
  S4 p33 d15 n1839134 s-1 t2820 b3085
  S4 p35 d13 n2102525 s-2 t3426 b2926
  S4 p37 d14 n3557429 s8 t6076 b7521
  S4 p39 d15 n1538823 s17 t2460 b2696
  S4 p41 d16 n1497525 s3 t2360 b2908
  S4 p43 d17 n1586078 s0 t2256 b3086
  S4 p45 d16 n2276883 s-2 t3122 b3185
  S4 p47 d17 n2008708 s1 t2707 b3113
  S4 p49 d17 n1885802 s1 t2723 b3059
  S4 p51 d16 n2861912 s7 t4174 b3684
  S4 p53 d16 n2175565 s4 t3471 b3004
  S4 p55 d16 n2473838 s11 t3609 b2840
  S4 p57 d15 n2742405 s8 t3963 b3345
  S4 p59 d16 n1709482 s0 t2580 b2992
  S4 p61 d17 n2237077 s46 t3822 b5235
  S4 p63 d18 n1126839 s35 t1810 b2544
  S4 p65 d18 n1728273 s30 t2572 b2324
  S4 p67 d18 n4492607 s28 t6798 b4244
  S4 p69 d18 n2307845 s0 t3370 b3151
  S4 p71 d18 n1010237 s26 t1442 b1730
  S4 p73 d17 n840187 s19 t1239 b1755
  S4 p75 d17 n1659689 s2 t2459 b1715
  S4 p77 d16 n2505408 s26 t3776 b2772
  S4 p79 d15 n1939399 s9 t2888 b1517
  S4 p81 d15 n1769064 s11 t2634 b3302
  S4 p83 d14 n1433819 s0 t2184 b3326
  S4 p85 d15 n718102 s-7 t1086 b1082
  S4 p87 d14 n618013 s0 t1068 b1019
  S4 p89 d15 n880995 s-29 t1430 b1508
  S4 p91 d14 n418961 s-22 t686 b957
  S4 p93 d18 n758268 s-27 t1144 b931
  S4 p95 d17 n419862 s-18 t733 b918
  S4 p97 d20 n760912 s-28 t1018 b915
  S4 p99 d20 n642229 s-33 t853 b917
  S4 p101 d19 n775004 s-33 t943 b897
  S4 p103 d19 n822849 s-44 t1210 b878
  S4 p105 d20 n586120 s-44 t789 b831
  S4 p107 d21 n679494 s-44 t871 b814
  S4 p109 d22 n522970 s-44 t667 b793
  S4 p111 d19 n866938 s-16 t1068 b803
  S4 p113 d20 n913007 s10 t990 b829
  S4 p115 d20 n750950 s0 t940 b882
  S4 p117 d20 n466764 s15 t580 b844
  S4 p119 d26 n731117 s20 t805 b798
  S4 p121 d24 n712705 s20 t745 b776
  S4 p123 d24 n865916 s20 t938 b758
  S4 p125 d25 n462969 s20 t498 b727
  S4 p127 d31 n688747 s20 t794 b726
  S4 p129 d27 n553862 s20 t674 b705
  S4 p131 d24 n1126584 s20 t1143 b1636
  S4 p133 d23 n545308 s19 t577 b650
  S4 p135 d25 n629337 s19 t684 b640
  S4 p137 d29 n636897 s19 t740 b627
  S4 p139 d27 n490661 s19 t568 b610
  S4 p141 d29 n668209 s19 t739 b604
  S4 p143 d27 n605152 s19 t631 b587
  S4 p145 d29 n451805 s19 t495 b578
  S4 p147 d28 n643926 s19 t707 b578
  S4 p149 d28 n455056 s19 t562 b563
  S4 p151 d28 n628891 s19 t708 b558
  S4 p153 d29 n531399 s19 t587 b543
  S4 p155 d30 n427935 s19 t492 b537
  S4 p157 d28 n529429 s19 t622 b537
  S4 p159 d26 n458294 s19 t509 b528
  S4 p161 d29 n397999 s19 t553 b527
  S4 p163 d30 n497596 s19 t542 b523
  S4 p165 d27 n626984 s19 t648 b520
  S4 p167 d26 n546023 s19 t613 b509
  S4 p169 d28 n477997 s19 t541 b501
  S4 p171 d30 n517817 s19 t654 b498
  S4 p173 d30 n265544 s19 t334 b487
  S4 p175 d26 n436406 s19 t546 b498
  S4 p177 d29 n1049574 s0 t1092 b554
  S4 p179 d28 n410957 s19 t458 b452
  S4 p181 d27 n468042 s19 t502 b455
  S4 p183 d28 n419117 s19 t464 b455
  S4 p185 d29 n578329 s19 t651 b558
  S4 p187 d29 n558402 s19 t665 b544
  S4 p189 d27 n320949 s19 t407 b434
  S4 p191 d20 n699464 s777 t879 b769
  S4 p193 d20 n696288 s891 t931 b921
  S4 p195 d19 n568823 s946 t703 b824
  S4 p197 d18 n491797 s1117 t637 b912
  S4 p199 d19 n905694 s1130 t1299 b1093
  S4 p201 d18 n525239 s1188 t721 b642
  S4 p203 d17 n192546 s1234 t277 b592
  S4 p205 d16 n849920 s1303 t1400 b677
  S4 p207 d15 n208403 s31987 t351 b498
  S4 p209 d8 n1632 s31985 t3 b644
  S4 p211 d1 n22 s31987 t0 b429
  S4 p213 d4 n1521 s31993 t3 b731
  S4 p215 d1 n58 s31995 t0 b519
  S4 p217 d1 n46 s31997 t0 b565
  S4 p219 d1 n43 s31999 t0 b610

Email hello@aichessathon.com with this file if anything here is unclear.
