AI CHESSATHON MATCH LOG
=======================

MATCH
  Round          Rated 37
  Team           Finlay Phillips
  Colour         White
  Opponent       Neural Gambit
  Opening        Dutch Stonewall
  Start FEN      rnbqkb1r/ppp3pp/4pn2/3p1p2/3P3P/5NP1/PPP1PPB1/RNBQK2R b KQkq - 0 5
  You moved      Second
  Machine        w-f7e9db
  Finished       2026-09-06 13:05:07 UTC
  Match ID       c7b5a051-8ce1-4fd0-bcb8-4743f36755b0

INIT
  Ready in       47.6 s
  Budget         90.0 s
  Used           53 percent

CLOCK
  Base           120.0 s plus 0.5 s per move
  Moves          38
  Time used      119.5 s
  Slowest        11.8 s on move 19
  Fastest        0.0 s on move 33
  Average        3.1 s
  Left at end    19.5 s

RESULT
  Lost by checkmate
  Game lasted 201.0 s

MOVES
    #  move          time     clock left
    1  O-O           1.9 s      118.6 s
    2  Bf4           2.8 s      116.3 s
    3  Nc3           3.6 s      113.2 s
    4  e3            3.1 s      110.5 s
    5  a4            4.8 s      106.2 s
    6  Ne5           2.9 s      103.8 s
    7  Bxe5          3.9 s      100.5 s
    8  Bxd6          2.1 s       98.9 s
    9  Ne2           3.2 s       96.1 s
   10  hxg5          2.7 s       93.9 s
   11  c4            3.2 s       91.2 s
   12  Rc1           3.4 s       88.3 s
   13  b3            2.4 s       86.4 s
   14  Re1           2.5 s       84.4 s
   15  Qc2           7.2 s       77.7 s
   16  c5            2.8 s       75.4 s
   17  cxb6          1.9 s       74.0 s
   18  Qc3           2.7 s       71.7 s
   19  Qxa5         11.8 s       60.5 s
   20  exf4          4.0 s       57.0 s
   21  Kf1           0.0 s       57.5 s
   22  Qc3           5.2 s       52.8 s
   23  b7            4.4 s       48.9 s
   24  b8=Q          3.9 s       45.6 s
   25  Qf3+          3.2 s       42.9 s
   26  Qf4           4.0 s       39.4 s
   27  Qxh2          4.5 s       35.4 s
   28  Bxe4          8.7 s       27.2 s
   29  Rc4           3.7 s       24.0 s
   30  d5            4.5 s       20.0 s
   31  d6+           1.7 s       18.8 s
   32  Rec1          1.3 s       17.9 s
   33  Ng1           0.0 s       18.4 s
   34  bxc4          1.3 s       17.6 s
   35  Ke2           0.0 s       18.1 s
   36  Kf3           0.1 s       18.5 s
   37  Kf4           0.0 s       19.0 s
   38  Ke4           0.0 s       19.5 s

OUTPUT
  1,294 bytes on stderr

  S4 p10 d12 n2008898 s40 t1913 b2859
  S4 p12 d13 n2764725 s32 t2825 b2980
  S4 p14 d14 n3426499 s47 t3586 b2833
  S4 p16 d13 n2992365 s62 t3145 b2775
  S4 p18 d13 n4301131 s46 t4770 b5120
  S4 p20 d14 n2591285 s35 t2902 b2675
  S4 p22 d16 n3647190 s20 t3857 b3331
  S4 p24 d16 n2174546 s19 t2114 b2698
  S4 p26 d15 n3003875 s10 t3244 b2957
  S4 p28 d13 n2570268 s28 t2713 b2916
  S4 p30 d14 n3070538 s18 t3190 b2787
  S4 p32 d14 n3120194 s36 t3362 b3289
  S4 p34 d14 n2229839 s29 t2425 b2751
  S4 p36 d14 n2314943 s50 t2507 b2665
  S4 p38 d15 n6139179 s49 t7162 b6563
  S4 p40 d14 n2400038 s52 t2831 b2471
  S4 p42 d14 n1699650 s91 t1936 b2520
  S4 p44 d15 n2307368 s79 t2712 b2632
  S4 p46 d14 n9432064 s63 t11759 b2610
  S4 p48 d13 n3186087 s-598 t3972 b4248
  S4 p52 d14 n4153825 s-727 t5198 b5101
  S4 p54 d14 n3531682 s-569 t4361 b3997
  S4 p56 d13 n3069638 s-765 t3869 b5102
  S4 p58 d14 n2487637 s-842 t3181 b4303
  S4 p60 d15 n3392392 s-933 t3972 b4678
  S4 p62 d15 n3899339 s-1212 t4516 b4587
  S4 p64 d14 n7004160 s-1349 t8724 b4965
  S4 p66 d17 n3928965 s-1314 t3675 b4740
  S4 p68 d13 n3355851 s-31984 t4529 b2255
  S4 p70 d12 n1204238 s-31986 t1694 b1407
  S4 p72 d11 n997643 s-31986 t1334 b1337
  S4 p76 d19 n1139419 s-31990 t1274 b1247
  S4 p80 d64 n129259 s-31994 t123 b1140
  S4 p82 d64 n5130 s-31996 t8 b1252
  S4 p84 d64 n340 s-31998 t2 b1185

Email hello@aichessathon.com with this file if anything here is unclear.
