AI CHESSATHON MATCH LOG
=======================

MATCH
  Round          Rated 32
  Team           Finlay Phillips
  Colour         White
  Opponent       ms
  Opening        Caro-Kann Exchange
  Start FEN      r1bqkb1r/pp3ppp/5n2/3pn3/8/2PB4/PP2NPPP/RNBQK2R w KQkq - 0 8
  You moved      First
  Machine        w-d63238
  Finished       2026-09-06 08:05:55 UTC
  Match ID       feaeb422-7d92-47a0-a5fe-f65a2564d15f

INIT
  Ready in       46.9 s
  Budget         90.0 s
  Used           52 percent

CLOCK
  Base           120.0 s plus 0.5 s per move
  Moves          48
  Time used      139.2 s
  Slowest        10.2 s on move 26
  Fastest        0.0 s on move 44
  Average        2.9 s
  Left at end    4.8 s

RESULT
  Lost by checkmate
  Game lasted 260.4 s

MOVES
    #  move          time     clock left
    1  O-O           3.4 s      117.1 s
    2  Bf4           3.3 s      114.3 s
    3  Qxd3          3.2 s      111.6 s
    4  Nd2           4.5 s      107.6 s
    5  Rae1          2.0 s      106.1 s
    6  Nb3           5.6 s      101.0 s
    7  Qf3           6.6 s       94.9 s
    8  Nxc5          2.2 s       93.3 s
    9  h3            2.0 s       91.7 s
   10  Qg4           4.5 s       87.8 s
   11  b3            5.0 s       83.3 s
   12  Qf3           2.1 s       81.7 s
   13  bxc4          2.2 s       80.0 s
   14  Be3           9.6 s       70.9 s
   15  Qg4           4.6 s       66.8 s
   16  Nd4           4.2 s       63.1 s
   17  Nf5           4.4 s       59.2 s
   18  Bd4           3.3 s       56.4 s
   19  Nxg7          5.1 s       51.8 s
   20  hxg4          2.5 s       49.8 s
   21  f3            3.6 s       46.6 s
   22  fxe4          2.4 s       44.7 s
   23  Rxf1          2.8 s       42.3 s
   24  c4            3.2 s       39.6 s
   25  Kxf1          6.8 s       33.4 s
   26  Bxa1         10.2 s       23.7 s
   27  Kf2           1.8 s       22.5 s
   28  exd5          3.0 s       19.9 s
   29  Ke3           3.0 s       17.4 s
   30  Ke2           2.1 s       15.8 s
   31  Kf3           1.2 s       15.1 s
   32  Kg3           1.2 s       14.4 s
   33  d6            1.2 s       13.7 s
   34  Kf3           2.5 s       11.7 s
   35  g5            3.2 s        9.1 s
   36  Kg3           1.6 s        8.0 s
   37  Kh2           1.3 s        7.2 s
   38  Kg1           1.0 s        6.6 s
   39  Kf1           1.6 s        5.5 s
   40  Ke1           2.8 s        3.2 s
   41  Kd1           1.2 s        2.5 s
   42  Ke1           0.3 s        2.7 s
   43  Kf1           0.4 s        2.8 s
   44  Ke1           0.0 s        3.3 s
   45  Kd1           0.4 s        3.4 s
   46  Ke1           0.0 s        3.8 s
   47  Kf1           0.0 s        4.3 s
   48  Ke1           0.0 s        4.8 s

OUTPUT
  1,727 bytes on stderr

  S4 p14 d12 n2023359 s-36 t3431 b3645
  S4 p16 d13 n1730568 s-8 t3270 b3578
  S4 p18 d15 n1639084 s-5 t3169 b2925
  S4 p20 d14 n2116678 s-14 t4517 b3069
  S4 p22 d11 n935605 s1 t1989 b2876
  S4 p24 d14 n2696000 s-33 t5586 b3631
  S4 p26 d15 n3118005 s-38 t6573 b2845
  S4 p28 d13 n1072902 s-45 t2176 b2621
  S4 p30 d13 n1047511 s-62 t2020 b2854
  S4 p32 d14 n2226875 s-78 t4469 b3451
  S4 p34 d13 n2513573 s-98 t4991 b4370
  S4 p36 d13 n1058292 s-99 t2051 b2704
  S4 p38 d14 n1238962 s-118 t2233 b2533
  S4 p40 d14 n4692766 s-142 t9575 b5275
  S4 p42 d14 n2288341 s-171 t4578 b5491
  S4 p44 d14 n2140702 s-219 t4220 b3684
  S4 p46 d14 n2054407 s-230 t4388 b4333
  S4 p48 d13 n1707825 s-325 t3292 b2127
  S4 p50 d16 n2754748 s-389 t5108 b3336
  S4 p52 d15 n1359911 s-467 t2523 b5419
  S4 p54 d16 n2028044 s-399 t3645 b4194
  S4 p56 d16 n1319758 s-426 t2447 b2330
  S4 p58 d16 n1502165 s-428 t2836 b2363
  S4 p60 d19 n2073849 s-516 t3204 b2393
  S4 p62 d18 n5107293 s-526 t6757 b7876
  S4 p64 d20 n7773479 s-646 t10156 b5696
  S4 p66 d20 n1172363 s-646 t1748 b1914
  S4 p68 d19 n2421257 s-684 t3044 b4032
  S4 p70 d16 n2386462 s-676 t2974 b3649
  S4 p72 d15 n1674504 s-706 t2109 b3109
  S4 p74 d16 n1034818 s-737 t1235 b1522
  S4 p76 d16 n1036637 s-756 t1197 b1257
  S4 p78 d16 n997098 s-774 t1147 b1464
  S4 p80 d17 n2048743 s-882 t2500 b2111
  S4 p82 d17 n2357648 s-962 t3161 b3390
  S4 p84 d16 n1370228 s-1056 t1582 b2313
  S4 p86 d18 n1085569 s-1825 t1330 b1528
  S4 p88 d18 n794244 s-1825 t1013 b1301
  S4 p90 d19 n1290584 s-1716 t1636 b1329
  S4 p92 d18 n1698816 s-1750 t2798 b1258
  S4 p94 d17 n808612 s-31982 t1196 b1463
  S4 p96 d17 n218447 s-31986 t331 b350
  S4 p98 d19 n266891 s-31988 t350 b361
  S4 p102 d50 n355067 s-31992 t416 b408
  S4 p104 d64 n39989 s-31994 t44 b414
  S4 p106 d64 n226 s-31996 t2 b446

Email hello@aichessathon.com with this file if anything here is unclear.
