AI CHESSATHON MATCH LOG
=======================

MATCH
  Round          Rated 35
  Team           Finlay Phillips
  Colour         White
  Opponent       Rush hour
  Opening        Petroff Defence
  Start FEN      rnbq1rk1/ppp2ppp/3b4/3p4/3Pn3/3BBN2/PPP2PPP/RN1Q1RK1 b - - 5 8
  You moved      Second
  Machine        w-e13e53
  Finished       2026-09-06 11:11:15 UTC
  Match ID       5c097457-8741-4d9f-8e0a-a61263081c58

INIT
  Ready in       45.7 s
  Budget         90.0 s
  Used           51 percent

CLOCK
  Base           120.0 s plus 0.5 s per move
  Moves          96
  Time used      152.8 s
  Slowest        9.3 s on move 24
  Fastest        0.0 s on move 70
  Average        1.6 s
  Left at end    15.2 s

RESULT
  Won by checkmate
  Game lasted 313.0 s

MOVES
    #  move          time     clock left
    1  Nc3           2.3 s      118.2 s
    2  Nxd5          3.1 s      115.6 s
    3  Kxh2          2.1 s      114.0 s
    4  c4            2.2 s      112.3 s
    5  Kg1           3.7 s      109.1 s
    6  c5            3.2 s      106.4 s
    7  Re1           5.2 s      101.7 s
    8  a3            2.7 s       99.5 s
    9  Bb5           5.6 s       94.4 s
   10  Qa4           4.8 s       90.1 s
   11  dxc5          2.7 s       87.9 s
   12  Qxb5          1.8 s       86.6 s
   13  Qf1           2.2 s       84.9 s
   14  gxf3          3.1 s       82.3 s
   15  Bxc5          4.2 s       78.5 s
   16  Qg2           3.0 s       76.0 s
   17  Rxe8+         2.5 s       74.1 s
   18  Qg4           5.6 s       69.0 s
   19  Qf4           2.5 s       67.0 s
   20  Re1           2.6 s       64.9 s
   21  Re7           4.4 s       61.0 s
   22  Qxf3          2.6 s       58.9 s
   23  Rxc7          3.4 s       56.0 s
   24  Kh2           9.3 s       47.2 s
   25  Kg3           3.5 s       44.2 s
   26  Kh4           3.4 s       41.3 s
   27  Kg5           4.4 s       37.4 s
   28  Ra7           3.5 s       34.3 s
   29  a4            2.3 s       32.5 s
   30  a5            2.5 s       30.5 s
   31  f4            2.9 s       28.0 s
   32  Rc7           3.3 s       25.2 s
   33  Rd7           1.8 s       23.9 s
   34  Rd6           1.6 s       22.8 s
   35  f5            1.5 s       21.7 s
   36  Kxf5          1.2 s       21.1 s
   37  Rd2           5.0 s       16.6 s
   38  Rf2           1.0 s       16.1 s
   39  Kg4           1.9 s       14.6 s
   40  Kg5           1.4 s       13.8 s
   41  Rf3           1.0 s       13.2 s
   42  Rxh3          1.1 s       12.6 s
   43  Kf4           1.6 s       11.5 s
   44  Rc3           0.9 s       11.2 s
   45  Rd3+          0.8 s       10.9 s
   46  Rh3           0.7 s       10.7 s
   47  Rh7           0.6 s       10.6 s
   48  Rc7           0.6 s       10.5 s
   49  Rc3           1.2 s        9.8 s
   50  b4            1.5 s        8.7 s
   51  Rc7           0.6 s        8.7 s
   52  Rb7           2.8 s        6.4 s
   53  Rb6+          1.7 s        5.1 s
   54  Rxb5+         2.2 s        3.4 s
   55  Kxf5          1.2 s        2.7 s
   56  Ke4           1.9 s        1.3 s
   57  Ke5           0.7 s        1.1 s
   58  Kd5           0.7 s        0.9 s
   59  Kc5           0.2 s        1.2 s
   60  Kxb5          0.8 s        0.9 s
   61  Kc5           0.5 s        0.9 s
   62  b5            0.2 s        1.2 s
   63  Kc4           0.8 s        0.9 s
   64  Kd5           0.5 s        0.9 s
   65  Kd6           0.5 s        0.9 s
   66  b6            0.5 s        0.9 s
   67  Kd5           0.2 s        1.2 s
   68  Kc6           0.3 s        1.4 s
   69  b7            0.0 s        1.9 s
   70  b8=Q+         0.0 s        2.4 s
   71  Qd8           0.0 s        2.9 s
   72  Qd6           0.0 s        3.4 s
   73  Qg3+          0.0 s        3.9 s
   74  Qe1           0.0 s        4.4 s
   75  Kd5           0.0 s        4.9 s
   76  Qf2+          0.0 s        5.4 s
   77  Kc6           0.0 s        5.9 s
   78  Kd6           0.1 s        6.3 s
   79  Kd5           0.0 s        6.8 s
   80  Kc6           0.0 s        7.3 s
   81  Qe1           0.0 s        7.8 s
   82  Qe2+          0.0 s        8.3 s
   83  Qd3+          0.0 s        8.8 s
   84  Qd2+          0.0 s        9.3 s
   85  Qc2           0.0 s        9.8 s
   86  Qe2           0.0 s       10.3 s
   87  Qf2           0.0 s       10.7 s
   88  Qe3+          0.0 s       11.2 s
   89  Kd5           0.0 s       11.7 s
   90  Qf2           0.0 s       12.2 s
   91  Kd4           0.0 s       12.7 s
   92  Kc5           0.0 s       13.2 s
   93  Kd5           0.0 s       13.7 s
   94  Kc4           0.0 s       14.2 s
   95  Kc3           0.0 s       14.7 s
   96  Qd2#          0.0 s       15.2 s

OUTPUT
  3,354 bytes on stderr

  S4 p16 d12 n1201847 s4 t2291 b3002
  S4 p18 d14 n1654757 s28 t3083 b2918
  S4 p20 d15 n1111890 s39 t2124 b3121
  S4 p22 d14 n1220321 s39 t2188 b2995
  S4 p24 d15 n1889122 s25 t3667 b3226
  S4 p26 d13 n1687759 s35 t3210 b3589
  S4 p28 d13 n2514787 s32 t5199 b8115
  S4 p30 d13 n1384999 s47 t2681 b2844
  S4 p32 d14 n3017447 s51 t5626 b4290
  S4 p34 d16 n2526188 s50 t4834 b4630
  S4 p36 d15 n1410206 s44 t2657 b2716
  S4 p38 d15 n948788 s58 t1767 b2668
  S4 p40 d16 n1246781 s53 t2233 b2770
  S4 p42 d17 n1720335 s49 t3131 b3064
  S4 p44 d16 n2535754 s120 t4226 b5642
  S4 p46 d16 n1750971 s100 t2990 b3460
  S4 p48 d16 n1531460 s100 t2455 b2886
  S4 p50 d17 n3555937 s101 t5565 b5030
  S4 p52 d14 n1539605 s128 t2510 b3129
  S4 p54 d15 n1706847 s119 t2597 b3238
  S4 p56 d15 n2623136 s149 t4379 b6132
  S4 p58 d20 n2394346 s161 t2586 b2940
  S4 p60 d21 n3281867 s167 t3407 b4184
  S4 p62 d21 n8560548 s181 t9294 b4085
  S4 p64 d19 n3339925 s188 t3513 b3413
  S4 p66 d20 n3202739 s208 t3422 b3309
  S4 p68 d21 n4047112 s212 t4421 b5913
  S4 p70 d21 n3305441 s218 t3514 b2805
  S4 p72 d22 n2214416 s216 t2341 b2488
  S4 p74 d23 n2381829 s216 t2538 b2364
  S4 p76 d22 n2665398 s239 t2913 b4438
  S4 p78 d21 n3188226 s239 t3317 b2517
  S4 p80 d21 n1737575 s249 t1810 b1921
  S4 p82 d21 n1604478 s261 t1624 b1835
  S4 p84 d21 n1458702 s283 t1538 b1719
  S4 p86 d21 n1131729 s272 t1157 b1753
  S4 p88 d21 n4768791 s297 t4980 b1652
  S4 p90 d17 n1024563 s309 t1024 b1307
  S4 p92 d17 n1902082 s316 t1931 b1287
  S4 p94 d18 n1381164 s362 t1364 b1274
  S4 p96 d19 n1066944 s360 t1037 b1107
  S4 p98 d19 n1153285 s359 t1124 b1068
  S4 p100 d19 n1705958 s359 t1575 b1038
  S4 p102 d19 n895249 s359 t854 b959
  S4 p104 d18 n765301 s359 t795 b929
  S4 p106 d19 n715995 s359 t697 b909
  S4 p108 d19 n588414 s359 t595 b895
  S4 p110 d20 n607979 s360 t579 b891
  S4 p112 d19 n1193027 s359 t1228 b889
  S4 p114 d18 n1477207 s392 t1513 b2382
  S4 p116 d18 n542290 s388 t554 b814
  S4 p118 d21 n2694745 s445 t2825 b1592
  S4 p120 d22 n1761931 s586 t1729 b1202
  S4 p122 d25 n2481661 s688 t2243 b1090
  S4 p124 d25 n1057480 s1158 t1200 b990
  S4 p126 d25 n1571840 s1143 t1861 b715
  S4 p128 d19 n650835 s708 t698 b595
  S4 p130 d17 n746496 s708 t717 b278
  S4 p132 d19 n236761 s1143 t194 b497
  S4 p134 d18 n879616 s1143 t803 b573
  S4 p136 d18 n531848 s1252 t481 b496
  S4 p138 d16 n171195 s1252 t167 b513
  S4 p140 d16 n605184 s1213 t843 b467
  S4 p142 d17 n487424 s1252 t498 b340
  S4 p144 d17 n382976 s2207 t497 b340
  S4 p146 d16 n414720 s2207 t498 b498
  S4 p148 d15 n206812 s2186 t231 b498
  S4 p150 d14 n290850 s31977 t281 b765
  S4 p152 d1 n17 s31979 t0 b425
  S4 p154 d1 n15 s31981 t0 b472
  S4 p156 d1 n73 s31983 t0 b509
  S4 p158 d3 n475 s31975 t0 b1004
  S4 p160 d1 n59 s31977 t0 b606
  S4 p162 d1 n77 s31979 t0 b654
  S4 p164 d1 n51 s31981 t0 b702
  S4 p166 d1 n77 s31979 t0 b750
  S4 p168 d2 n269 s31981 t0 b1437
  S4 p170 d7 n91400 s31979 t87 b1355
  S4 p172 d1 n54 s31981 t0 b886
  S4 p174 d1 n52 s31983 t0 b934
  S4 p176 d2 n152 s31983 t0 b1769
  S4 p178 d1 n53 s31985 t0 b1031
  S4 p180 d1 n71 s31987 t0 b1079
  S4 p182 d2 n319 s31989 t0 b2029
  S4 p184 d1 n74 s31983 t0 b1175
  S4 p186 d1 n56 s31985 t0 b1223
  S4 p188 d3 n1014 s31981 t1 b2289
  S4 p190 d1 n55 s31983 t0 b1319
  S4 p192 d3 n794 s31983 t1 b2708
  S4 p194 d1 n68 s31985 t0 b1415
  S4 p196 d1 n62 s31987 t0 b1464
  S4 p198 d1 n54 s31989 t0 b1512
  S4 p200 d1 n49 s31991 t0 b1560
  S4 p202 d2 n180 s31989 t0 b2895
  S4 p204 d3 n767 s31997 t1 b2981
  S4 p206 d1 n50 s31999 t0 b1704

Email hello@aichessathon.com with this file if anything here is unclear.
