AI CHESSATHON MATCH LOG
=======================

MATCH
  Round          Rated 39
  Team           Finlay Phillips
  Colour         Black
  Opponent       Gladiator
  Opening        King's Indian Classical
  Start FEN      rnbq1rk1/1pp2pbp/3p1np1/p2Pp3/2P1P3/2N2N1P/PP2BPP1/R1BQK2R b KQ - 0 8
  You moved      First
  Machine        w-d88909
  Finished       2026-09-06 15:06:08 UTC
  Match ID       83c23715-5ab3-4a72-9969-15de33fa1716

INIT
  Ready in       45.4 s
  Budget         90.0 s
  Used           50 percent

CLOCK
  Base           120.0 s plus 0.5 s per move
  Moves          73
  Time used      153.4 s
  Slowest        11.5 s on move 23
  Fastest        0.0 s on move 73
  Average        2.1 s
  Left at end    3.1 s

RESULT
  Lost by checkmate
  Game lasted 269.4 s

MOVES
    #  move          time     clock left
    1  b6            5.1 s      115.4 s
    2  h6            3.0 s      112.9 s
    3  hxg5          2.5 s      110.9 s
    4  Nh7           5.6 s      105.8 s
    5  Nd7           3.4 s      102.9 s
    6  Kxh7          3.2 s      100.2 s
    7  g5            3.1 s       97.5 s
    8  Bxh6          2.2 s       95.8 s
    9  Kg7           2.1 s       94.2 s
   10  Nc5           5.5 s       89.3 s
   11  f6            3.8 s       86.0 s
   12  a4            8.3 s       78.2 s
   13  exf4          2.0 s       76.7 s
   14  Rh8           2.7 s       74.5 s
   15  g4            4.0 s       71.0 s
   16  Rxh6          3.1 s       68.3 s
   17  Rg6           1.8 s       67.1 s
   18  Bxg4          2.0 s       65.6 s
   19  Qe7           2.9 s       63.1 s
   20  Kxg6          3.9 s       59.7 s
   21  Kg7           3.1 s       57.1 s
   22  Kf8           7.2 s       50.4 s
   23  Nd7          11.5 s       39.4 s
   24  Ne5           2.6 s       37.3 s
   25  Re8           3.5 s       34.4 s
   26  Nf7           2.0 s       32.8 s
   27  Ng5           1.7 s       31.6 s
   28  Nxe4          2.1 s       30.0 s
   29  Kg7           1.5 s       29.0 s
   30  Ng3           1.9 s       27.6 s
   31  Kf7           2.2 s       25.8 s
   32  Rg8           2.7 s       23.6 s
   33  Rg5           4.9 s       19.3 s
   34  Rg7           1.3 s       18.5 s
   35  Ne2           0.9 s       18.0 s
   36  Kf8           1.9 s       16.7 s
   37  Kf7           4.5 s       12.6 s
   38  Kg8           0.9 s       12.2 s
   39  Qxf6          1.6 s       11.1 s
   40  Kh7           1.1 s       10.5 s
   41  Qh6           1.5 s        9.5 s
   42  Qg6           0.8 s        9.1 s
   43  Qg4           2.1 s        7.5 s
   44  Rxg4          0.7 s        7.3 s
   45  Rg7           0.7 s        7.2 s
   46  Rg2           0.7 s        7.0 s
   47  Kg6           0.9 s        6.6 s
   48  Rg4           0.6 s        6.5 s
   49  Rg3           0.6 s        6.4 s
   50  Kf5           0.5 s        6.4 s
   51  Ke4           1.5 s        5.4 s
   52  Kd3           0.9 s        5.1 s
   53  Kc2           2.3 s        3.2 s
   54  Kxb3          0.9 s        2.8 s
   55  Rg6           0.4 s        3.0 s
   56  Rg7           1.0 s        2.4 s
   57  dxc5          1.1 s        1.8 s
   58  Ra7           0.6 s        1.7 s
   59  Rf7           0.4 s        1.8 s
   60  Kc3           1.1 s        1.3 s
   61  Kb3           0.5 s        1.2 s
   62  Rf5+          0.5 s        1.2 s
   63  Rf6+          0.4 s        1.3 s
   64  Rf8           0.7 s        1.1 s
   65  Rxd8          0.7 s        0.9 s
   66  Kb4           0.5 s        0.9 s
   67  Kc5           0.2 s        1.2 s
   68  Kd4           0.3 s        1.4 s
   69  Ke5           0.5 s        1.4 s
   70  Kf6           0.3 s        1.6 s
   71  Kf7           0.0 s        2.1 s
   72  Ke7           0.0 s        2.6 s
   73  Ke8           0.0 s        3.1 s

OUTPUT
  2,577 bytes on stderr

  S4 p15 d15 n5109086 s-49 t5086 b2928
  S4 p17 d15 n2933120 s-14 t2969 b2840
  S4 p19 d16 n2494766 s1 t2544 b2814
  S4 p21 d15 n5173785 s-19 t5605 b7140
  S4 p23 d16 n3458001 s-18 t3413 b3301
  S4 p25 d16 n3116327 s-40 t3180 b2888
  S4 p27 d15 n2984668 s-32 t3144 b2805
  S4 p29 d15 n2128462 s-23 t2201 b2701
  S4 p31 d14 n1980871 s-27 t2125 b2756
  S4 p33 d15 n4958326 s-34 t5449 b2829
  S4 p35 d15 n3472357 s-38 t3765 b2645
  S4 p37 d14 n7289979 s-17 t8287 b3922
  S4 p39 d12 n1612878 s15 t1986 b2360
  S4 p41 d13 n2170985 s24 t2742 b2896
  S4 p43 d15 n3270622 s37 t3997 b4743
  S4 p45 d16 n2631484 s10 t3116 b2580
  S4 p47 d14 n1465726 s10 t1782 b2342
  S4 p49 d14 n1679623 s10 t1971 b2334
  S4 p51 d15 n2808433 s53 t2945 b2443
  S4 p53 d16 n3721827 s57 t3904 b4930
  S4 p55 d16 n2928881 s82 t3068 b2813
  S4 p57 d16 n6932690 s90 t7238 b6587
  S4 p59 d15 n10018816 s90 t11473 b2315
  S4 p61 d15 n2386351 s120 t2618 b1941
  S4 p63 d13 n3108092 s98 t3451 b4594
  S4 p65 d14 n1791819 s128 t2041 b2031
  S4 p67 d13 n1503690 s118 t1712 b2105
  S4 p69 d13 n1830354 s120 t2116 b1565
  S4 p71 d13 n1274482 s132 t1485 b1551
  S4 p73 d13 n1695985 s146 t1903 b1849
  S4 p75 d17 n2163961 s137 t2232 b1486
  S4 p77 d13 n2475257 s158 t2716 b2484
  S4 p79 d13 n4243000 s116 t4868 b2790
  S4 p81 d16 n1179292 s121 t1290 b1170
  S4 p83 d12 n842381 s121 t928 b992
  S4 p85 d16 n1741421 s121 t1851 b1604
  S4 p87 d14 n4291584 s121 t4547 b917
  S4 p89 d16 n884581 s113 t922 b912
  S4 p91 d15 n1527730 s107 t1620 b756
  S4 p93 d15 n1007253 s107 t1066 b753
  S4 p95 d16 n1490874 s96 t1539 b822
  S4 p97 d13 n833243 s96 t833 b782
  S4 p99 d14 n2102473 s88 t2106 b1347
  S4 p101 d19 n937751 s50 t681 b617
  S4 p103 d19 n945727 s31 t667 b696
  S4 p105 d18 n950811 s29 t658 b668
  S4 p107 d15 n1266354 s2 t884 b795
  S4 p109 d16 n852091 s2 t631 b623
  S4 p111 d16 n735552 s-15 t564 b679
  S4 p113 d16 n692285 s-13 t485 b666
  S4 p115 d17 n1927027 s-40 t1503 b1227
  S4 p117 d16 n1100190 s-85 t870 b905
  S4 p119 d16 n3037452 s-141 t2342 b1179
  S4 p121 d15 n1124773 s-156 t861 b525
  S4 p123 d15 n449835 s-173 t352 b498
  S4 p125 d17 n1272547 s-281 t1043 b873
  S4 p127 d15 n1414721 s-357 t1138 b883
  S4 p129 d14 n687159 s-419 t597 b746
  S4 p131 d13 n426279 s-575 t382 b824
  S4 p133 d13 n1171127 s-569 t1067 b632
  S4 p135 d13 n565564 s-851 t519 b828
  S4 p137 d13 n545167 s-1014 t521 b828
  S4 p139 d13 n438596 s-933 t396 b617
  S4 p141 d11 n611550 s-1476 t670 b828
  S4 p143 d14 n973824 s-1549 t733 b733
  S4 p145 d13 n711680 s-1567 t497 b278
  S4 p147 d12 n299704 s-1596 t209 b280
  S4 p149 d9 n427657 s-1615 t298 b787
  S4 p151 d11 n533094 s-31986 t455 b278
  S4 p153 d21 n366319 s-31992 t298 b278
  S4 p157 d64 n3043 s-31996 t4 b316

Email hello@aichessathon.com with this file if anything here is unclear.
