AI CHESSATHON MATCH LOG
=======================

MATCH
  Round          Rated 42
  Team           Finlay Phillips
  Colour         White
  Opponent       50CentRaise
  Opening        Scotch Game
  Start FEN      r1bqk2r/p1pp1ppp/2p2n2/8/1b2P3/2NB4/PPP2PPP/R1BQK2R b KQkq - 1 7
  You moved      Second
  Machine        w-235788
  Finished       2026-09-06 18:09:59 UTC
  Match ID       def82b02-b248-47c7-adab-2f1bad5bd148

INIT
  Ready in       46.7 s
  Budget         90.0 s
  Used           52 percent

CLOCK
  Base           120.0 s plus 0.5 s per move
  Moves          65
  Time used      148.8 s
  Slowest        6.4 s on move 12
  Fastest        0.0 s on move 65
  Average        2.3 s
  Left at end    3.7 s

RESULT
  Lost by checkmate
  Game lasted 283.6 s

MOVES
    #  move          time     clock left
    1  O-O           2.6 s      117.9 s
    2  Na4           3.0 s      115.4 s
    3  c3            4.2 s      111.7 s
    4  Re1           3.7 s      108.4 s
    5  Bf4           3.2 s      105.8 s
    6  Bg3           5.8 s      100.4 s
    7  Rc1           4.1 s       96.9 s
    8  Bc2           2.5 s       94.9 s
    9  Bxe5          1.8 s       93.6 s
   10  Qh5           3.0 s       91.1 s
   11  h3            2.4 s       89.2 s
   12  Rcd1          6.4 s       83.3 s
   13  a3            6.2 s       77.6 s
   14  Bb1           3.8 s       74.4 s
   15  Rf1           4.2 s       70.6 s
   16  g3            3.6 s       67.5 s
   17  Qe2           4.6 s       63.5 s
   18  Rfe1          6.2 s       57.8 s
   19  Qf1           2.1 s       56.1 s
   20  Bc2           2.9 s       53.7 s
   21  Qe2           2.5 s       51.8 s
   22  Qe3           1.9 s       50.4 s
   23  Kg2           3.9 s       47.0 s
   24  Nxb6          1.9 s       45.6 s
   25  Rd4           2.2 s       43.9 s
   26  Qd2           1.3 s       43.1 s
   27  a4            2.0 s       41.6 s
   28  Rc1           2.4 s       39.7 s
   29  e5            2.6 s       37.6 s
   30  Qh6+          2.6 s       35.5 s
   31  Bxh7          1.4 s       34.7 s
   32  Kg1           3.1 s       32.1 s
   33  Be4           2.0 s       30.6 s
   34  Qd2           1.5 s       29.6 s
   35  Bg2           3.2 s       26.8 s
   36  Rf4           1.6 s       25.7 s
   37  Rd4           1.8 s       24.4 s
   38  Be4           1.2 s       23.8 s
   39  Qxc1          1.0 s       23.3 s
   40  Rd1           1.7 s       22.1 s
   41  Bg2           0.7 s       21.9 s
   42  Qf4           1.4 s       21.0 s
   43  Be4           0.9 s       20.6 s
   44  Kg2           1.9 s       19.2 s
   45  Bc2           3.9 s       15.7 s
   46  Qe4           1.8 s       14.4 s
   47  Kf1           4.0 s       10.9 s
   48  Qxc4          1.5 s        9.9 s
   49  Kg2           1.6 s        8.8 s
   50  Qd5           0.9 s        8.4 s
   51  f3            0.9 s        8.0 s
   52  Rxd5          3.0 s        5.5 s
   53  Kxh1          2.8 s        3.3 s
   54  Kg2           1.0 s        2.8 s
   55  Kxf2          0.7 s        2.6 s
   56  Ke3           1.8 s        1.3 s
   57  g4            0.5 s        1.3 s
   58  g5+           0.3 s        1.5 s
   59  g6            0.3 s        1.7 s
   60  Kf3           0.3 s        1.9 s
   61  Kg3           0.3 s        2.1 s
   62  Kf2           0.3 s        2.2 s
   63  Kg2           0.1 s        2.7 s
   64  Kh3           0.0 s        3.2 s
   65  Kh4           0.0 s        3.7 s

OUTPUT
  2,418 bytes on stderr

  S4 p14 d14 n2508359 s12 t2636 b3006
  S4 p16 d15 n2722754 s49 t2952 b3026
  S4 p18 d15 n3905342 s55 t4228 b3111
  S4 p20 d15 n3321455 s55 t3723 b2906
  S4 p22 d14 n2758496 s41 t3166 b2914
  S4 p24 d16 n4864129 s53 t5846 b2905
  S4 p26 d15 n3380828 s48 t4058 b2812
  S4 p28 d14 n2104922 s54 t2496 b2682
  S4 p30 d14 n1558430 s54 t1772 b2649
  S4 p32 d13 n2484607 s59 t3002 b3020
  S4 p34 d14 n2032463 s72 t2366 b2727
  S4 p36 d14 n5021071 s60 t6391 b2862
  S4 p38 d14 n5130036 s64 t6202 b3223
  S4 p40 d14 n3075105 s32 t3749 b3062
  S4 p42 d14 n3441854 s7 t4224 b3002
  S4 p44 d14 n2944218 s-2 t3587 b3740
  S4 p46 d15 n3742034 s-14 t4595 b3932
  S4 p48 d14 n4918520 s-46 t6195 b4762
  S4 p50 d14 n1743831 s-68 t2143 b2221
  S4 p52 d16 n2381579 s-39 t2884 b2232
  S4 p54 d18 n2051095 s-38 t2448 b1948
  S4 p56 d16 n1597189 s-38 t1898 b1900
  S4 p58 d13 n3154158 s-59 t3848 b3384
  S4 p60 d14 n1637765 s-69 t1925 b1841
  S4 p62 d13 n1827186 s-57 t2179 b2330
  S4 p64 d13 n1149304 s-69 t1328 b1916
  S4 p66 d14 n1745365 s-150 t1985 b1895
  S4 p68 d14 n1993589 s-116 t2375 b1870
  S4 p70 d13 n2094594 s-117 t2629 b3128
  S4 p72 d12 n2021536 s-143 t2547 b3354
  S4 p74 d12 n1119815 s-143 t1364 b1485
  S4 p76 d12 n2533939 s-158 t3094 b4209
  S4 p78 d13 n1591611 s-160 t1957 b1682
  S4 p80 d14 n1291245 s-194 t1516 b1449
  S4 p82 d13 n2626702 s-198 t3238 b1306
  S4 p84 d13 n1341087 s-200 t1588 b1794
  S4 p86 d13 n1505761 s-234 t1802 b1926
  S4 p88 d13 n1030743 s-243 t1156 b1153
  S4 p90 d15 n884616 s-233 t997 b1249
  S4 p92 d16 n1589843 s-239 t1664 b1169
  S4 p94 d15 n693626 s-237 t740 b1120
  S4 p96 d14 n1233864 s-262 t1356 b1105
  S4 p98 d14 n829979 s-278 t925 b1073
  S4 p100 d15 n1758312 s-269 t1922 b2195
  S4 p102 d14 n3477747 s-322 t3933 b2195
  S4 p104 d13 n1688606 s-432 t1800 b3130
  S4 p106 d13 n3679232 s-462 t3977 b1468
  S4 p108 d13 n1421674 s-576 t1512 b2187
  S4 p110 d15 n1427217 s-773 t1576 b1889
  S4 p112 d17 n877206 s-954 t895 b1756
  S4 p114 d16 n828281 s-1008 t907 b1381
  S4 p116 d17 n3209216 s-1158 t2983 b1698
  S4 p118 d18 n3056640 s-1257 t2792 b1106
  S4 p120 d18 n1071825 s-1803 t967 b1118
  S4 p122 d18 n995713 s-1286 t707 b901
  S4 p124 d16 n2021376 s-1286 t1787 b360
  S4 p126 d12 n540584 s-1788 t479 b717
  S4 p128 d12 n380276 s-1969 t347 b828
  S4 p130 d13 n221811 s-31986 t253 b278
  S4 p132 d16 n307963 s-31988 t307 b293
  S4 p134 d18 n349255 s-31990 t305 b308
  S4 p136 d26 n430878 s-31992 t335 b313
  S4 p138 d64 n83286 s-31994 t69 b349
  S4 p140 d64 n4543 s-31996 t6 b377
  S4 p142 d64 n260 s-31998 t2 b408

Email hello@aichessathon.com with this file if anything here is unclear.
