ms 36a3c43d-69fb-4885-958a-94b1b8518966 93
ms 32f805a3-6190-4249-b270-48c42eda2c38 153
ms feaeb422-7d92-47a0-a5fe-f65a2564d15f 96
ms 0c7ddcbb-4de3-44b6-998f-371c4524d597 115
ms d6794542-6a47-45f1-a6be-8f7983e7932f 139
AI Fellows 64e7bca1-e8eb-427a-89e0-8bae0bc4b068 148
AI Fellows 69d277c2-15ce-4c99-8339-22ca7c2f9693 165
AI Fellows 6b1357ac-e475-49d6-b29b-d0f88ae33807 100
AI Fellows f2d38be3-81f7-4491-bf65-a6b683f64363 525
AI Fellows 452de142-52f4-4d7c-a376-4a73b3890825 163
AlphaFish 5e599ffe-c29c-4d81-8b28-8a10b2ccb097 202
AlphaFish 4d1c6a55-334b-4160-8027-4aedb2904b07 103
AlphaFish c64cf058-a891-4884-b68a-b2dc32bf8951 104
AlphaFish 3121cf00-a8d0-43d5-b61d-052b8f95ee85 102
Capablanca 287fa830-5ca2-47f0-a4b6-1114e5801a8d 88
Capablanca 3358dd3a-1175-4fa3-893e-89b5a63618d5 180
Capablanca e509abe9-a4fc-4782-8bdf-43044caf5bf9 74
FuzzyBot 6c63b304-bf04-4c9d-8f89-938de65fe0bd 152
FuzzyBot 4aa22bb6-c6f6-42fd-b6d7-818a51f52c2d 219
FuzzyBot 7f9278f0-e094-496e-9678-c21c12f2e08c 195
FuzzyBot 0ce8dc9a-7491-4178-8053-67d82240ce72 224
adashima bd31b3fa-8921-4a0b-b3d9-666060bded2e 114
adashima 2f5963df-5dd4-46fe-acac-805671e734a5 79
adashima 9f8245b5-1851-49a3-a801-577412047baa 154
