baseline day3-r31-p81 nodes 200000 Ne6 12
baseline day3-r31-p81 nodes 1000000 Ne6 16
baseline day3-r31-p81 wall 1500 Ne6 12
baseline day3-r32-p8 nodes 200000 Rae1 7
baseline day3-r32-p8 nodes 1000000 Rae1 10
baseline day3-r32-p8 wall 1500 Rae1 8
baseline day3-r32-p18 nodes 200000 Qh5 8
baseline day3-r32-p18 nodes 1000000 Qg4 11
baseline day3-r32-p18 wall 1500 Qh5 8
baseline day3-r33-p4 nodes 200000 a4 8
baseline day3-r33-p4 nodes 1000000 h6 10
baseline day3-r33-p4 wall 1500 a4 8
baseline day3-r33-p6 nodes 200000 a3 8
baseline day3-r33-p6 nodes 1000000 Be6 10
baseline day3-r33-p6 wall 1500 a3 8
baseline day3-r33-p34 nodes 200000 Bxe4 8
baseline day3-r33-p34 nodes 1000000 Bxe4 11
baseline day3-r33-p34 wall 1500 Bxe4 8
baseline day3-r34-p23 nodes 200000 exf5 9
baseline day3-r34-p23 nodes 1000000 exf5 12
baseline day3-r34-p23 wall 1500 exf5 9
baseline day3-r34-p25 nodes 200000 fxg6 9
baseline day3-r34-p25 nodes 1000000 e7 13
baseline day3-r34-p25 wall 1500 e7 10
baseline 36a3c43d-69fb-4885-958a-94b1b8518966-p12 nodes 200000 Nxe4 10
baseline 36a3c43d-69fb-4885-958a-94b1b8518966-p12 nodes 1000000 Qd1 11
baseline 36a3c43d-69fb-4885-958a-94b1b8518966-p12 wall 1500 Nxe4 10
baseline 36a3c43d-69fb-4885-958a-94b1b8518966-p32 nodes 200000 Qd2 7
baseline 36a3c43d-69fb-4885-958a-94b1b8518966-p32 nodes 1000000 g4 11
baseline 36a3c43d-69fb-4885-958a-94b1b8518966-p32 wall 1500 f4 5
baseline 36a3c43d-69fb-4885-958a-94b1b8518966-p64 nodes 200000 Bf2 8
baseline feaeb422-7d92-47a0-a5fe-f65a2564d15f-p12 nodes 200000 Qf3 9
baseline feaeb422-7d92-47a0-a5fe-f65a2564d15f-p32 nodes 200000 Nf5 9
baseline feaeb422-7d92-47a0-a5fe-f65a2564d15f-p64 nodes 200000 Kf3 11
baseline 69d277c2-15ce-4c99-8339-22ca7c2f9693-p12 nodes 200000 e4 10
baseline 69d277c2-15ce-4c99-8339-22ca7c2f9693-p12 nodes 1000000 f6 12
baseline 69d277c2-15ce-4c99-8339-22ca7c2f9693-p12 wall 1500 e4 10
baseline 69d277c2-15ce-4c99-8339-22ca7c2f9693-p32 nodes 200000 Rb8 9
baseline 69d277c2-15ce-4c99-8339-22ca7c2f9693-p32 nodes 1000000 Rb8 11
baseline 69d277c2-15ce-4c99-8339-22ca7c2f9693-p32 wall 1500 Rb8 9
baseline 69d277c2-15ce-4c99-8339-22ca7c2f9693-p64 nodes 200000 gxh6 9
baseline 6b1357ac-e475-49d6-b29b-d0f88ae33807-p12 nodes 200000 h6 7
baseline 6b1357ac-e475-49d6-b29b-d0f88ae33807-p32 nodes 200000 Qe6 9
baseline 6b1357ac-e475-49d6-b29b-d0f88ae33807-p64 nodes 200000 Rb3 7
baseline f2d38be3-81f7-4491-bf65-a6b683f64363-p12 nodes 200000 Rb6 9
baseline f2d38be3-81f7-4491-bf65-a6b683f64363-p32 nodes 200000 dxc4 9
baseline f2d38be3-81f7-4491-bf65-a6b683f64363-p64 nodes 200000 Nxd4 11
baseline 452de142-52f4-4d7c-a376-4a73b3890825-p12 nodes 200000 Re8 7
baseline 452de142-52f4-4d7c-a376-4a73b3890825-p32 nodes 200000 Rb6 9
baseline 452de142-52f4-4d7c-a376-4a73b3890825-p64 nodes 200000 Qd7 7
baseline 4d1c6a55-334b-4160-8027-4aedb2904b07-p12 nodes 200000 Rxb2 9
baseline 4d1c6a55-334b-4160-8027-4aedb2904b07-p12 nodes 1000000 Rxb2 11
baseline 4d1c6a55-334b-4160-8027-4aedb2904b07-p12 wall 1500 Rxb2 9
baseline 4d1c6a55-334b-4160-8027-4aedb2904b07-p32 nodes 200000 Kh8 9
baseline 4d1c6a55-334b-4160-8027-4aedb2904b07-p32 nodes 1000000 Kh8 11
baseline 4d1c6a55-334b-4160-8027-4aedb2904b07-p32 wall 1500 Kh8 8
baseline 4d1c6a55-334b-4160-8027-4aedb2904b07-p64 nodes 200000 Qb1+ 9
baseline c64cf058-a891-4884-b68a-b2dc32bf8951-p12 nodes 200000 Bxf6 8
baseline c64cf058-a891-4884-b68a-b2dc32bf8951-p32 nodes 200000 Ng6 8
baseline c64cf058-a891-4884-b68a-b2dc32bf8951-p64 nodes 200000 Kb8 10
baseline 3121cf00-a8d0-43d5-b61d-052b8f95ee85-p12 nodes 200000 Ne2+ 10
baseline 3121cf00-a8d0-43d5-b61d-052b8f95ee85-p32 nodes 200000 Qf2 7
baseline 3121cf00-a8d0-43d5-b61d-052b8f95ee85-p64 nodes 200000 Kg4 13
baseline 287fa830-5ca2-47f0-a4b6-1114e5801a8d-p12 nodes 200000 O-O 9
baseline 287fa830-5ca2-47f0-a4b6-1114e5801a8d-p12 nodes 1000000 O-O 11
baseline 287fa830-5ca2-47f0-a4b6-1114e5801a8d-p12 wall 1500 O-O 9
baseline 287fa830-5ca2-47f0-a4b6-1114e5801a8d-p32 nodes 200000 Rh7 7
baseline 287fa830-5ca2-47f0-a4b6-1114e5801a8d-p32 nodes 1000000 Rh7 10
baseline 287fa830-5ca2-47f0-a4b6-1114e5801a8d-p32 wall 1500 Rh7 7
baseline 287fa830-5ca2-47f0-a4b6-1114e5801a8d-p64 nodes 200000 Kd7 19
baseline e509abe9-a4fc-4782-8bdf-43044caf5bf9-p12 nodes 200000 Bd7 8
baseline e509abe9-a4fc-4782-8bdf-43044caf5bf9-p32 nodes 200000 Bxg7 10
baseline e509abe9-a4fc-4782-8bdf-43044caf5bf9-p64 nodes 200000 Rxh2+ 12
baseline 0ce8dc9a-7491-4178-8053-67d82240ce72-p12 nodes 200000 Bc4 9
baseline 0ce8dc9a-7491-4178-8053-67d82240ce72-p12 nodes 1000000 Bc4 12
baseline 0ce8dc9a-7491-4178-8053-67d82240ce72-p12 wall 1500 Bc4 10
baseline 0ce8dc9a-7491-4178-8053-67d82240ce72-p32 nodes 200000 Nc3 10
baseline 0ce8dc9a-7491-4178-8053-67d82240ce72-p32 nodes 1000000 Nc3 14
baseline 0ce8dc9a-7491-4178-8053-67d82240ce72-p32 wall 1500 Nc3 10
baseline 0ce8dc9a-7491-4178-8053-67d82240ce72-p64 nodes 200000 Rc7 10
baseline bd31b3fa-8921-4a0b-b3d9-666060bded2e-p12 nodes 200000 Re8 8
baseline bd31b3fa-8921-4a0b-b3d9-666060bded2e-p12 nodes 1000000 Re8 11
baseline bd31b3fa-8921-4a0b-b3d9-666060bded2e-p12 wall 1500 Re8 8
baseline bd31b3fa-8921-4a0b-b3d9-666060bded2e-p32 nodes 200000 Rbc8 8
baseline bd31b3fa-8921-4a0b-b3d9-666060bded2e-p32 nodes 1000000 Rbc8 12
baseline bd31b3fa-8921-4a0b-b3d9-666060bded2e-p32 wall 1500 Rbc8 8
baseline bd31b3fa-8921-4a0b-b3d9-666060bded2e-p64 nodes 200000 f6 8
baseline 2f5963df-5dd4-46fe-acac-805671e734a5-p12 nodes 200000 dxc5 9
baseline 2f5963df-5dd4-46fe-acac-805671e734a5-p32 nodes 200000 Qxa8 11
baseline 2f5963df-5dd4-46fe-acac-805671e734a5-p64 nodes 200000 Kxh8 9
baseline constructed-0 nodes 200000 Ke3 36
baseline constructed-0 nodes 1000000 Ke3 64
baseline constructed-0 wall 1500 Ke3 39
baseline constructed-1 nodes 200000 Re8# 1
baseline constructed-1 nodes 1000000 Re8# 1
baseline constructed-1 wall 1500 Re8# 1
baseline constructed-2 nodes 200000 Nxd5 10
baseline constructed-2 nodes 1000000 Nxd5 12
baseline constructed-2 wall 1500 Nxd5 10
baseline constructed-3 nodes 200000 c7 11
baseline constructed-3 nodes 1000000 c7 13
baseline constructed-3 wall 1500 c7 11
