futility_off day3-r31-p81 nodes 200000 Bg7 9
futility_off day3-r31-p81 nodes 1000000 Ne6 13
futility_off day3-r31-p81 wall 1500 Bg7 10
futility_off day3-r32-p8 nodes 200000 Rae1 7
futility_off day3-r32-p8 nodes 1000000 Rae1 9
futility_off day3-r32-p8 wall 1500 Rae1 7
futility_off day3-r32-p18 nodes 200000 a4 6
futility_off day3-r32-p18 nodes 1000000 Qg4 9
futility_off day3-r32-p18 wall 1500 a4 6
futility_off day3-r33-p4 nodes 200000 a4 6
futility_off day3-r33-p4 nodes 1000000 a4 9
futility_off day3-r33-p4 wall 1500 a4 7
futility_off day3-r33-p6 nodes 200000 Be6 6
futility_off day3-r33-p6 nodes 1000000 Be6 8
futility_off day3-r33-p6 wall 1500 Be6 7
futility_off day3-r33-p34 nodes 200000 Bxe4 7
futility_off day3-r33-p34 nodes 1000000 Bxe4 9
futility_off day3-r33-p34 wall 1500 Bxe4 7
futility_off day3-r34-p23 nodes 200000 exf5 7
futility_off day3-r34-p23 nodes 1000000 exf5 10
futility_off day3-r34-p23 wall 1500 exf5 7
futility_off day3-r34-p25 nodes 200000 e7 7
futility_off day3-r34-p25 nodes 1000000 e7 10
futility_off day3-r34-p25 wall 1500 e7 8
futility_off 36a3c43d-69fb-4885-958a-94b1b8518966-p12 nodes 200000 Nxe4 7
futility_off 36a3c43d-69fb-4885-958a-94b1b8518966-p12 nodes 1000000 Nxe4 10
futility_off 36a3c43d-69fb-4885-958a-94b1b8518966-p12 wall 1500 Nxe4 8
futility_off 36a3c43d-69fb-4885-958a-94b1b8518966-p32 nodes 200000 g4 6
futility_off 36a3c43d-69fb-4885-958a-94b1b8518966-p32 nodes 1000000 g4 9
futility_off 36a3c43d-69fb-4885-958a-94b1b8518966-p32 wall 1500 g4 7
futility_off 69d277c2-15ce-4c99-8339-22ca7c2f9693-p12 nodes 200000 f6 7
futility_off 69d277c2-15ce-4c99-8339-22ca7c2f9693-p12 nodes 1000000 e4 10
futility_off 69d277c2-15ce-4c99-8339-22ca7c2f9693-p12 wall 1500 e4 8
futility_off 69d277c2-15ce-4c99-8339-22ca7c2f9693-p32 nodes 200000 Rb8 8
futility_off 69d277c2-15ce-4c99-8339-22ca7c2f9693-p32 nodes 1000000 Rb8 11
futility_off 69d277c2-15ce-4c99-8339-22ca7c2f9693-p32 wall 1500 Rb8 8
futility_off 4d1c6a55-334b-4160-8027-4aedb2904b07-p12 nodes 200000 Rxb2 8
futility_off 4d1c6a55-334b-4160-8027-4aedb2904b07-p12 nodes 1000000 Rxb2 10
futility_off 4d1c6a55-334b-4160-8027-4aedb2904b07-p12 wall 1500 Rxb2 8
futility_off 4d1c6a55-334b-4160-8027-4aedb2904b07-p32 nodes 200000 Qe6 7
futility_off 4d1c6a55-334b-4160-8027-4aedb2904b07-p32 nodes 1000000 Qf7 9
futility_off 4d1c6a55-334b-4160-8027-4aedb2904b07-p32 wall 1500 Qe6 7
futility_off 287fa830-5ca2-47f0-a4b6-1114e5801a8d-p12 nodes 200000 O-O 8
futility_off 287fa830-5ca2-47f0-a4b6-1114e5801a8d-p12 nodes 1000000 O-O 10
futility_off 287fa830-5ca2-47f0-a4b6-1114e5801a8d-p12 wall 1500 O-O 8
futility_off 287fa830-5ca2-47f0-a4b6-1114e5801a8d-p32 nodes 200000 Rh5 7
futility_off 287fa830-5ca2-47f0-a4b6-1114e5801a8d-p32 nodes 1000000 Rh6 8
futility_off 287fa830-5ca2-47f0-a4b6-1114e5801a8d-p32 wall 1500 Rh5 7
futility_off 0ce8dc9a-7491-4178-8053-67d82240ce72-p12 nodes 200000 Bc4 7
futility_off 0ce8dc9a-7491-4178-8053-67d82240ce72-p12 nodes 1000000 Bc4 10
futility_off 0ce8dc9a-7491-4178-8053-67d82240ce72-p12 wall 1500 Bc4 8
futility_off 0ce8dc9a-7491-4178-8053-67d82240ce72-p32 nodes 200000 Nc3 8
futility_off 0ce8dc9a-7491-4178-8053-67d82240ce72-p32 nodes 1000000 Nc3 11
futility_off 0ce8dc9a-7491-4178-8053-67d82240ce72-p32 wall 1500 Nc3 9
futility_off bd31b3fa-8921-4a0b-b3d9-666060bded2e-p12 nodes 200000 Qb6 6
futility_off bd31b3fa-8921-4a0b-b3d9-666060bded2e-p12 nodes 1000000 Re8 9
futility_off bd31b3fa-8921-4a0b-b3d9-666060bded2e-p12 wall 1500 Re8 7
futility_off bd31b3fa-8921-4a0b-b3d9-666060bded2e-p32 nodes 200000 Rbd8 7
futility_off bd31b3fa-8921-4a0b-b3d9-666060bded2e-p32 nodes 1000000 Rbc8 9
futility_off bd31b3fa-8921-4a0b-b3d9-666060bded2e-p32 wall 1500 Rbd8 7
futility_off constructed-0 nodes 200000 Ke3 35
futility_off constructed-0 nodes 1000000 Ke3 64
futility_off constructed-0 wall 1500 Ke3 40
futility_off constructed-1 nodes 200000 Re8# 1
futility_off constructed-1 nodes 1000000 Re8# 1
futility_off constructed-1 wall 1500 Re8# 1
futility_off constructed-2 nodes 200000 Nxd5 8
futility_off constructed-2 nodes 1000000 Nxd5 11
futility_off constructed-2 wall 1500 Nxd5 9
futility_off constructed-3 nodes 200000 c7 10
futility_off constructed-3 nodes 1000000 c7 11
futility_off constructed-3 wall 1500 c7 10
