baseline opp-r32-p7 nodes 200000 Be6 7
baseline opp-r32-p7 nodes 1000000 Re8 10
baseline opp-r32-p7 wall 1500 Be6 7
baseline opp-r32-p9 nodes 200000 a4 7
baseline opp-r32-p9 nodes 1000000 b6 11
baseline opp-r32-p9 wall 1500 a4 8
baseline opp-r32-p17 nodes 200000 Qb6 9
baseline opp-r32-p17 nodes 1000000 Qb6 13
baseline opp-r32-p17 wall 1500 Qb6 10
baseline opp-r32-p19 nodes 200000 Qb6 9
baseline opp-r32-p19 nodes 1000000 Qb6 11
baseline opp-r32-p19 wall 1500 Qb6 10
baseline opp-r33-p5 nodes 200000 Bb5 8
baseline opp-r33-p5 nodes 1000000 Bb5 11
baseline opp-r33-p5 wall 1500 Bb5 10
baseline opp-r33-p7 nodes 200000 Bxa4 9
baseline opp-r33-p7 nodes 1000000 Bxa4 12
baseline opp-r33-p7 wall 1500 Bxa4 10
baseline opp-r33-p33 nodes 200000 a6 9
baseline opp-r33-p33 nodes 1000000 a6 12
baseline opp-r33-p33 wall 1500 a6 11
baseline opp-r33-p35 nodes 200000 f3 10
baseline opp-r33-p35 nodes 1000000 f3 11
baseline opp-r33-p35 wall 1500 f3 11
baseline opp-r34-p22 nodes 200000 Re8 9
baseline opp-r34-p22 nodes 1000000 Re8 13
baseline opp-r34-p22 wall 1500 Re8 12
baseline opp-r34-p24 nodes 200000 c6 11
baseline opp-r34-p24 nodes 1000000 c6 14
baseline opp-r34-p24 wall 1500 c6 13
baseline opp-r34-p26 nodes 200000 Qb8 11
baseline opp-r34-p26 nodes 1000000 Qb8 14
baseline opp-r34-p26 wall 1500 Qb8 13
baseline opp-r34-p28 nodes 200000 cxd5 10
baseline opp-r34-p28 nodes 1000000 cxd5 13
baseline opp-r34-p28 wall 1500 cxd5 12
