day3-r32-p18:a2a3
day3-r33-p4:c8d7
day3-r33-p34:b7a8
36a3c43d-69fb-4885-958a-94b1b8518966-p12:c2c1
36a3c43d-69fb-4885-958a-94b1b8518966-p12:e2d1
36a3c43d-69fb-4885-958a-94b1b8518966-p64:e1f1
feaeb422-7d92-47a0-a5fe-f65a2564d15f-p64:d5d6
69d277c2-15ce-4c99-8339-22ca7c2f9693-p32:d7f7
69d277c2-15ce-4c99-8339-22ca7c2f9693-p32:g7g6
6b1357ac-e475-49d6-b29b-d0f88ae33807-p32:e7e5
6b1357ac-e475-49d6-b29b-d0f88ae33807-p64:b2b6
f2d38be3-81f7-4491-bf65-a6b683f64363-p32:f8b8
452de142-52f4-4d7c-a376-4a73b3890825-p12:f8f3
452de142-52f4-4d7c-a376-4a73b3890825-p64:d2f2
c64cf058-a891-4884-b68a-b2dc32bf8951-p12:d7f6
3121cf00-a8d0-43d5-b61d-052b8f95ee85-p32:h7h5
287fa830-5ca2-47f0-a4b6-1114e5801a8d-p12:a7a5
e509abe9-a4fc-4782-8bdf-43044caf5bf9-p12:c5d3
0ce8dc9a-7491-4178-8053-67d82240ce72-p64:c4e4
bd31b3fa-8921-4a0b-b3d9-666060bded2e-p12:c8e6
bd31b3fa-8921-4a0b-b3d9-666060bded2e-p12:c8f5
bd31b3fa-8921-4a0b-b3d9-666060bded2e-p32:e7g6
bd31b3fa-8921-4a0b-b3d9-666060bded2e-p64:f8e8
2f5963df-5dd4-46fe-acac-805671e734a5-p12:b6c5
opp-r32-p7:a7a5
opp-r32-p7:c8e6
opp-r32-p7:f8e8
opp-r32-p9:a5a4
opp-r32-p9:b7b6
opp-r32-p17:d8b6
opp-r32-p17:f6e4
opp-r32-p19:a5a4
opp-r32-p19:d8b6
opp-r33-p5:c4b5
opp-r33-p7:b5a4
opp-r33-p33:a5a6
opp-r33-p33:b4b5
opp-r33-p35:d1e1
opp-r33-p35:f2f3
opp-r34-p22:f8e8
opp-r34-p24:c7c6
opp-r34-p26:d8b8
opp-r34-p28:c6d5
