day3-r31-p81:d8e6
day3-r31-p81:h8g7
day3-r32-p8:a1e1
day3-r32-p8:d2b3
day3-r32-p18:a2a4
day3-r32-p18:f3g4
day3-r32-p18:f3h5
day3-r32-p18:f4e3
day3-r32-p18:g1h2
day3-r33-p4:a5a4
day3-r33-p4:c8e6
day3-r33-p4:h7h6
day3-r33-p6:a4a3
day3-r33-p6:c8d7
day3-r33-p6:c8e6
day3-r33-p34:b7e4
day3-r33-p34:g8h7
day3-r34-p23:c4c5
day3-r34-p23:e4f5
day3-r34-p23:e6e7
day3-r34-p25:e6e7
day3-r34-p25:f5f6
day3-r34-p25:f5g6
36a3c43d-69fb-4885-958a-94b1b8518966-p12:c2d1
36a3c43d-69fb-4885-958a-94b1b8518966-p12:c3e4
36a3c43d-69fb-4885-958a-94b1b8518966-p32:d1d2
36a3c43d-69fb-4885-958a-94b1b8518966-p32:f3f4
36a3c43d-69fb-4885-958a-94b1b8518966-p32:g2g4
36a3c43d-69fb-4885-958a-94b1b8518966-p32:h2h4
36a3c43d-69fb-4885-958a-94b1b8518966-p64:e3f2
feaeb422-7d92-47a0-a5fe-f65a2564d15f-p12:d3f3
feaeb422-7d92-47a0-a5fe-f65a2564d15f-p32:d4f5
feaeb422-7d92-47a0-a5fe-f65a2564d15f-p64:g3f3
69d277c2-15ce-4c99-8339-22ca7c2f9693-p12:e5e4
69d277c2-15ce-4c99-8339-22ca7c2f9693-p12:f7f6
69d277c2-15ce-4c99-8339-22ca7c2f9693-p32:e8b8
69d277c2-15ce-4c99-8339-22ca7c2f9693-p64:g7h6
6b1357ac-e475-49d6-b29b-d0f88ae33807-p12:h7h6
6b1357ac-e475-49d6-b29b-d0f88ae33807-p32:e7e6
6b1357ac-e475-49d6-b29b-d0f88ae33807-p64:b2b3
f2d38be3-81f7-4491-bf65-a6b683f64363-p12:b8b6
f2d38be3-81f7-4491-bf65-a6b683f64363-p32:d5c4
f2d38be3-81f7-4491-bf65-a6b683f64363-p64:b5d4
452de142-52f4-4d7c-a376-4a73b3890825-p12:f8e8
452de142-52f4-4d7c-a376-4a73b3890825-p32:b8b6
452de142-52f4-4d7c-a376-4a73b3890825-p64:d8d7
4d1c6a55-334b-4160-8027-4aedb2904b07-p12:b8b2
4d1c6a55-334b-4160-8027-4aedb2904b07-p32:d7e6
4d1c6a55-334b-4160-8027-4aedb2904b07-p32:d7f7
4d1c6a55-334b-4160-8027-4aedb2904b07-p32:g8h8
4d1c6a55-334b-4160-8027-4aedb2904b07-p64:e4b1
c64cf058-a891-4884-b68a-b2dc32bf8951-p12:e7f6
c64cf058-a891-4884-b68a-b2dc32bf8951-p32:f4g6
c64cf058-a891-4884-b68a-b2dc32bf8951-p64:c8b8
3121cf00-a8d0-43d5-b61d-052b8f95ee85-p12:c3e2
3121cf00-a8d0-43d5-b61d-052b8f95ee85-p32:b6f2
3121cf00-a8d0-43d5-b61d-052b8f95ee85-p64:f5g4
287fa830-5ca2-47f0-a4b6-1114e5801a8d-p12:e8g8
287fa830-5ca2-47f0-a4b6-1114e5801a8d-p32:h4h5
287fa830-5ca2-47f0-a4b6-1114e5801a8d-p32:h4h6
287fa830-5ca2-47f0-a4b6-1114e5801a8d-p32:h4h7
287fa830-5ca2-47f0-a4b6-1114e5801a8d-p64:e8d7
e509abe9-a4fc-4782-8bdf-43044caf5bf9-p12:c8d7
e509abe9-a4fc-4782-8bdf-43044caf5bf9-p32:f8g7
e509abe9-a4fc-4782-8bdf-43044caf5bf9-p64:f2h2
0ce8dc9a-7491-4178-8053-67d82240ce72-p12:d1c2
0ce8dc9a-7491-4178-8053-67d82240ce72-p12:e2c4
0ce8dc9a-7491-4178-8053-67d82240ce72-p32:a1d1
0ce8dc9a-7491-4178-8053-67d82240ce72-p32:e2c3
0ce8dc9a-7491-4178-8053-67d82240ce72-p64:c4c7
bd31b3fa-8921-4a0b-b3d9-666060bded2e-p12:d8b6
bd31b3fa-8921-4a0b-b3d9-666060bded2e-p12:f8e8
bd31b3fa-8921-4a0b-b3d9-666060bded2e-p32:b8c8
bd31b3fa-8921-4a0b-b3d9-666060bded2e-p32:b8d8
bd31b3fa-8921-4a0b-b3d9-666060bded2e-p64:f7f6
2f5963df-5dd4-46fe-acac-805671e734a5-p12:d6c5
2f5963df-5dd4-46fe-acac-805671e734a5-p32:b8a8
2f5963df-5dd4-46fe-acac-805671e734a5-p64:g7h8
constructed-0:d3e3
constructed-1:e1e8
constructed-2:c3d5
constructed-3:c6c7
