see_off day3-r31-p81 nodes 200000 Ne6 11
see_off day3-r31-p81 nodes 1000000 Ne6 16
see_off day3-r31-p81 wall 1500 Ne6 11
see_off day3-r32-p8 nodes 200000 Rae1 7
see_off day3-r32-p8 nodes 1000000 Rae1 10
see_off day3-r32-p8 wall 1500 Rae1 7
see_off day3-r32-p18 nodes 200000 Qh5 8
see_off day3-r32-p18 nodes 1000000 Qg4 11
see_off day3-r32-p18 wall 1500 Qh5 8
see_off day3-r33-p4 nodes 200000 a4 7
see_off day3-r33-p4 nodes 1000000 a4 9
see_off day3-r33-p4 wall 1500 a4 7
see_off day3-r33-p6 nodes 200000 Be6 7
see_off day3-r33-p6 nodes 1000000 a3 9
see_off day3-r33-p6 wall 1500 Be6 7
see_off day3-r33-p34 nodes 200000 Bxe4 7
see_off day3-r33-p34 nodes 1000000 Bxe4 11
see_off day3-r33-p34 wall 1500 Bxe4 7
see_off day3-r34-p23 nodes 200000 exf5 9
see_off day3-r34-p23 nodes 1000000 exf5 12
see_off day3-r34-p23 wall 1500 exf5 9
see_off day3-r34-p25 nodes 200000 fxg6 9
see_off day3-r34-p25 nodes 1000000 e7 12
see_off day3-r34-p25 wall 1500 e7 10
see_off 36a3c43d-69fb-4885-958a-94b1b8518966-p12 nodes 200000 Nxe4 8
see_off 36a3c43d-69fb-4885-958a-94b1b8518966-p12 nodes 1000000 Nxe4 11
see_off 36a3c43d-69fb-4885-958a-94b1b8518966-p12 wall 1500 Nxe4 8
see_off 36a3c43d-69fb-4885-958a-94b1b8518966-p32 nodes 200000 Qd2 7
see_off 36a3c43d-69fb-4885-958a-94b1b8518966-p32 nodes 1000000 h4 10
see_off 36a3c43d-69fb-4885-958a-94b1b8518966-p32 wall 1500 Qd2 7
see_off 69d277c2-15ce-4c99-8339-22ca7c2f9693-p12 nodes 200000 e4 9
see_off 69d277c2-15ce-4c99-8339-22ca7c2f9693-p12 nodes 1000000 e4 11
see_off 69d277c2-15ce-4c99-8339-22ca7c2f9693-p12 wall 1500 e4 8
see_off 69d277c2-15ce-4c99-8339-22ca7c2f9693-p32 nodes 200000 Rb8 8
see_off 69d277c2-15ce-4c99-8339-22ca7c2f9693-p32 nodes 1000000 Rb8 11
see_off 69d277c2-15ce-4c99-8339-22ca7c2f9693-p32 wall 1500 Rb8 9
see_off 4d1c6a55-334b-4160-8027-4aedb2904b07-p12 nodes 200000 Rxb2 8
see_off 4d1c6a55-334b-4160-8027-4aedb2904b07-p12 nodes 1000000 Rxb2 11
see_off 4d1c6a55-334b-4160-8027-4aedb2904b07-p12 wall 1500 Rxb2 9
see_off 4d1c6a55-334b-4160-8027-4aedb2904b07-p32 nodes 200000 Qe6 7
see_off 4d1c6a55-334b-4160-8027-4aedb2904b07-p32 nodes 1000000 Qf7 11
see_off 4d1c6a55-334b-4160-8027-4aedb2904b07-p32 wall 1500 Qf7 8
see_off 287fa830-5ca2-47f0-a4b6-1114e5801a8d-p12 nodes 200000 O-O 8
see_off 287fa830-5ca2-47f0-a4b6-1114e5801a8d-p12 nodes 1000000 O-O 11
see_off 287fa830-5ca2-47f0-a4b6-1114e5801a8d-p12 wall 1500 O-O 9
see_off 287fa830-5ca2-47f0-a4b6-1114e5801a8d-p32 nodes 200000 Rh5 7
see_off 287fa830-5ca2-47f0-a4b6-1114e5801a8d-p32 nodes 1000000 Rh5 10
see_off 287fa830-5ca2-47f0-a4b6-1114e5801a8d-p32 wall 1500 Rh5 7
see_off 0ce8dc9a-7491-4178-8053-67d82240ce72-p12 nodes 200000 Bc4 8
see_off 0ce8dc9a-7491-4178-8053-67d82240ce72-p12 nodes 1000000 Qc2 11
see_off 0ce8dc9a-7491-4178-8053-67d82240ce72-p12 wall 1500 Bc4 8
see_off 0ce8dc9a-7491-4178-8053-67d82240ce72-p32 nodes 200000 Nc3 9
see_off 0ce8dc9a-7491-4178-8053-67d82240ce72-p32 nodes 1000000 Nc3 13
see_off 0ce8dc9a-7491-4178-8053-67d82240ce72-p32 wall 1500 Nc3 10
see_off bd31b3fa-8921-4a0b-b3d9-666060bded2e-p12 nodes 200000 Re8 7
see_off bd31b3fa-8921-4a0b-b3d9-666060bded2e-p12 nodes 1000000 Re8 9
see_off bd31b3fa-8921-4a0b-b3d9-666060bded2e-p12 wall 1500 Re8 7
see_off bd31b3fa-8921-4a0b-b3d9-666060bded2e-p32 nodes 200000 Rbd8 7
see_off bd31b3fa-8921-4a0b-b3d9-666060bded2e-p32 nodes 1000000 Rbc8 10
see_off bd31b3fa-8921-4a0b-b3d9-666060bded2e-p32 wall 1500 Rbd8 7
see_off constructed-0 nodes 200000 Ke3 36
see_off constructed-0 nodes 1000000 Ke3 64
see_off constructed-0 wall 1500 Ke3 39
see_off constructed-1 nodes 200000 Re8# 1
see_off constructed-1 nodes 1000000 Re8# 1
see_off constructed-1 wall 1500 Re8# 1
see_off constructed-2 nodes 200000 Nxd5 10
see_off constructed-2 nodes 1000000 Nxd5 12
see_off constructed-2 wall 1500 Nxd5 10
see_off constructed-3 nodes 200000 c7 11
see_off constructed-3 nodes 1000000 c7 13
see_off constructed-3 wall 1500 c7 11
