epoch 1 127.809
epoch 2 128.178
epoch 3 128.649
epoch 4 129.344
epoch 1 220.099
epoch 2 216.952
epoch 3 216.039
epoch 4 215.983
epoch 5 215.915
epoch 6 215.487
epoch 7 215.297
epoch 8 215.801
epoch 9 216.404
epoch 10 216.874
epoch 11 217.408
epoch 12 217.98
epoch 13 218.355
epoch 14 219.055
epoch 15 219.388
epoch 16 219.919
epoch 17 220.43
epoch 18 220.886
epoch 19 221.231
epoch 20 221.723
epoch 21 222.502
epoch 22 222.847
epoch 23 223.718
epoch 24 223.982
epoch 25 224.429
epoch 26 225.362
epoch 27 226.001
epoch 28 226.492
epoch 29 227.071
epoch 30 227.666
epoch 31 228.611
epoch 32 229.36
epoch 33 229.716
epoch 34 230.239
epoch 35 230.98
epoch 36 231.425
epoch 37 232.363
epoch 38 233.146
epoch 39 233.335
epoch 40 233.75
epoch 41 234.263
epoch 42 234.725
epoch 43 235.326
epoch 44 235.932
epoch 45 236.257
