epoch 1 127.881
epoch 2 128.457
epoch 3 128.712
epoch 4 129.249
epoch 1 219.448
epoch 2 217.484
epoch 3 216.598
epoch 4 216.384
epoch 5 216.704
epoch 6 217.649
epoch 7 217.852
epoch 8 218.402
epoch 9 219.126
epoch 10 219.475
epoch 11 219.94
epoch 12 221.205
epoch 13 221.848
epoch 14 222.539
epoch 15 223.662
epoch 16 224.922
epoch 17 225.128
epoch 18 225.912
epoch 19 227.226
epoch 20 227.744
epoch 21 228.557
epoch 22 229.424
epoch 23 230.367
epoch 24 231.007
epoch 25 231.397
epoch 26 232.375
epoch 27 233.267
epoch 28 233.71
epoch 29 234.672
epoch 30 234.758
epoch 31 235.638
epoch 32 236.256
epoch 33 236.947
epoch 34 237.254
epoch 35 237.961
epoch 36 238.289
epoch 37 238.813
epoch 38 239.297
epoch 39 240.274
epoch 40 239.971
epoch 41 240.541
epoch 42 241.361
epoch 43 241.734
epoch 44 242.083
epoch 45 242.899
