epoch 1 127.963
epoch 2 128.489
epoch 3 128.529
epoch 4 128.766
epoch 1 222.48
epoch 2 217.378
epoch 3 215.744
epoch 4 215.154
epoch 5 215.099
epoch 6 215.046
epoch 7 214.865
epoch 8 215.191
epoch 9 215.39
epoch 10 215.486
epoch 11 215.713
epoch 12 215.956
epoch 13 216.006
epoch 14 216.363
epoch 15 216.486
epoch 16 216.613
epoch 17 217.032
epoch 18 217.169
epoch 19 217.34
epoch 20 217.273
epoch 21 217.516
epoch 22 217.85
epoch 23 218.063
epoch 24 218.025
epoch 25 218.475
epoch 26 219.048
epoch 27 219.126
epoch 28 219.588
epoch 29 219.781
epoch 30 220.093
epoch 31 220.823
epoch 32 221.086
epoch 33 221.539
epoch 34 221.901
epoch 35 222.165
epoch 36 222.843
epoch 37 223.279
epoch 38 223.578
epoch 39 224.362
epoch 40 224.243
epoch 41 224.492
epoch 42 225.233
epoch 43 225.421
epoch 44 226.166
epoch 45 226.125
