epoch 1 127.801
epoch 2 128.305
epoch 3 128.645
epoch 4 128.818
epoch 1 221.526
epoch 2 217.671
epoch 3 216.184
epoch 4 216.294
epoch 5 215.582
epoch 6 215.432
epoch 7 215.017
epoch 8 215.3
epoch 9 215.49
epoch 10 215.301
epoch 11 215.512
epoch 12 216.099
epoch 13 216.198
epoch 14 216.272
epoch 15 216.563
epoch 16 217.064
epoch 17 217.162
epoch 18 217.297
epoch 19 217.684
epoch 20 217.869
epoch 21 218.147
epoch 22 218.146
epoch 23 218.881
epoch 24 219.354
epoch 25 219.102
epoch 26 219.718
epoch 27 219.966
epoch 28 220.14
epoch 29 221.209
epoch 30 221.162
epoch 31 221.628
epoch 32 222.286
epoch 33 222.671
epoch 34 223.038
epoch 35 223.891
epoch 36 224.161
epoch 37 224.543
epoch 38 225.541
epoch 39 225.916
epoch 40 226.414
epoch 41 226.234
epoch 42 227.146
epoch 43 227.462
epoch 44 228.196
epoch 45 228.798
