epoch 1 128.254
epoch 2 127.942
epoch 3 128.111
epoch 4 128.0
epoch 1 219.887
epoch 2 215.288
epoch 3 214.886
epoch 4 214.71
epoch 5 214.941
epoch 6 215.115
epoch 7 215.064
epoch 8 216.256
epoch 9 216.856
epoch 10 216.944
epoch 11 218.572
epoch 12 219.182
epoch 13 219.379
epoch 14 220.648
epoch 15 221.217
epoch 16 222.645
epoch 17 222.967
epoch 18 224.222
epoch 19 224.155
epoch 20 225.167
epoch 21 226.142
epoch 22 226.563
epoch 23 227.748
epoch 24 228.19
epoch 25 229.391
epoch 26 230.759
epoch 27 231.913
epoch 28 232.518
epoch 29 233.458
epoch 30 233.864
epoch 31 235.052
epoch 32 236.673
epoch 33 237.037
epoch 34 237.997
epoch 35 238.436
epoch 36 239.448
epoch 37 240.068
epoch 38 240.635
epoch 39 241.44
epoch 40 241.816
epoch 41 242.814
epoch 42 243.348
epoch 43 243.906
epoch 44 244.966
epoch 45 244.949
