epoch 1 128.838
epoch 2 128.307
epoch 3 128.154
epoch 4 127.68
epoch 1 218.828
epoch 2 216.588
epoch 3 214.885
epoch 4 215.143
epoch 5 214.992
epoch 6 215.384
epoch 7 216.227
epoch 8 216.906
epoch 9 217.782
epoch 10 217.557
epoch 11 218.174
epoch 12 220.45
epoch 13 220.055
epoch 14 221.385
epoch 15 221.59
epoch 16 223.16
epoch 17 223.328
epoch 18 224.237
epoch 19 225.06
epoch 20 226.165
epoch 21 226.578
epoch 22 227.995
epoch 23 228.708
epoch 24 230.028
epoch 25 230.122
epoch 26 231.146
epoch 27 232.087
epoch 28 232.811
epoch 29 234.729
epoch 30 234.568
epoch 31 235.813
epoch 32 236.594
epoch 33 237.109
epoch 34 238.389
epoch 35 239.574
epoch 36 239.565
epoch 37 240.626
epoch 38 241.831
epoch 39 242.475
epoch 40 243.496
epoch 41 243.757
epoch 42 244.882
epoch 43 246.584
epoch 44 246.257
epoch 45 247.885
